Archive member included to satisfy reference by file (symbol)

.pio\build\uno_r4_wifi\libc82\libezButton.a(ezButton.cpp.o)
                              .pio\build\uno_r4_wifi\src\main.cpp.o (ezButton::ezButton(int))
.pio\build\uno_r4_wifi\lib5c2\libWiFiS3.a(WiFi.cpp.o)
                              .pio\build\uno_r4_wifi\src\main.cpp.o (CWifi::status())
.pio\build\uno_r4_wifi\lib5c2\libWiFiS3.a(Modem.cpp.o)
                              .pio\build\uno_r4_wifi\lib5c2\libWiFiS3.a(WiFi.cpp.o) (ModemClass::write(std::__cxx11::basic_string<char, std::char_traits<char>, std::allocator<char> > const&, std::__cxx11::basic_string<char, std::char_traits<char>, std::allocator<char> >&, char const*, ...))
.pio\build\uno_r4_wifi\lib5c2\libWiFiS3.a(StringHelpers.cpp.o)
                              .pio\build\uno_r4_wifi\lib5c2\libWiFiS3.a(Modem.cpp.o) (trim(std::__cxx11::basic_string<char, std::char_traits<char>, std::allocator<char> >&))
.pio\build\uno_r4_wifi\lib948\libarduinoWebSockets-2.6.1.a(SocketIOclient.cpp.o)
                              .pio\build\uno_r4_wifi\src\main.cpp.o (SocketIOclient::~SocketIOclient())
.pio\build\uno_r4_wifi\lib948\libarduinoWebSockets-2.6.1.a(WebSockets.cpp.o)
                              .pio\build\uno_r4_wifi\lib948\libarduinoWebSockets-2.6.1.a(SocketIOclient.cpp.o) (WebSockets::write(WSclient_t*, unsigned char*, unsigned int))
.pio\build\uno_r4_wifi\lib948\libarduinoWebSockets-2.6.1.a(WebSocketsClient.cpp.o)
                              .pio\build\uno_r4_wifi\lib948\libarduinoWebSockets-2.6.1.a(SocketIOclient.cpp.o) (WebSocketsClient::messageReceived(WSclient_t*, WSopcode_t, unsigned char*, unsigned int, bool))
.pio\build\uno_r4_wifi\lib948\libarduinoWebSockets-2.6.1.a(cencode.c.o)
                              .pio\build\uno_r4_wifi\lib948\libarduinoWebSockets-2.6.1.a(WebSockets.cpp.o) (base64_init_encodestate)
.pio\build\uno_r4_wifi\lib948\libarduinoWebSockets-2.6.1.a(libsha1.c.o)
                              .pio\build\uno_r4_wifi\lib948\libarduinoWebSockets-2.6.1.a(WebSockets.cpp.o) (SHA1Init)
.pio\build\uno_r4_wifi\libFrameworkArduinoVariant.a(main.c.o)
                              c:/users/nick/.platformio/packages/toolchain-gccarmnoneeabi/bin/../lib/gcc/arm-none-eabi/7.2.1/../../../../arm-none-eabi/lib/thumb/v7e-m/fpv4-sp/hard/crt0.o (main)
.pio\build\uno_r4_wifi\libFrameworkArduino.a(Serial.cpp.o)
                              .pio\build\uno_r4_wifi\src\main.cpp.o (UART::operator bool())
.pio\build\uno_r4_wifi\libFrameworkArduino.a(SerialObj1.cpp.o)
                              .pio\build\uno_r4_wifi\src\main.cpp.o (_UART1_)
.pio\build\uno_r4_wifi\libFrameworkArduino.a(SerialObj3.cpp.o)
                              .pio\build\uno_r4_wifi\lib5c2\libWiFiS3.a(Modem.cpp.o) (_UART3_)
.pio\build\uno_r4_wifi\libFrameworkArduino.a(WMath.cpp.o)
                              .pio\build\uno_r4_wifi\lib948\libarduinoWebSockets-2.6.1.a(WebSocketsClient.cpp.o) (randomSeed(unsigned long))
.pio\build\uno_r4_wifi\libFrameworkArduino.a(analog.cpp.o)
                              .pio\build\uno_r4_wifi\src\main.cpp.o (analogRead)
.pio\build\uno_r4_wifi\libFrameworkArduino.a(Common.cpp.o)
                              .pio\build\uno_r4_wifi\src\main.cpp.o (map(long, long, long, long, long))
.pio\build\uno_r4_wifi\libFrameworkArduino.a(IPAddress.cpp.o)
                              .pio\build\uno_r4_wifi\lib5c2\libWiFiS3.a(WiFi.cpp.o) (arduino::IPAddress::IPAddress())
.pio\build\uno_r4_wifi\libFrameworkArduino.a(Print.cpp.o)
                              .pio\build\uno_r4_wifi\libFrameworkArduino.a(Serial.cpp.o) (arduino::Print::write(unsigned char const*, unsigned int))
.pio\build\uno_r4_wifi\libFrameworkArduino.a(Stream.cpp.o)
                              .pio\build\uno_r4_wifi\lib948\libarduinoWebSockets-2.6.1.a(WebSocketsClient.cpp.o) (arduino::Stream::setTimeout(unsigned long))
.pio\build\uno_r4_wifi\libFrameworkArduino.a(String.cpp.o)
                              .pio\build\uno_r4_wifi\lib948\libarduinoWebSockets-2.6.1.a(WebSockets.cpp.o) (arduino::String::String(arduino::String&&))
.pio\build\uno_r4_wifi\libFrameworkArduino.a(dac.cpp.o)
                              .pio\build\uno_r4_wifi\libFrameworkArduino.a(analog.cpp.o) (CDac::analogWrite(int))
.pio\build\uno_r4_wifi\libFrameworkArduino.a(digital.cpp.o)
                              .pio\build\uno_r4_wifi\libc82\libezButton.a(ezButton.cpp.o) (pinMode)
.pio\build\uno_r4_wifi\libFrameworkArduino.a(itoa.c.o)
                              .pio\build\uno_r4_wifi\libFrameworkArduino.a(String.cpp.o) (dtostrf)
.pio\build\uno_r4_wifi\libFrameworkArduino.a(main.cpp.o)
                              .pio\build\uno_r4_wifi\libFrameworkArduinoVariant.a(main.c.o) (hal_entry)
.pio\build\uno_r4_wifi\libFrameworkArduino.a(pinDefinitions.cpp.o)
                              .pio\build\uno_r4_wifi\libFrameworkArduino.a(analog.cpp.o) (pinPeripheral(e_bsp_io_port_pin_t, unsigned long))
.pio\build\uno_r4_wifi\libFrameworkArduino.a(pwm.cpp.o)
[...]
Memory Configuration

Name             Origin             Length             Attributes
FLASH            0x00004000         0x0003c000         xr
RAM              0x20000000         0x00008000         xrw
DATA_FLASH       0x40100000         0x00002000         xr
OPTION_SETTING   0x00000000         0x00000000         r
OPTION_SETTING_S 0x00000000         0x00000000         r
ID_CODE          0x01010018         0x00000020         xr
*default*        0x00000000         0xffffffff

Linker script and memory map

LOAD c:/users/nick/.platformio/packages/toolchain-gccarmnoneeabi/bin/../lib/gcc/arm-none-eabi/7.2.1/thumb/v7e-m/fpv4-sp/hard/crti.o
LOAD c:/users/nick/.platformio/packages/toolchain-gccarmnoneeabi/bin/../lib/gcc/arm-none-eabi/7.2.1/thumb/v7e-m/fpv4-sp/hard/crtbegin.o
LOAD c:/users/nick/.platformio/packages/toolchain-gccarmnoneeabi/bin/../lib/gcc/arm-none-eabi/7.2.1/../../../../arm-none-eabi/lib/thumb/v7e-m/fpv4-sp/hard/crt0.o
LOAD .pio\build\uno_r4_wifi\src\main.cpp.o
START GROUP
LOAD .pio\build\uno_r4_wifi\libc82\libezButton.a
LOAD .pio\build\uno_r4_wifi\lib5c2\libWiFiS3.a
LOAD .pio\build\uno_r4_wifi\lib0f4\libSPI.a
LOAD .pio\build\uno_r4_wifi\lib948\libarduinoWebSockets-2.6.1.a
LOAD .pio\build\uno_r4_wifi\libFrameworkArduinoVariant.a
LOAD .pio\build\uno_r4_wifi\libFrameworkArduino.a
LOAD C:\Users\Nick\.platformio\packages\framework-arduinorenesas-uno\variants\UNOWIFIR4\libs\libfsp.a
LOAD c:/users/nick/.platformio/packages/toolchain-gccarmnoneeabi/bin/../lib/gcc/arm-none-eabi/7.2.1/../../../../arm-none-eabi/lib/thumb/v7e-m/fpv4-sp/hard\libstdc++_nano.a
LOAD c:/users/nick/.platformio/packages/toolchain-gccarmnoneeabi/bin/../lib/gcc/arm-none-eabi/7.2.1/../../../../arm-none-eabi/lib/thumb/v7e-m/fpv4-sp/hard\libsupc++_nano.a
LOAD c:/users/nick/.platformio/packages/toolchain-gccarmnoneeabi/bin/../lib/gcc/arm-none-eabi/7.2.1/thumb/v7e-m/fpv4-sp/hard\libgcc.a
LOAD c:/users/nick/.platformio/packages/toolchain-gccarmnoneeabi/bin/../lib/gcc/arm-none-eabi/7.2.1/../../../../arm-none-eabi/lib/thumb/v7e-m/fpv4-sp/hard\libnosys.a
END GROUP
LOAD c:/users/nick/.platformio/packages/toolchain-gccarmnoneeabi/bin/../lib/gcc/arm-none-eabi/7.2.1/../../../../arm-none-eabi/lib/thumb/v7e-m/fpv4-sp/hard\libstdc++_nano.a
LOAD c:/users/nick/.platformio/packages/toolchain-gccarmnoneeabi/bin/../lib/gcc/arm-none-eabi/7.2.1/../../../../arm-none-eabi/lib/thumb/v7e-m/fpv4-sp/hard\libm.a
LOAD c:/users/nick/.platformio/packages/toolchain-gccarmnoneeabi/bin/../lib/gcc/arm-none-eabi/7.2.1/../../../../arm-none-eabi/lib/thumb/v7e-m/fpv4-sp/hard\libc_nano.a
START GROUP
LOAD c:/users/nick/.platformio/packages/toolchain-gccarmnoneeabi/bin/../lib/gcc/arm-none-eabi/7.2.1/thumb/v7e-m/fpv4-sp/hard\libgcc.a
LOAD c:/users/nick/.platformio/packages/toolchain-gccarmnoneeabi/bin/../lib/gcc/arm-none-eabi/7.2.1/../../../../arm-none-eabi/lib/thumb/v7e-m/fpv4-sp/hard\libc_nano.a
END GROUP
START GROUP
LOAD c:/users/nick/.platformio/packages/toolchain-gccarmnoneeabi/bin/../lib/gcc/arm-none-eabi/7.2.1/thumb/v7e-m/fpv4-sp/hard\libgcc.a
LOAD c:/users/nick/.platformio/packages/toolchain-gccarmnoneeabi/bin/../lib/gcc/arm-none-eabi/7.2.1/../../../../arm-none-eabi/lib/thumb/v7e-m/fpv4-sp/hard\libc_nano.a
LOAD c:/users/nick/.platformio/packages/toolchain-gccarmnoneeabi/bin/../lib/gcc/arm-none-eabi/7.2.1/../../../../arm-none-eabi/lib/thumb/v7e-m/fpv4-sp/hard\libnosys.a
END GROUP
START GROUP
LOAD c:/users/nick/.platformio/packages/toolchain-gccarmnoneeabi/bin/../lib/gcc/arm-none-eabi/7.2.1/thumb/v7e-m/fpv4-sp/hard\libgcc.a
LOAD c:/users/nick/.platformio/packages/toolchain-gccarmnoneeabi/bin/../lib/gcc/arm-none-eabi/7.2.1/../../../../arm-none-eabi/lib/thumb/v7e-m/fpv4-sp/hard\libc_nano.a
LOAD c:/users/nick/.platformio/packages/toolchain-gccarmnoneeabi/bin/../lib/gcc/arm-none-eabi/7.2.1/../../../../arm-none-eabi/lib/thumb/v7e-m/fpv4-sp/hard\libnosys.a
END GROUP
LOAD c:/users/nick/.platformio/packages/toolchain-gccarmnoneeabi/bin/../lib/gcc/arm-none-eabi/7.2.1/thumb/v7e-m/fpv4-sp/hard/crtend.o
LOAD c:/users/nick/.platformio/packages/toolchain-gccarmnoneeabi/bin/../lib/gcc/arm-none-eabi/7.2.1/thumb/v7e-m/fpv4-sp/hard/crtn.o
                0x20000000                RAM_START = 0x20000000
                0x00008000                RAM_LENGTH = 0x8000
                0x00000000                FLASH_START = 0x0
                0x00040000                FLASH_LENGTH = 0x40000
                0x40100000                DATA_FLASH_START = 0x40100000
                0x00002000                DATA_FLASH_LENGTH = 0x2000
                0x00000000                OPTION_SETTING_START = 0x0
                0x00000000                OPTION_SETTING_LENGTH = 0x0
                0x00000000                OPTION_SETTING_S_START = 0x0
                0x00000000                OPTION_SETTING_S_LENGTH = 0x0
                0x01010018                ID_CODE_START = 0x1010018
                0x00000020                ID_CODE_LENGTH = 0x20
                0x90000000                SDRAM_START = 0x90000000
                0x00000000                SDRAM_LENGTH = 0x0
                0x60000000                QSPI_FLASH_START = 0x60000000
                0x00000000                QSPI_FLASH_LENGTH = 0x0
                0x68000000                OSPI_DEVICE_0_START = 0x68000000
                0x00000000                OSPI_DEVICE_0_LENGTH = 0x0
                0x70000000                OSPI_DEVICE_1_START = 0x70000000
                0x00000000                OSPI_DEVICE_1_LENGTH = 0x0
                0x00004000                FLASH_IMAGE_START = 0x4000
                0x00000100                VECTOR_TABLE_LENGTH = 0x100
                0x00000400                BSP_CFG_STACK_MAIN_BYTES = 0x400
START GROUP
LOAD c:/users/nick/.platformio/packages/toolchain-gccarmnoneeabi/bin/../lib/gcc/arm-none-eabi/7.2.1/thumb/v7e-m/fpv4-sp/hard\libgcc.a
LOAD c:/users/nick/.platformio/packages/toolchain-gccarmnoneeabi/bin/../lib/gcc/arm-none-eabi/7.2.1/../../../../arm-none-eabi/lib/thumb/v7e-m/fpv4-sp/hard\libc.a
LOAD c:/users/nick/.platformio/packages/toolchain-gccarmnoneeabi/bin/../lib/gcc/arm-none-eabi/7.2.1/../../../../arm-none-eabi/lib/thumb/v7e-m/fpv4-sp/hard\libm.a
LOAD c:/users/nick/.platformio/packages/toolchain-gccarmnoneeabi/bin/../lib/gcc/arm-none-eabi/7.2.1/../../../../arm-none-eabi/lib/thumb/v7e-m/fpv4-sp/hard\libnosys.a
END GROUP

.text           0x00004000    0x11e34
                0x00000000                __tz_FLASH_S = ABSOLUTE (FLASH_START)
                0x00004000                __ROM_Start = .
 *(.sketch_boot)
                0x00004000                . = ALIGN (0x800)
 *(.fixed_vectors*)
 .fixed_vectors
                0x00004000       0x40 C:\Users\Nick\.platformio\packages\framework-arduinorenesas-uno\variants\UNOWIFIR4\libs\libfsp.a(startup.o)
                0x00004000                __Vectors
 *(.application_vectors*)
 .application_vectors
                0x00004040       0x80 .pio\build\uno_r4_wifi\libFrameworkArduino.a(vector_table.c.o)
                0x00004040                g_vector_table
                0x000040c0                __Vectors_End = .
 *(.text*)
 .text          0x000040c0       0x40 c:/users/nick/.platformio/packages/toolchain-gccarmnoneeabi/bin/../lib/gcc/arm-none-eabi/7.2.1/thumb/v7e-m/fpv4-sp/hard/crtbegin.o
 .text._ZNSt17_Function_handlerIFv21socketIOmessageType_tPhjEPS2_E9_M_invokeERKSt9_Any_dataOS0_OS1_Oj
                0x00004100       0x14 .pio\build\uno_r4_wifi\src\main.cpp.o
                0x00004100                std::_Function_handler<void (socketIOmessageType_t, unsigned char*, unsigned int), void (*)(socketIOmessageType_t, unsigned char*, unsigned int)>::_M_invoke(std::_Any_data const&, socketIOmessageType_t&&, unsigned char*&&, unsigned int&&)
 .text._ZNSt14_Function_base13_Base_managerIPFv21socketIOmessageType_tPhjEE10_M_managerERSt9_Any_dataRKS6_St18_Manager_operation
                0x00004114       0x16 .pio\build\uno_r4_wifi\src\main.cpp.o
                0x00004114                std::_Function_base::_Base_manager<void (*)(socketIOmessageType_t, unsigned char*, unsigned int)>::_M_manager(std::_Any_data&, std::_Any_data const&, std::_Manager_operation)
 .text._ZN11ArduinoJson8V721PB226detail16DefaultAllocator10reallocateEPvj
                0x0000412a        0x8 .pio\build\uno_r4_wifi\src\main.cpp.o
                0x0000412a                ArduinoJson::V721PB22::detail::DefaultAllocator::reallocate(void*, unsigned int)
 .text._ZN11ArduinoJson8V721PB226detail16DefaultAllocator10deallocateEPv
                0x00004132        0x6 .pio\build\uno_r4_wifi\src\main.cpp.o
                0x00004132                ArduinoJson::V721PB22::detail::DefaultAllocator::deallocate(void*)
 .text._ZN11ArduinoJson8V721PB226detail16DefaultAllocator8allocateEj
                0x00004138        0x6 .pio\build\uno_r4_wifi\src\main.cpp.o
                0x00004138                ArduinoJson::V721PB22::detail::DefaultAllocator::allocate(unsigned int)
 *fill*         0x0000413e        0x2 ff
 .text._Z13socketIOEvent21socketIOmessageType_tPhj
                0x00004140       0x48 .pio\build\uno_r4_wifi\src\main.cpp.o
                0x00004140                socketIOEvent(socketIOmessageType_t, unsigned char*, unsigned int)
 .text._ZNK11ArduinoJson8V721PB226detail14MemoryPoolListINS1_15ResourceManager8SlotDataEE7getSlotEt.isra.39
                0x00004188       0x20 .pio\build\uno_r4_wifi\src\main.cpp.o
 .text._ZN11ArduinoJson8V721PB226detail10StringPool5clearEPNS0_9AllocatorE
                0x000041a8       0x1a .pio\build\uno_r4_wifi\src\main.cpp.o
                0x000041a8                ArduinoJson::V721PB22::detail::StringPool::clear(ArduinoJson::V721PB22::Allocator*)
 .text._ZN11ArduinoJson8V721PB226detail18CollectionIterator4nextEPKNS1_15ResourceManagerE
                0x000041c2       0x1c .pio\build\uno_r4_wifi\src\main.cpp.o
                0x000041c2                ArduinoJson::V721PB22::detail::CollectionIterator::next(ArduinoJson::V721PB22::detail::ResourceManager const*)
 .text._ZN11ArduinoJson8V721PB226detail6WriterIN7arduino6StringEvE5flushEv
                0x000041de       0x1c .pio\build\uno_r4_wifi\src\main.cpp.o
                0x000041de                ArduinoJson::V721PB22::detail::Writer<arduino::String, void>::flush()
 .text._ZN11ArduinoJson8V721PB226detail6WriterIN7arduino6StringEvE5writeEh
                0x000041fa       0x28 .pio\build\uno_r4_wifi\src\main.cpp.o
                0x000041fa                ArduinoJson::V721PB22::detail::Writer<arduino::String, void>::write(unsigned char)
 .text._ZN11ArduinoJson8V721PB226detail11VariantData5clearEPNS1_15ResourceManagerE
                0x00004222       0x92 .pio\build\uno_r4_wifi\src\main.cpp.o
                0x00004222                ArduinoJson::V721PB22::detail::VariantData::clear(ArduinoJson::V721PB22::detail::ResourceManager*)
 .text._ZN11ArduinoJson8V721PB226detail14MemoryPoolListINS1_15ResourceManager8SlotDataEE5clearEPNS0_9AllocatorE
                0x000042b4       0x58 .pio\build\uno_r4_wifi\src\main.cpp.o
                0x000042b4                ArduinoJson::V721PB22::detail::MemoryPoolList<ArduinoJson::V721PB22::detail::ResourceManager::SlotData>::clear(ArduinoJson::V721PB22::Allocator*)
 .text._ZN11ArduinoJson8V721PB226detail14MemoryPoolListINS1_15ResourceManager8SlotDataEE17allocFromLastPoolEv
                0x0000430c       0x3a .pio\build\uno_r4_wifi\src\main.cpp.o
                0x0000430c                ArduinoJson::V721PB22::detail::MemoryPoolList<ArduinoJson::V721PB22::detail::ResourceManager::SlotData>::allocFromLastPool()
 .text._ZN11ArduinoJson8V721PB226detail15ResourceManager12allocVariantEv
                0x00004346       0xfc .pio\build\uno_r4_wifi\src\main.cpp.o
                0x00004346                ArduinoJson::V721PB22::detail::ResourceManager::allocVariant()
 .text._ZNK11ArduinoJson8V721PB226detail7pgm_ptrIdEixEi
                0x00004442       0x1a .pio\build\uno_r4_wifi\src\main.cpp.o
                0x00004442                ArduinoJson::V721PB22::detail::pgm_ptr<double>::operator[](int) const
 .text._ZN11ArduinoJson8V721PB226detail9ArrayData8addValueIRPKcEEbOT_PNS1_15ResourceManagerE
                0x0000445c       0x72 .pio\build\uno_r4_wifi\src\main.cpp.o
                0x0000445c                bool ArduinoJson::V721PB22::detail::ArrayData::addValue<char const*&>(char const*&, ArduinoJson::V721PB22::detail::ResourceManager*)
 .text._ZN11ArduinoJson8V721PB226detail17CountingDecoratorINS1_6WriterIN7arduino6StringEvEEE5writeEPKhj
                0x000044ce       0x22 .pio\build\uno_r4_wifi\src\main.cpp.o
                0x000044ce                ArduinoJson::V721PB22::detail::CountingDecorator<ArduinoJson::V721PB22::detail::Writer<arduino::String, void> >::write(unsigned char const*, unsigned int)
 .text._ZN11ArduinoJson8V721PB226detail13TextFormatterINS1_6WriterIN7arduino6StringEvEEE8writeRawEPKc
                0x000044f0       0x18 .pio\build\uno_r4_wifi\src\main.cpp.o
                0x000044f0                ArduinoJson::V721PB22::detail::TextFormatter<ArduinoJson::V721PB22::detail::Writer<arduino::String, void> >::writeRaw(char const*)
 .text._ZN11ArduinoJson8V721PB226detail13TextFormatterINS1_6WriterIN7arduino6StringEvEEE12writeIntegerIyEENS1_9enable_ifIXsrNS1_11is_unsignedIT_EE5valueEvE4typeESB_
                0x00004508       0x4c .pio\build\uno_r4_wifi\src\main.cpp.o
                0x00004508                ArduinoJson::V721PB22::detail::enable_if<ArduinoJson::V721PB22::detail::is_unsigned<unsigned long long>::value, void>::type ArduinoJson::V721PB22::detail::TextFormatter<ArduinoJson::V721PB22::detail::Writer<arduino::String, void> >::writeInteger<unsigned long long>(unsigned long long)
 .text._ZN11ArduinoJson8V721PB226detail17CountingDecoratorINS1_6WriterIN7arduino6StringEvEEE5writeEh
                0x00004554       0x10 .pio\build\uno_r4_wifi\src\main.cpp.o
                0x00004554                ArduinoJson::V721PB22::detail::CountingDecorator<ArduinoJson::V721PB22::detail::Writer<arduino::String, void> >::write(unsigned char)
 .text._ZN11ArduinoJson8V721PB226detail13TextFormatterINS1_6WriterIN7arduino6StringEvEEE11writeStringEPKcj
                0x00004564       0x68 .pio\build\uno_r4_wifi\src\main.cpp.o
                0x00004564                ArduinoJson::V721PB22::detail::TextFormatter<ArduinoJson::V721PB22::detail::Writer<arduino::String, void> >::writeString(char const*, unsigned int)
 .text._ZN11ArduinoJson8V721PB226detail13TextFormatterINS1_6WriterIN7arduino6StringEvEEE12writeIntegerIxEENS1_9enable_ifIXsrNS1_9is_signedIT_EE5valueEvE4typeESB_
                0x000045cc       0x28 .pio\build\uno_r4_wifi\src\main.cpp.o
                0x000045cc                ArduinoJson::V721PB22::detail::enable_if<ArduinoJson::V721PB22::detail::is_signed<long long>::value, void>::type ArduinoJson::V721PB22::detail::TextFormatter<ArduinoJson::V721PB22::detail::Writer<arduino::String, void> >::writeInteger<long long>(long long)
 *fill*         0x000045f4        0x4 ff
 .text._ZN11ArduinoJson8V721PB226detail13TextFormatterINS1_6WriterIN7arduino6StringEvEEE10writeFloatEda
                0x000045f8      0x2f0 .pio\build\uno_r4_wifi\src\main.cpp.o
                0x000045f8                ArduinoJson::V721PB22::detail::TextFormatter<ArduinoJson::V721PB22::detail::Writer<arduino::String, void> >::writeFloat(double, signed char)
 .text._ZNK11ArduinoJson8V721PB226detail11VariantData6acceptINS1_14JsonSerializerINS1_6WriterIN7arduino6StringEvEEEEEENT_11result_typeERSA_PKNS1_15ResourceManagerE
                0x000048e8      0x17c .pio\build\uno_r4_wifi\src\main.cpp.o
                0x000048e8                ArduinoJson::V721PB22::detail::JsonSerializer<ArduinoJson::V721PB22::detail::Writer<arduino::String, void> >::result_type ArduinoJson::V721PB22::detail::VariantData::accept<ArduinoJson::V721PB22::detail::JsonSerializer<ArduinoJson::V721PB22::detail::Writer<arduino::String, void> > >(ArduinoJson::V721PB22::detail::JsonSerializer<ArduinoJson::V721PB22::detail::Writer<arduino::String, void> >&, ArduinoJson::V721PB22::detail::ResourceManager const*) const
 .text._ZNK11ArduinoJson8V721PB226detail10ObjectData7findKeyINS1_19StaticStringAdapterEEENS1_18CollectionIteratorET_PKNS1_15ResourceManagerE
                0x00004a64       0xb0 .pio\build\uno_r4_wifi\src\main.cpp.o
                0x00004a64                ArduinoJson::V721PB22::detail::CollectionIterator ArduinoJson::V721PB22::detail::ObjectData::findKey<ArduinoJson::V721PB22::detail::StaticStringAdapter>(ArduinoJson::V721PB22::detail::StaticStringAdapter, ArduinoJson::V721PB22::detail::ResourceManager const*) const
 .text._ZNK11ArduinoJson8V721PB226detail11MemberProxyINS0_10JsonObjectEPKcE15getOrCreateDataEv
                0x00004b14       0xa8 .pio\build\uno_r4_wifi\src\main.cpp.o
                0x00004b14                ArduinoJson::V721PB22::detail::MemberProxy<ArduinoJson::V721PB22::JsonObject, char const*>::getOrCreateData() const
 .text._ZNK11ArduinoJson8V721PB226detail14VariantRefBaseINS1_11MemberProxyINS0_10JsonObjectEPKcEEE5doSetINS0_9ConverterIivEERKiEEbOT0_NS1_17integral_constantIbLb1EEE.isra.65
                0x00004bbc       0x1e .pio\build\uno_r4_wifi\src\main.cpp.o
 *fill*         0x00004bda        0x2 ff
 .text.loop     0x00004bdc      0x238 .pio\build\uno_r4_wifi\src\main.cpp.o
                0x00004bdc                loop
 .text.startup._GLOBAL__sub_I_button
                0x00004e14       0x1c .pio\build\uno_r4_wifi\src\main.cpp.o
 .text.setup    0x00004e30      0x18c .pio\build\uno_r4_wifi\src\main.cpp.o
                0x00004e30                setup
 .text.exit._GLOBAL__sub_D_button
                0x00004fbc        0xc .pio\build\uno_r4_wifi\src\main.cpp.o
 .text._ZN8ezButtonC2Eii
                0x00004fc8       0x5a .pio\build\uno_r4_wifi\libc82\libezButton.a(ezButton.cpp.o)
                0x00004fc8                ezButton::ezButton(int, int)
                0x00004fc8                ezButton::ezButton(int, int)
 .text._ZN8ezButtonC2Ei
                0x00005022        0xe .pio\build\uno_r4_wifi\libc82\libezButton.a(ezButton.cpp.o)
                0x00005022                ezButton::ezButton(int)
                0x00005022                ezButton::ezButton(int)
 .text._ZN8ezButton15setDebounceTimeEm
                0x00005030        0x4 .pio\build\uno_r4_wifi\libc82\libezButton.a(ezButton.cpp.o)
                0x00005030                ezButton::setDebounceTime(unsigned long)
 .text._ZN8ezButton8getStateEv
                0x00005034        0x4 .pio\build\uno_r4_wifi\libc82\libezButton.a(ezButton.cpp.o)
                0x00005034                ezButton::getState()
 .text._ZN8ezButton9isPressedEv
                0x00005038       0x18 .pio\build\uno_r4_wifi\libc82\libezButton.a(ezButton.cpp.o)
                0x00005038                ezButton::isPressed()
 .text._ZN8ezButton4loopEv
                0x00005050       0x5a .pio\build\uno_r4_wifi\libc82\libezButton.a(ezButton.cpp.o)
                0x00005050                ezButton::loop()
 *fill*         0x000050aa        0x2 ff
 .text._ZNSt7__cxx1112basic_stringIcSt11char_traitsIcESaIcEE9_M_createERjj.isra.32
                0x000050ac       0x34 .pio\build\uno_r4_wifi\lib5c2\libWiFiS3.a(WiFi.cpp.o)
 .text._ZN5CWifiC2Ev
                0x000050e0       0x5e .pio\build\uno_r4_wifi\lib5c2\libWiFiS3.a(WiFi.cpp.o)
                0x000050e0                CWifi::CWifi()
                0x000050e0                CWifi::CWifi()
 .text._ZNSt7__cxx1112basic_stringIcSt11char_traitsIcESaIcEE10_M_disposeEv
                0x0000513e       0x10 .pio\build\uno_r4_wifi\lib5c2\libWiFiS3.a(WiFi.cpp.o)
                0x0000513e                std::__cxx11::basic_string<char, std::char_traits<char>, std::allocator<char> >::_M_dispose()
 .text._ZN12CAccessPointD2Ev
                0x0000514e       0x2c .pio\build\uno_r4_wifi\lib5c2\libWiFiS3.a(WiFi.cpp.o)
                0x0000514e                CAccessPoint::~CAccessPoint()
                0x0000514e                CAccessPoint::~CAccessPoint()
 .text._ZNSt7__cxx1112basic_stringIcSt11char_traitsIcESaIcEE7_S_copyEPcPKcj
                0x0000517a       0x1a .pio\build\uno_r4_wifi\lib5c2\libWiFiS3.a(WiFi.cpp.o)
                0x0000517a                std::__cxx11::basic_string<char, std::char_traits<char>, std::allocator<char> >::_S_copy(char*, char const*, unsigned int)
 .text._ZNSt7__cxx1112basic_stringIcSt11char_traitsIcESaIcEE12_M_constructIPKcEEvT_S8_St20forward_iterator_tag.isra.33
                0x00005194       0x44 .pio\build\uno_r4_wifi\lib5c2\libWiFiS3.a(WiFi.cpp.o)
 .text._ZNSt7__cxx1112basic_stringIcSt11char_traitsIcESaIcEEC2EPKcRKS3_.constprop.57
                0x000051d8       0x28 .pio\build\uno_r4_wifi\lib5c2\libWiFiS3.a(WiFi.cpp.o)
 .text._ZN5CWifi6statusEv
                0x00005200       0x60 .pio\build\uno_r4_wifi\lib5c2\libWiFiS3.a(WiFi.cpp.o)
                0x00005200                CWifi::status()
 .text._ZN5CWifi5beginEPKcS1_
                0x00005260       0xd0 .pio\build\uno_r4_wifi\lib5c2\libWiFiS3.a(WiFi.cpp.o)
                0x00005260                CWifi::begin(char const*, char const*)
 .text._ZN5CWifi7localIPEv
                0x00005330      0x10c .pio\build\uno_r4_wifi\lib5c2\libWiFiS3.a(WiFi.cpp.o)
                0x00005330                CWifi::localIP()
 .text._ZN5CWifi15firmwareVersionEv
                0x0000543c       0x78 .pio\build\uno_r4_wifi\lib5c2\libWiFiS3.a(WiFi.cpp.o)
                0x0000543c                CWifi::firmwareVersion()
 .text.startup._GLOBAL__sub_I__ZN5CWifiC2Ev
                0x000054b4        0xc .pio\build\uno_r4_wifi\lib5c2\libWiFiS3.a(WiFi.cpp.o)
 .text.exit._GLOBAL__sub_D__ZN5CWifiC2Ev
                0x000054c0       0x38 .pio\build\uno_r4_wifi\lib5c2\libWiFiS3.a(WiFi.cpp.o)
 .text._ZNSt7__cxx1112basic_stringIcSt11char_traitsIcESaIcEE9_M_createERjj.isra.21
                0x000054f8       0x34 .pio\build\uno_r4_wifi\lib5c2\libWiFiS3.a(Modem.cpp.o)
 .text._ZN10ModemClassC2EP4UART
                0x0000552c       0x20 .pio\build\uno_r4_wifi\lib5c2\libWiFiS3.a(Modem.cpp.o)
                0x0000552c                ModemClass::ModemClass(UART*)
                0x0000552c                ModemClass::ModemClass(UART*)
 .text._ZN10ModemClassD2Ev
                0x0000554c       0x18 .pio\build\uno_r4_wifi\lib5c2\libWiFiS3.a(Modem.cpp.o)
                0x0000554c                ModemClass::~ModemClass()
                0x0000554c                ModemClass::~ModemClass()
 .text._ZN10ModemClass12write_nowaitERKNSt7__cxx1112basic_stringIcSt11char_traitsIcESaIcEEERS5_PKcz
                0x00005564       0x6c .pio\build\uno_r4_wifi\lib5c2\libWiFiS3.a(Modem.cpp.o)
                0x00005564                ModemClass::write_nowait(std::__cxx11::basic_string<char, std::char_traits<char>, std::allocator<char> > const&, std::__cxx11::basic_string<char, std::char_traits<char>, std::allocator<char> >&, char const*, ...)
 .text._ZNKSt7__cxx1112basic_stringIcSt11char_traitsIcESaIcEE5rfindEPKcj
                0x000055d0       0x42 .pio\build\uno_r4_wifi\lib5c2\libWiFiS3.a(Modem.cpp.o)
                0x000055d0                std::__cxx11::basic_string<char, std::char_traits<char>, std::allocator<char> >::rfind(char const*, unsigned int) const
 .text._ZNKSt7__cxx1112basic_stringIcSt11char_traitsIcESaIcEE4findEPKcjj
                0x00005612       0x66 .pio\build\uno_r4_wifi\lib5c2\libWiFiS3.a(Modem.cpp.o)
                0x00005612                std::__cxx11::basic_string<char, std::char_traits<char>, std::allocator<char> >::find(char const*, unsigned int, unsigned int) const
 .text._ZNKSt7__cxx1112basic_stringIcSt11char_traitsIcESaIcEE8_M_checkEjPKc
                0x00005678       0x1c .pio\build\uno_r4_wifi\lib5c2\libWiFiS3.a(Modem.cpp.o)
                0x00005678                std::__cxx11::basic_string<char, std::char_traits<char>, std::allocator<char> >::_M_check(unsigned int, char const*) const
 .text._ZNKSt7__cxx1112basic_stringIcSt11char_traitsIcESaIcEE7compareEPKc
                0x00005694       0x28 .pio\build\uno_r4_wifi\lib5c2\libWiFiS3.a(Modem.cpp.o)
                0x00005694                std::__cxx11::basic_string<char, std::char_traits<char>, std::allocator<char> >::compare(char const*) const
 .text._ZNSt7__cxx1112basic_stringIcSt11char_traitsIcESaIcEE12_M_constructIPKcEEvT_S8_St20forward_iterator_tag.isra.22
                0x000056bc       0x44 .pio\build\uno_r4_wifi\lib5c2\libWiFiS3.a(Modem.cpp.o)
 .text._ZNSt7__cxx1112basic_stringIcSt11char_traitsIcESaIcEEC2EPKcRKS3_
                0x00005700       0x28 .pio\build\uno_r4_wifi\lib5c2\libWiFiS3.a(Modem.cpp.o)
                0x00005700                std::__cxx11::basic_string<char, std::char_traits<char>, std::allocator<char> >::basic_string(char const*, std::allocator<char> const&)
                0x00005700                std::__cxx11::basic_string<char, std::char_traits<char>, std::allocator<char> >::basic_string(char const*, std::allocator<char> const&)
 .text._ZNSt7__cxx1112basic_stringIcSt11char_traitsIcESaIcEEC2ERKS4_jj
                0x00005728       0x38 .pio\build\uno_r4_wifi\lib5c2\libWiFiS3.a(Modem.cpp.o)
                0x00005728                std::__cxx11::basic_string<char, std::char_traits<char>, std::allocator<char> >::basic_string(std::__cxx11::basic_string<char, std::char_traits<char>, std::allocator<char> > const&, unsigned int, unsigned int)
                0x00005728                std::__cxx11::basic_string<char, std::char_traits<char>, std::allocator<char> >::basic_string(std::__cxx11::basic_string<char, std::char_traits<char>, std::allocator<char> > const&, unsigned int, unsigned int)
 .text._ZN10ModemClass21read_by_size_finishedERNSt7__cxx1112basic_stringIcSt11char_traitsIcESaIcEEE
                0x00005760       0xf4 .pio\build\uno_r4_wifi\lib5c2\libWiFiS3.a(Modem.cpp.o)
                0x00005760                ModemClass::read_by_size_finished(std::__cxx11::basic_string<char, std::char_traits<char>, std::allocator<char> >&)
 .text._ZNSt7__cxx1112basic_stringIcSt11char_traitsIcESaIcEE9push_backEc
                0x00005854       0x5c .pio\build\uno_r4_wifi\lib5c2\libWiFiS3.a(Modem.cpp.o)
                0x00005854                std::__cxx11::basic_string<char, std::char_traits<char>, std::allocator<char> >::push_back(char)
 .text._ZN10ModemClass11passthroughEPKhj
                0x000058b0       0xd8 .pio\build\uno_r4_wifi\lib5c2\libWiFiS3.a(Modem.cpp.o)
                0x000058b0                ModemClass::passthrough(unsigned char const*, unsigned int)
 .text._ZNSt7__cxx1112basic_stringIcSt11char_traitsIcESaIcEEaSEOS4_
                0x00005988       0x80 .pio\build\uno_r4_wifi\lib5c2\libWiFiS3.a(Modem.cpp.o)
                0x00005988                std::__cxx11::basic_string<char, std::char_traits<char>, std::allocator<char> >::operator=(std::__cxx11::basic_string<char, std::char_traits<char>, std::allocator<char> >&&)
 .text._ZN10ModemClass8buf_readERKNSt7__cxx1112basic_stringIcSt11char_traitsIcESaIcEEERS5_
                0x00005a08      0x1f0 .pio\build\uno_r4_wifi\lib5c2\libWiFiS3.a(Modem.cpp.o)
                0x00005a08                ModemClass::buf_read(std::__cxx11::basic_string<char, std::char_traits<char>, std::allocator<char> > const&, std::__cxx11::basic_string<char, std::char_traits<char>, std::allocator<char> >&)
 .text._ZN10ModemClass5writeERKNSt7__cxx1112basic_stringIcSt11char_traitsIcESaIcEEERS5_PKcz
                0x00005bf8       0x88 .pio\build\uno_r4_wifi\lib5c2\libWiFiS3.a(Modem.cpp.o)
                0x00005bf8                ModemClass::write(std::__cxx11::basic_string<char, std::char_traits<char>, std::allocator<char> > const&, std::__cxx11::basic_string<char, std::char_traits<char>, std::allocator<char> >&, char const*, ...)
 .text._ZN10ModemClass5beginEi
                0x00005c80       0x68 .pio\build\uno_r4_wifi\lib5c2\libWiFiS3.a(Modem.cpp.o)
                0x00005c80                ModemClass::begin(int)
 .text.startup._GLOBAL__sub_I__ZN10ModemClassC2Eii
                0x00005ce8       0x10 .pio\build\uno_r4_wifi\lib5c2\libWiFiS3.a(Modem.cpp.o)
 .text.exit._GLOBAL__sub_D__ZN10ModemClassC2Eii
                0x00005cf8        0xc .pio\build\uno_r4_wifi\lib5c2\libWiFiS3.a(Modem.cpp.o)
 .text._ZN9__gnu_cxx5__ops10_Iter_predIZ5rtrimRNSt7__cxx1112basic_stringIcSt11char_traitsIcESaIcEEEEUlhE_EclISt16reverse_iteratorINS_17__normal_iteratorIPcS7_EEEEEbT_.isra.29
                0x00005d04       0x14 .pio\build\uno_r4_wifi\lib5c2\libWiFiS3.a(StringHelpers.cpp.o)
 .text._ZN9__gnu_cxx5__ops10_Iter_predIZ5ltrimRNSt7__cxx1112basic_stringIcSt11char_traitsIcESaIcEEEEUlhE_EclINS_17__normal_iteratorIPcS7_EEEEbT_.isra.25
                0x00005d18       0x10 .pio\build\uno_r4_wifi\lib5c2\libWiFiS3.a(StringHelpers.cpp.o)
 .text._ZNSt7__cxx1112basic_stringIcSt11char_traitsIcESaIcEE8_M_eraseEjj
                0x00005d28       0x3a .pio\build\uno_r4_wifi\lib5c2\libWiFiS3.a(StringHelpers.cpp.o)
                0x00005d28                std::__cxx11::basic_string<char, std::char_traits<char>, std::allocator<char> >::_M_erase(unsigned int, unsigned int)
 .text._ZNSt7__cxx1112basic_stringIcSt11char_traitsIcESaIcEE5eraseEN9__gnu_cxx17__normal_iteratorIPKcS4_EES9_
                0x00005d62       0x26 .pio\build\uno_r4_wifi\lib5c2\libWiFiS3.a(StringHelpers.cpp.o)
                0x00005d62                std::__cxx11::basic_string<char, std::char_traits<char>, std::allocator<char> >::erase(__gnu_cxx::__normal_iterator<char const*, std::__cxx11::basic_string<char, std::char_traits<char>, std::allocator<char> > >, __gnu_cxx::__normal_iterator<char const*, std::__cxx11::basic_string<char, std::char_traits<char>, std::allocator<char> > >)
 .text._Z5ltrimRNSt7__cxx1112basic_stringIcSt11char_traitsIcESaIcEEE
                0x00005d88       0x88 .pio\build\uno_r4_wifi\lib5c2\libWiFiS3.a(StringHelpers.cpp.o)
                0x00005d88                ltrim(std::__cxx11::basic_string<char, std::char_traits<char>, std::allocator<char> >&)
 .text._Z5rtrimRNSt7__cxx1112basic_stringIcSt11char_traitsIcESaIcEEE
                0x00005e10       0xa0 .pio\build\uno_r4_wifi\lib5c2\libWiFiS3.a(StringHelpers.cpp.o)
                0x00005e10                rtrim(std::__cxx11::basic_string<char, std::char_traits<char>, std::allocator<char> >&)
 .text._Z4trimRNSt7__cxx1112basic_stringIcSt11char_traitsIcESaIcEEE
                0x00005eb0       0x12 .pio\build\uno_r4_wifi\lib5c2\libWiFiS3.a(StringHelpers.cpp.o)
                0x00005eb0                trim(std::__cxx11::basic_string<char, std::char_traits<char>, std::allocator<char> >&)
 *fill*         0x00005ec2        0x2 ff
 .text._Z13removeAtBeginRNSt7__cxx1112basic_stringIcSt11char_traitsIcESaIcEEERKS4_
                0x00005ec4       0x50 .pio\build\uno_r4_wifi\lib5c2\libWiFiS3.a(StringHelpers.cpp.o)
                0x00005ec4                removeAtBegin(std::__cxx11::basic_string<char, std::char_traits<char>, std::allocator<char> >&, std::__cxx11::basic_string<char, std::char_traits<char>, std::allocator<char> > const&)
 .text._ZN14SocketIOclient12runIOCbEventE21socketIOmessageType_tPhj
                0x00005f14       0x2a .pio\build\uno_r4_wifi\lib948\libarduinoWebSockets-2.6.1.a(SocketIOclient.cpp.o)
                0x00005f14                SocketIOclient::runIOCbEvent(socketIOmessageType_t, unsigned char*, unsigned int)
 .text._ZNSt14_Function_baseD2Ev
                0x00005f3e       0x12 .pio\build\uno_r4_wifi\lib948\libarduinoWebSockets-2.6.1.a(SocketIOclient.cpp.o)
                0x00005f3e                std::_Function_base::~_Function_base()
                0x00005f3e                std::_Function_base::~_Function_base()
 .text._ZN14SocketIOclientD2Ev
                0x00005f50       0x20 .pio\build\uno_r4_wifi\lib948\libarduinoWebSockets-2.6.1.a(SocketIOclient.cpp.o)
                0x00005f50                SocketIOclient::~SocketIOclient()
                0x00005f50                SocketIOclient::~SocketIOclient()
 .text._ZN14SocketIOclientD0Ev
                0x00005f70       0x16 .pio\build\uno_r4_wifi\lib948\libarduinoWebSockets-2.6.1.a(SocketIOclient.cpp.o)
                0x00005f70                SocketIOclient::~SocketIOclient()
 *fill*         0x00005f86        0x2 ff
 .text._ZN14SocketIOclientC2Ev
                0x00005f88       0x28 .pio\build\uno_r4_wifi\lib948\libarduinoWebSockets-2.6.1.a(SocketIOclient.cpp.o)
                0x00005f88                SocketIOclient::SocketIOclient()
                0x00005f88                SocketIOclient::SocketIOclient()
 .text._ZN14SocketIOclient10initClientEv
                0x00005fb0       0x34 .pio\build\uno_r4_wifi\lib948\libarduinoWebSockets-2.6.1.a(SocketIOclient.cpp.o)
                0x00005fb0                SocketIOclient::initClient()
 .text._ZN14SocketIOclient5beginEPKctS1_S1_mmh
                0x00005fe4       0x2e .pio\build\uno_r4_wifi\lib948\libarduinoWebSockets-2.6.1.a(SocketIOclient.cpp.o)
                0x00005fe4                SocketIOclient::begin(char const*, unsigned short, char const*, char const*, unsigned long, unsigned long, unsigned char)
 .text._ZN14SocketIOclient7onEventESt8functionIFv21socketIOmessageType_tPhjEE
                0x00006012       0x60 .pio\build\uno_r4_wifi\lib948\libarduinoWebSockets-2.6.1.a(SocketIOclient.cpp.o)
                0x00006012                SocketIOclient::onEvent(std::function<void (socketIOmessageType_t, unsigned char*, unsigned int)>)
 .text._ZN14SocketIOclient20setReconnectIntervalEm
                0x00006072        0x4 .pio\build\uno_r4_wifi\lib948\libarduinoWebSockets-2.6.1.a(SocketIOclient.cpp.o)
                0x00006072                SocketIOclient::setReconnectInterval(unsigned long)
 .text._ZN14SocketIOclient4sendE21socketIOmessageType_tPhjb
                0x00006076       0x90 .pio\build\uno_r4_wifi\lib948\libarduinoWebSockets-2.6.1.a(SocketIOclient.cpp.o)
                0x00006076                SocketIOclient::send(socketIOmessageType_t, unsigned char*, unsigned int, bool)
 .text._ZN14SocketIOclient4sendE21socketIOmessageType_tPKcj
                0x00006106        0xe .pio\build\uno_r4_wifi\lib948\libarduinoWebSockets-2.6.1.a(SocketIOclient.cpp.o)
                0x00006106                SocketIOclient::send(socketIOmessageType_t, char const*, unsigned int)
 .text._ZN14SocketIOclient9sendEVENTEPhjb
                0x00006114       0x14 .pio\build\uno_r4_wifi\lib948\libarduinoWebSockets-2.6.1.a(SocketIOclient.cpp.o)
                0x00006114                SocketIOclient::sendEVENT(unsigned char*, unsigned int, bool)
 .text._ZN14SocketIOclient9sendEVENTERN7arduino6StringE
                0x00006128        0xa .pio\build\uno_r4_wifi\lib948\libarduinoWebSockets-2.6.1.a(SocketIOclient.cpp.o)
                0x00006128                SocketIOclient::sendEVENT(arduino::String&)
 .text._ZN14SocketIOclient4loopEv
                0x00006132       0x44 .pio\build\uno_r4_wifi\lib948\libarduinoWebSockets-2.6.1.a(SocketIOclient.cpp.o)
                0x00006132                SocketIOclient::loop()
 *fill*         0x00006176        0x2 ff
 .text._ZN14SocketIOclient13handleCbEventE8WStype_tPhj
                0x00006178       0x84 .pio\build\uno_r4_wifi\lib948\libarduinoWebSockets-2.6.1.a(SocketIOclient.cpp.o)
                0x00006178                SocketIOclient::handleCbEvent(WStype_t, unsigned char*, unsigned int)
 .text._ZN14SocketIOclient10runCbEventE8WStype_tPhj
                0x000061fc        0x4 .pio\build\uno_r4_wifi\lib948\libarduinoWebSockets-2.6.1.a(SocketIOclient.cpp.o)
                0x000061fc                SocketIOclient::runCbEvent(WStype_t, unsigned char*, unsigned int)
 .text._ZN10WebSockets5writeEP10WSclient_tPhj
                0x00006200       0x6e .pio\build\uno_r4_wifi\lib948\libarduinoWebSockets-2.6.1.a(WebSockets.cpp.o)
                0x00006200                WebSockets::write(WSclient_t*, unsigned char*, unsigned int)
 .text._ZNSt14_Function_base13_Base_managerISt5_BindIFZN10WebSockets22handleWebsocketWaitForEP10WSclient_tjEUlPS2_jS4_bE_S5_jSt12_PlaceholderILi1EES7_ILi2EEEEE10_M_managerERSt9_Any_dataRKSD_St18_Manager_operation
                0x0000626e       0x36 .pio\build\uno_r4_wifi\lib948\libarduinoWebSockets-2.6.1.a(WebSockets.cpp.o)
 .text._ZNSt14_Function_base13_Base_managerISt5_BindIFM10WebSocketsFvP10WSclient_tbPhEPS2_St12_PlaceholderILi1EES9_ILi2EES5_EEE10_M_managerERSt9_Any_dataRKSF_St18_Manager_operation
                0x000062a4       0x38 .pio\build\uno_r4_wifi\lib948\libarduinoWebSockets-2.6.1.a(WebSockets.cpp.o)
                0x000062a4                std::_Function_base::_Base_manager<std::_Bind<void (WebSockets::*(WebSockets*, std::_Placeholder<1>, std::_Placeholder<2>, unsigned char*))(WSclient_t*, bool, unsigned char*)> >::_M_manager(std::_Any_data&, std::_Any_data const&, std::_Manager_operation)
 .text._ZNSt17_Function_handlerIFvP10WSclient_tbESt5_BindIFM10WebSocketsFvS1_bPhEPS4_St12_PlaceholderILi1EES9_ILi2EES5_EEE9_M_invokeERKSt9_Any_dataOS1_Ob
                0x000062dc       0x24 .pio\build\uno_r4_wifi\lib948\libarduinoWebSockets-2.6.1.a(WebSockets.cpp.o)
                0x000062dc                std::_Function_handler<void (WSclient_t*, bool), std::_Bind<void (WebSockets::*(WebSockets*, std::_Placeholder<1>, std::_Placeholder<2>, unsigned char*))(WSclient_t*, bool, unsigned char*)> >::_M_invoke(std::_Any_data const&, WSclient_t*&&, bool&&)
 .text._ZN10WebSockets12createHeaderEPh10WSopcode_tjbS0_b
                0x00006300       0xac .pio\build\uno_r4_wifi\lib948\libarduinoWebSockets-2.6.1.a(WebSockets.cpp.o)
                0x00006300                WebSockets::createHeader(unsigned char*, WSopcode_t, unsigned int, bool, unsigned char*, bool)
 .text._ZN10WebSockets15sendFrameHeaderEP10WSclient_t10WSopcode_tjb
                0x000063ac       0x4c .pio\build\uno_r4_wifi\lib948\libarduinoWebSockets-2.6.1.a(WebSockets.cpp.o)
                0x000063ac                WebSockets::sendFrameHeader(WSclient_t*, WSopcode_t, unsigned int, bool)
 .text._ZN10WebSockets9sendFrameEP10WSclient_t10WSopcode_tPhjbb
                0x000063f8       0xda .pio\build\uno_r4_wifi\lib948\libarduinoWebSockets-2.6.1.a(WebSockets.cpp.o)
                0x000063f8                WebSockets::sendFrame(WSclient_t*, WSopcode_t, unsigned char*, unsigned int, bool, bool)
 .text._ZN10WebSockets16clientDisconnectEP10WSclient_ttPcj
                0x000064d2       0x4c .pio\build\uno_r4_wifi\lib948\libarduinoWebSockets-2.6.1.a(WebSockets.cpp.o)
                0x000064d2                WebSockets::clientDisconnect(WSclient_t*, unsigned short, char*, unsigned int)
 .text._ZN10WebSockets24handleWebsocketPayloadCbEP10WSclient_tbPh.part.8
                0x0000651e       0xc6 .pio\build\uno_r4_wifi\lib948\libarduinoWebSockets-2.6.1.a(WebSockets.cpp.o)
 .text._ZN10WebSockets24handleWebsocketPayloadCbEP10WSclient_tbPh
                0x000065e4       0x30 .pio\build\uno_r4_wifi\lib948\libarduinoWebSockets-2.6.1.a(WebSockets.cpp.o)
                0x000065e4                WebSockets::handleWebsocketPayloadCb(WSclient_t*, bool, unsigned char*)
 .text._ZN10WebSockets10headerDoneEP10WSclient_t
                0x00006614        0xc .pio\build\uno_r4_wifi\lib948\libarduinoWebSockets-2.6.1.a(WebSockets.cpp.o)
                0x00006614                WebSockets::headerDone(WSclient_t*)
 .text._ZN10WebSockets13base64_encodeEPhj
                0x00006620       0x84 .pio\build\uno_r4_wifi\lib948\libarduinoWebSockets-2.6.1.a(WebSockets.cpp.o)
                0x00006620                WebSockets::base64_encode(unsigned char*, unsigned int)
 .text._ZN10WebSockets9acceptKeyERN7arduino6StringE
                0x000066a4       0x58 .pio\build\uno_r4_wifi\lib948\libarduinoWebSockets-2.6.1.a(WebSockets.cpp.o)
                0x000066a4                WebSockets::acceptKey(arduino::String&)
 .text._ZN10WebSockets5writeEP10WSclient_tPKc
                0x000066fc       0x2e .pio\build\uno_r4_wifi\lib948\libarduinoWebSockets-2.6.1.a(WebSockets.cpp.o)
                0x000066fc                WebSockets::write(WSclient_t*, char const*)
 .text._ZN10WebSockets15enableHeartbeatEP10WSclient_tmmh
                0x0000672a       0x1a .pio\build\uno_r4_wifi\lib948\libarduinoWebSockets-2.6.1.a(WebSockets.cpp.o)
                0x0000672a                WebSockets::enableHeartbeat(WSclient_t*, unsigned long, unsigned long, unsigned char)
 .text._ZN10WebSockets15handleHBTimeoutEP10WSclient_t
                0x00006744       0x66 .pio\build\uno_r4_wifi\lib948\libarduinoWebSockets-2.6.1.a(WebSockets.cpp.o)
                0x00006744                WebSockets::handleHBTimeout(WSclient_t*)
 .text._ZNKSt8functionIFvP10WSclient_tbEEclES1_b
                0x000067aa       0x20 .pio\build\uno_r4_wifi\lib948\libarduinoWebSockets-2.6.1.a(WebSockets.cpp.o)
                0x000067aa                std::function<void (WSclient_t*, bool)>::operator()(WSclient_t*, bool) const
 .text._ZN10WebSockets6readCbEP10WSclient_tPhjSt8functionIFvS1_bEE
                0x000067ca       0x98 .pio\build\uno_r4_wifi\lib948\libarduinoWebSockets-2.6.1.a(WebSockets.cpp.o)
                0x000067ca                WebSockets::readCb(WSclient_t*, unsigned char*, unsigned int, std::function<void (WSclient_t*, bool)>)
 *fill*         0x00006862        0x2 ff
 .text._ZN10WebSockets22handleWebsocketWaitForEP10WSclient_tj
                0x00006864       0x74 .pio\build\uno_r4_wifi\lib948\libarduinoWebSockets-2.6.1.a(WebSockets.cpp.o)
                0x00006864                WebSockets::handleWebsocketWaitFor(WSclient_t*, unsigned int)
 .text._ZN10WebSockets17handleWebsocketCbEP10WSclient_t
                0x000068d8      0x164 .pio\build\uno_r4_wifi\lib948\libarduinoWebSockets-2.6.1.a(WebSockets.cpp.o)
                0x000068d8                WebSockets::handleWebsocketCb(WSclient_t*)
 .text._ZN10WebSockets15handleWebsocketEP10WSclient_t
                0x00006a3c        0xc .pio\build\uno_r4_wifi\lib948\libarduinoWebSockets-2.6.1.a(WebSockets.cpp.o)
                0x00006a3c                WebSockets::handleWebsocket(WSclient_t*)
 .text._ZNSt17_Function_handlerIFvP10WSclient_tbESt5_BindIFZN10WebSockets22handleWebsocketWaitForES1_jEUlPS4_jS1_bE_S5_jSt12_PlaceholderILi1EES7_ILi2EEEEE9_M_invokeERKSt9_Any_dataOS1_Ob
                0x00006a48       0x2e .pio\build\uno_r4_wifi\lib948\libarduinoWebSockets-2.6.1.a(WebSockets.cpp.o)
 .text._ZN16WebSocketsClient15messageReceivedEP10WSclient_t10WSopcode_tPhjb
                0x00006a76       0x52 .pio\build\uno_r4_wifi\lib948\libarduinoWebSockets-2.6.1.a(WebSocketsClient.cpp.o)
                0x00006a76                WebSocketsClient::messageReceived(WSclient_t*, WSopcode_t, unsigned char*, unsigned int, bool)
 .text._ZN16WebSocketsClient16clientDisconnectEP10WSclient_t
                0x00006ac8       0x84 .pio\build\uno_r4_wifi\lib948\libarduinoWebSockets-2.6.1.a(WebSocketsClient.cpp.o)
                0x00006ac8                WebSocketsClient::clientDisconnect(WSclient_t*)
 .text._ZN16WebSocketsClient10runCbEventE8WStype_tPhj
                0x00006b4c       0x28 .pio\build\uno_r4_wifi\lib948\libarduinoWebSockets-2.6.1.a(WebSocketsClient.cpp.o)
                0x00006b4c                WebSocketsClient::runCbEvent(WStype_t, unsigned char*, unsigned int)
 .text._ZN16WebSocketsClient17clientIsConnectedEP10WSclient_t
                0x00006b74       0x3c .pio\build\uno_r4_wifi\lib948\libarduinoWebSockets-2.6.1.a(WebSocketsClient.cpp.o)
                0x00006b74                WebSocketsClient::clientIsConnected(WSclient_t*)
 .text._ZN16WebSocketsClientC2Ev
                0x00006bb0       0xe0 .pio\build\uno_r4_wifi\lib948\libarduinoWebSockets-2.6.1.a(WebSocketsClient.cpp.o)
                0x00006bb0                WebSocketsClient::WebSocketsClient()
                0x00006bb0                WebSocketsClient::WebSocketsClient()
 .text._ZN16WebSocketsClient5beginEPKctS1_S1_
                0x00006c90       0x94 .pio\build\uno_r4_wifi\lib948\libarduinoWebSockets-2.6.1.a(WebSocketsClient.cpp.o)
                0x00006c90                WebSocketsClient::begin(char const*, unsigned short, char const*, char const*)
 .text._ZN16WebSocketsClient13beginSocketIOEPKctS1_S1_
                0x00006d24       0x14 .pio\build\uno_r4_wifi\lib948\libarduinoWebSockets-2.6.1.a(WebSocketsClient.cpp.o)
                0x00006d24                WebSocketsClient::beginSocketIO(char const*, unsigned short, char const*, char const*)
 .text._ZN16WebSocketsClient7sendTXTEPhjb
                0x00006d38       0x40 .pio\build\uno_r4_wifi\lib948\libarduinoWebSockets-2.6.1.a(WebSocketsClient.cpp.o)
                0x00006d38                WebSocketsClient::sendTXT(unsigned char*, unsigned int, bool)
 .text._ZN16WebSocketsClient7sendTXTEPKcj
                0x00006d78        0x6 .pio\build\uno_r4_wifi\lib948\libarduinoWebSockets-2.6.1.a(WebSocketsClient.cpp.o)
                0x00006d78                WebSocketsClient::sendTXT(char const*, unsigned int)
 .text._ZN16WebSocketsClient7sendTXTEc
                0x00006d7e       0x26 .pio\build\uno_r4_wifi\lib948\libarduinoWebSockets-2.6.1.a(WebSocketsClient.cpp.o)
                0x00006d7e                WebSocketsClient::sendTXT(char)
 .text._ZN16WebSocketsClient8sendPingEPhj
                0x00006da4       0x46 .pio\build\uno_r4_wifi\lib948\libarduinoWebSockets-2.6.1.a(WebSocketsClient.cpp.o)
                0x00006da4                WebSocketsClient::sendPing(unsigned char*, unsigned int)
 .text._ZN16WebSocketsClient10disconnectEv
                0x00006dea       0x26 .pio\build\uno_r4_wifi\lib948\libarduinoWebSockets-2.6.1.a(WebSocketsClient.cpp.o)
                0x00006dea                WebSocketsClient::disconnect()
 .text._ZN16WebSocketsClientD2Ev
                0x00006e10       0x6c .pio\build\uno_r4_wifi\lib948\libarduinoWebSockets-2.6.1.a(WebSocketsClient.cpp.o)
                0x00006e10                WebSocketsClient::~WebSocketsClient()
                0x00006e10                WebSocketsClient::~WebSocketsClient()
 .text._ZN16WebSocketsClientD0Ev
                0x00006e7c       0x14 .pio\build\uno_r4_wifi\lib948\libarduinoWebSockets-2.6.1.a(WebSocketsClient.cpp.o)
                0x00006e7c                WebSocketsClient::~WebSocketsClient()
 .text._ZN16WebSocketsClient20setReconnectIntervalEm
                0x00006e90        0x6 .pio\build\uno_r4_wifi\lib948\libarduinoWebSockets-2.6.1.a(WebSocketsClient.cpp.o)
                0x00006e90                WebSocketsClient::setReconnectInterval(unsigned long)
 *fill*         0x00006e96        0x2 ff
 .text._ZN16WebSocketsClient10sendHeaderEP10WSclient_t
                0x00006e98      0x25c .pio\build\uno_r4_wifi\lib948\libarduinoWebSockets-2.6.1.a(WebSocketsClient.cpp.o)
                0x00006e98                WebSocketsClient::sendHeader(WSclient_t*)
 .text._ZN16WebSocketsClient12handleHeaderEP10WSclient_tPN7arduino6StringE
                0x000070f4      0x414 .pio\build\uno_r4_wifi\lib948\libarduinoWebSockets-2.6.1.a(WebSocketsClient.cpp.o)
                0x000070f4                WebSocketsClient::handleHeader(WSclient_t*, arduino::String*)
 .text._ZN16WebSocketsClient16handleClientDataEv
                0x00007508       0xc0 .pio\build\uno_r4_wifi\lib948\libarduinoWebSockets-2.6.1.a(WebSocketsClient.cpp.o)
                0x00007508                WebSocketsClient::handleClientData()
 .text._ZN16WebSocketsClient11connectedCbEv
                0x000075c8       0x20 .pio\build\uno_r4_wifi\lib948\libarduinoWebSockets-2.6.1.a(WebSocketsClient.cpp.o)
                0x000075c8                WebSocketsClient::connectedCb()
 .text._ZN16WebSocketsClient12handleHBPingEv
                0x000075e8       0x4e .pio\build\uno_r4_wifi\lib948\libarduinoWebSockets-2.6.1.a(WebSocketsClient.cpp.o)
                0x000075e8                WebSocketsClient::handleHBPing()
 .text._ZN16WebSocketsClient4loopEv
                0x00007636       0x88 .pio\build\uno_r4_wifi\lib948\libarduinoWebSockets-2.6.1.a(WebSocketsClient.cpp.o)
                0x00007636                WebSocketsClient::loop()
 .text._ZN16WebSocketsClient15enableHeartbeatEmmh
                0x000076be       0x16 .pio\build\uno_r4_wifi\lib948\libarduinoWebSockets-2.6.1.a(WebSocketsClient.cpp.o)
                0x000076be                WebSocketsClient::enableHeartbeat(unsigned long, unsigned long, unsigned char)
 .text.base64_init_encodestate
                0x000076d4        0xa .pio\build\uno_r4_wifi\lib948\libarduinoWebSockets-2.6.1.a(cencode.c.o)
                0x000076d4                base64_init_encodestate
 *fill*         0x000076de        0x2 ff
 .text.base64_encode_value
                0x000076e0       0x10 .pio\build\uno_r4_wifi\lib948\libarduinoWebSockets-2.6.1.a(cencode.c.o)
                0x000076e0                base64_encode_value
 .text.base64_encode_block
                0x000076f0       0xce .pio\build\uno_r4_wifi\lib948\libarduinoWebSockets-2.6.1.a(cencode.c.o)
                0x000076f0                base64_encode_block
 .text.base64_encode_blockend
                0x000077be       0x42 .pio\build\uno_r4_wifi\lib948\libarduinoWebSockets-2.6.1.a(cencode.c.o)
                0x000077be                base64_encode_blockend
 .text.SHA1Transform
                0x00007800      0xe28 .pio\build\uno_r4_wifi\lib948\libarduinoWebSockets-2.6.1.a(libsha1.c.o)
                0x00007800                SHA1Transform
 .text.SHA1Init
                0x00008628       0x34 .pio\build\uno_r4_wifi\lib948\libarduinoWebSockets-2.6.1.a(libsha1.c.o)
                0x00008628                SHA1Init
 .text.SHA1Update
                0x0000865c       0x6e .pio\build\uno_r4_wifi\lib948\libarduinoWebSockets-2.6.1.a(libsha1.c.o)
                0x0000865c                SHA1Update
 .text.SHA1Final
                0x000086ca       0x9e .pio\build\uno_r4_wifi\lib948\libarduinoWebSockets-2.6.1.a(libsha1.c.o)
                0x000086ca                SHA1Final
 .text.startup.main
                0x00008768        0xa .pio\build\uno_r4_wifi\libFrameworkArduinoVariant.a(main.c.o)
                0x00008768                main
 .text._ZN7arduino5Print17availableForWriteEv
                0x00008772        0x4 .pio\build\uno_r4_wifi\libFrameworkArduino.a(Serial.cpp.o)
                0x00008772                arduino::Print::availableForWrite()
 .text._ZN4UARTcvbEv
                0x00008776        0x4 .pio\build\uno_r4_wifi\libFrameworkArduino.a(Serial.cpp.o)
                0x00008776                UART::operator bool()
 .text._ZN4UART5beginEm
                0x0000877a        0xa .pio\build\uno_r4_wifi\libFrameworkArduino.a(Serial.cpp.o)
                0x0000877a                UART::begin(unsigned long)
 .text._ZN4UART4peekEv
                0x00008784       0x18 .pio\build\uno_r4_wifi\libFrameworkArduino.a(Serial.cpp.o)
                0x00008784                UART::peek()
 .text._ZN4UART5writeEh
                0x0000879c       0x30 .pio\build\uno_r4_wifi\libFrameworkArduino.a(Serial.cpp.o)
                0x0000879c                UART::write(unsigned char)
 .text._ZN4UART3endEv
                0x000087cc       0x22 .pio\build\uno_r4_wifi\libFrameworkArduino.a(Serial.cpp.o)
                0x000087cc                UART::end()
 .text._ZN7__GuardD2Ev
                0x000087ee        0xc .pio\build\uno_r4_wifi\libFrameworkArduino.a(Serial.cpp.o)
                0x000087ee                __Guard::~__Guard()
                0x000087ee                __Guard::~__Guard()
 *fill*         0x000087fa        0x2 ff
 .text._ZN4UART15WrapperCallbackEP20st_uart_callback_arg
                0x000087fc       0x88 .pio\build\uno_r4_wifi\libFrameworkArduino.a(Serial.cpp.o)
                0x000087fc                UART::WrapperCallback(st_uart_callback_arg*)
 .text._ZN4UART4readEv
                0x00008884       0x5c .pio\build\uno_r4_wifi\libFrameworkArduino.a(Serial.cpp.o)
                0x00008884                UART::read()
 .text._ZN4UARTC2Eiiii
                0x000088e0       0x70 .pio\build\uno_r4_wifi\libFrameworkArduino.a(Serial.cpp.o)
                0x000088e0                UART::UART(int, int, int, int)
                0x000088e0                UART::UART(int, int, int, int)
 .text._ZN4UART13setUpUartIrqsER11st_uart_cfg
                0x00008950       0x14 .pio\build\uno_r4_wifi\libFrameworkArduino.a(Serial.cpp.o)
                0x00008950                UART::setUpUartIrqs(st_uart_cfg&)
 .text._ZN4UART5writeEPhj
                0x00008964       0x2a .pio\build\uno_r4_wifi\libFrameworkArduino.a(Serial.cpp.o)
                0x00008964                UART::write(unsigned char*, unsigned int)
 *fill*         0x0000898e        0x2 ff
 .text._ZN4UART8cfg_pinsEi
                0x00008990       0xe8 .pio\build\uno_r4_wifi\libFrameworkArduino.a(Serial.cpp.o)
                0x00008990                UART::cfg_pins(int)
 .text._ZN4UART5beginEmt
                0x00008a78      0x1a8 .pio\build\uno_r4_wifi\libFrameworkArduino.a(Serial.cpp.o)
                0x00008a78                UART::begin(unsigned long, unsigned short)
 .text._ZN4UART9write_rawEPhj
                0x00008c20       0x1e .pio\build\uno_r4_wifi\libFrameworkArduino.a(Serial.cpp.o)
                0x00008c20                UART::write_raw(unsigned char*, unsigned int)
 .text._ZN7arduino15SafeRingBufferNILi512EE9availableEv
                0x00008c3e       0x32 .pio\build\uno_r4_wifi\libFrameworkArduino.a(Serial.cpp.o)
                0x00008c3e                arduino::SafeRingBufferN<512>::available()
 .text._ZN4UART9availableEv
                0x00008c70        0xa .pio\build\uno_r4_wifi\libFrameworkArduino.a(Serial.cpp.o)
                0x00008c70                UART::available()
 .text._ZN4UART5flushEv
                0x00008c7a       0x12 .pio\build\uno_r4_wifi\libFrameworkArduino.a(Serial.cpp.o)
                0x00008c7a                UART::flush()
 .text.startup._GLOBAL__sub_I__UART1_
                0x00008c8c       0x1c .pio\build\uno_r4_wifi\libFrameworkArduino.a(SerialObj1.cpp.o)
 .text.startup._GLOBAL__sub_I__UART3_
                0x00008ca8       0x1c .pio\build\uno_r4_wifi\libFrameworkArduino.a(SerialObj3.cpp.o)
 .text._Z10randomSeedm
                0x00008cc4       0x14 .pio\build\uno_r4_wifi\libFrameworkArduino.a(WMath.cpp.o)
                0x00008cc4                randomSeed(unsigned long)
 .text._Z6randoml
                0x00008cd8       0x48 .pio\build\uno_r4_wifi\libFrameworkArduino.a(WMath.cpp.o)
                0x00008cd8                random(long)
 .text._ZL13readAllGroupAP13ADC_Container
                0x00008d20       0x2c .pio\build\uno_r4_wifi\libFrameworkArduino.a(analog.cpp.o)
 .text._ZL11ADC_irq_cbkP20st_adc_callback_args
                0x00008d4c       0x58 .pio\build\uno_r4_wifi\libFrameworkArduino.a(analog.cpp.o)
 .text._ZL10adcConvertP13ADC_Containert
                0x00008da4       0xa4 .pio\build\uno_r4_wifi\libFrameworkArduino.a(analog.cpp.o)
 .text._ZL21get_ADC_container_ptrlRt.constprop.4
                0x00008e48       0x38 .pio\build\uno_r4_wifi\libFrameworkArduino.a(analog.cpp.o)
 .text._ZN13ADC_ContainerC2EhPFvP20st_adc_callback_argsEPv
                0x00008e80       0x6e .pio\build\uno_r4_wifi\libFrameworkArduino.a(analog.cpp.o)
                0x00008e80                ADC_Container::ADC_Container(unsigned char, void (*)(st_adc_callback_args*), void*)
                0x00008e80                ADC_Container::ADC_Container(unsigned char, void (*)(st_adc_callback_args*), void*)
 .text._ZN13ADC_ContainerD2Ev
                0x00008eee       0x12 .pio\build\uno_r4_wifi\libFrameworkArduino.a(analog.cpp.o)
                0x00008eee                ADC_Container::~ADC_Container()
                0x00008eee                ADC_Container::~ADC_Container()
 .text.analogRead
                0x00008f00       0x3c .pio\build\uno_r4_wifi\libFrameworkArduino.a(analog.cpp.o)
                0x00008f00                analogRead
 .text.analogReference
                0x00008f3c       0x5c .pio\build\uno_r4_wifi\libFrameworkArduino.a(analog.cpp.o)
                0x00008f3c                analogReference
 .text._Z15analogReferencev
                0x00008f98      0x10c .pio\build\uno_r4_wifi\libFrameworkArduino.a(analog.cpp.o)
                0x00008f98                analogReference()
 .text._Z23__get_timer_for_channeli
                0x000090a4       0x2c .pio\build\uno_r4_wifi\libFrameworkArduino.a(analog.cpp.o)
                0x000090a4                __get_timer_for_channel(int)
 .text.startup._GLOBAL__sub_I__ZN13ADC_ContainerC2EhPFvP20st_adc_callback_argsEPv
                0x000090d0       0x4c .pio\build\uno_r4_wifi\libFrameworkArduino.a(analog.cpp.o)
 .text.exit._GLOBAL__sub_D__ZN13ADC_ContainerC2EhPFvP20st_adc_callback_argsEPv
                0x0000911c       0x1c .pio\build\uno_r4_wifi\libFrameworkArduino.a(analog.cpp.o)
 .text._Z3maplllll
                0x00009138       0x14 .pio\build\uno_r4_wifi\libFrameworkArduino.a(Common.cpp.o)
                0x00009138                map(long, long, long, long, long)
 .text._ZNK7arduino9IPAddress7printToERNS_5PrintE
                0x0000914c      0x17c .pio\build\uno_r4_wifi\libFrameworkArduino.a(IPAddress.cpp.o)
                0x0000914c                arduino::IPAddress::printTo(arduino::Print&) const
 .text._ZN7arduino9IPAddressC2ENS_6IPTypeE
                0x000092c8       0x1c .pio\build\uno_r4_wifi\libFrameworkArduino.a(IPAddress.cpp.o)
                0x000092c8                arduino::IPAddress::IPAddress(arduino::IPType)
                0x000092c8                arduino::IPAddress::IPAddress(arduino::IPType)
 .text._ZN7arduino9IPAddressC2Ev
                0x000092e4        0xe .pio\build\uno_r4_wifi\libFrameworkArduino.a(IPAddress.cpp.o)
                0x000092e4                arduino::IPAddress::IPAddress()
                0x000092e4                arduino::IPAddress::IPAddress()
 *fill*         0x000092f2        0x2 ff
 .text._ZN7arduino9IPAddressC2Ehhhh
                0x000092f4       0x30 .pio\build\uno_r4_wifi\libFrameworkArduino.a(IPAddress.cpp.o)
                0x000092f4                arduino::IPAddress::IPAddress(unsigned char, unsigned char, unsigned char, unsigned char)
                0x000092f4                arduino::IPAddress::IPAddress(unsigned char, unsigned char, unsigned char, unsigned char)
 .text._ZNK7arduino9IPAddress9toString4Ev
                0x00009324       0x34 .pio\build\uno_r4_wifi\libFrameworkArduino.a(IPAddress.cpp.o)
                0x00009324                arduino::IPAddress::toString4() const
 .text._ZNK7arduino9IPAddress9toString6Ev
                0x00009358       0x60 .pio\build\uno_r4_wifi\libFrameworkArduino.a(IPAddress.cpp.o)
                0x00009358                arduino::IPAddress::toString6() const
 .text._ZNK7arduino9IPAddress8toStringEv
                0x000093b8       0x16 .pio\build\uno_r4_wifi\libFrameworkArduino.a(IPAddress.cpp.o)
                0x000093b8                arduino::IPAddress::toString() const
 .text._ZN7arduino9IPAddress11fromString4EPKc
                0x000093ce       0x70 .pio\build\uno_r4_wifi\libFrameworkArduino.a(IPAddress.cpp.o)
                0x000093ce                arduino::IPAddress::fromString4(char const*)
 .text._ZN7arduino9IPAddress11fromString6EPKc
                0x0000943e       0xfa .pio\build\uno_r4_wifi\libFrameworkArduino.a(IPAddress.cpp.o)
                0x0000943e                arduino::IPAddress::fromString6(char const*)
 .text._ZN7arduino9IPAddress10fromStringEPKc
                0x00009538       0x1a .pio\build\uno_r4_wifi\libFrameworkArduino.a(IPAddress.cpp.o)
                0x00009538                arduino::IPAddress::fromString(char const*)
 .text._ZNK7arduino9IPAddresseqERKS0_
                0x00009552       0x22 .pio\build\uno_r4_wifi\libFrameworkArduino.a(IPAddress.cpp.o)
                0x00009552                arduino::IPAddress::operator==(arduino::IPAddress const&) const
 .text.startup._GLOBAL__sub_I__ZN7arduino9IPAddressC2Ev
                0x00009574       0x28 .pio\build\uno_r4_wifi\libFrameworkArduino.a(IPAddress.cpp.o)
 .text._ZN7arduino5Print5writeEPKhj
                0x0000959c       0x2c .pio\build\uno_r4_wifi\libFrameworkArduino.a(Print.cpp.o)
                0x0000959c                arduino::Print::write(unsigned char const*, unsigned int)
 .text._ZN7arduino5Print5writeEPKc.part.2
                0x000095c8       0x1e .pio\build\uno_r4_wifi\libFrameworkArduino.a(Print.cpp.o)
 .text._ZN7arduino5Print5writeEPKc
                0x000095e6        0xa .pio\build\uno_r4_wifi\libFrameworkArduino.a(Print.cpp.o)
                0x000095e6                arduino::Print::write(char const*)
 .text._ZN7arduino5Print5printERKNS_6StringE
                0x000095f0        0xa .pio\build\uno_r4_wifi\libFrameworkArduino.a(Print.cpp.o)
                0x000095f0                arduino::Print::print(arduino::String const&)
 .text._ZN7arduino5Print5printEPKc
                0x000095fa        0x8 .pio\build\uno_r4_wifi\libFrameworkArduino.a(Print.cpp.o)
                0x000095fa                arduino::Print::print(char const*)
 .text._ZN7arduino5Print5printEc
                0x00009602        0x8 .pio\build\uno_r4_wifi\libFrameworkArduino.a(Print.cpp.o)
                0x00009602                arduino::Print::print(char)
 .text._ZN7arduino5Print5printERKNS_9PrintableE
                0x0000960a        0xc .pio\build\uno_r4_wifi\libFrameworkArduino.a(Print.cpp.o)
                0x0000960a                arduino::Print::print(arduino::Printable const&)
 *fill*         0x00009616        0x2 ff
 .text._ZN7arduino5Print7printlnEv
                0x00009618        0xc .pio\build\uno_r4_wifi\libFrameworkArduino.a(Print.cpp.o)
                0x00009618                arduino::Print::println()
 .text._ZN7arduino5Print7printlnERKNS_6StringE
                0x00009624       0x14 .pio\build\uno_r4_wifi\libFrameworkArduino.a(Print.cpp.o)
                0x00009624                arduino::Print::println(arduino::String const&)
 .text._ZN7arduino5Print7printlnEPKc
                0x00009638       0x14 .pio\build\uno_r4_wifi\libFrameworkArduino.a(Print.cpp.o)
                0x00009638                arduino::Print::println(char const*)
 .text._ZN7arduino5Print7printlnERKNS_9PrintableE
                0x0000964c       0x14 .pio\build\uno_r4_wifi\libFrameworkArduino.a(Print.cpp.o)
                0x0000964c                arduino::Print::println(arduino::Printable const&)
 .text._ZN7arduino5Print11printNumberEmh
                0x00009660       0x3c .pio\build\uno_r4_wifi\libFrameworkArduino.a(Print.cpp.o)
                0x00009660                arduino::Print::printNumber(unsigned long, unsigned char)
 .text._ZN7arduino5Print5printEmi
                0x0000969c       0x1a .pio\build\uno_r4_wifi\libFrameworkArduino.a(Print.cpp.o)
                0x0000969c                arduino::Print::print(unsigned long, int)
 .text._ZN7arduino5Print5printEhi
                0x000096b6        0x4 .pio\build\uno_r4_wifi\libFrameworkArduino.a(Print.cpp.o)
                0x000096b6                arduino::Print::print(unsigned char, int)
 .text._ZN7arduino6Stream9timedReadEv
                0x000096ba       0x2a .pio\build\uno_r4_wifi\libFrameworkArduino.a(Stream.cpp.o)
                0x000096ba                arduino::Stream::timedRead()
 .text._ZN7arduino6Stream10setTimeoutEm
                0x000096e4        0x4 .pio\build\uno_r4_wifi\libFrameworkArduino.a(Stream.cpp.o)
                0x000096e4                arduino::Stream::setTimeout(unsigned long)
 .text._ZN7arduino6Stream9readBytesEPcj
                0x000096e8       0x2a .pio\build\uno_r4_wifi\libFrameworkArduino.a(Stream.cpp.o)
                0x000096e8                arduino::Stream::readBytes(char*, unsigned int)
 *fill*         0x00009712        0x2 ff
 .text._ZN7arduino6Stream15readStringUntilEc
                0x00009714       0x30 .pio\build\uno_r4_wifi\libFrameworkArduino.a(Stream.cpp.o)
                0x00009714                arduino::Stream::readStringUntil(char)
 .text._ZN7arduino6StringC2EOS0_
                0x00009744       0x16 .pio\build\uno_r4_wifi\libFrameworkArduino.a(String.cpp.o)
                0x00009744                arduino::String::String(arduino::String&&)
                0x00009744                arduino::String::String(arduino::String&&)
 .text._ZN7arduino6StringD2Ev
                0x0000975a       0x10 .pio\build\uno_r4_wifi\libFrameworkArduino.a(String.cpp.o)
                0x0000975a                arduino::String::~String()
                0x0000975a                arduino::String::~String()
 .text._ZN7arduino6String10invalidateEv
                0x0000976a       0x16 .pio\build\uno_r4_wifi\libFrameworkArduino.a(String.cpp.o)
                0x0000976a                arduino::String::invalidate()
 .text._ZN7arduino6String12changeBufferEj
                0x00009780       0x18 .pio\build\uno_r4_wifi\libFrameworkArduino.a(String.cpp.o)
                0x00009780                arduino::String::changeBuffer(unsigned int)
 .text._ZN7arduino6String7reserveEj
                0x00009798       0x28 .pio\build\uno_r4_wifi\libFrameworkArduino.a(String.cpp.o)
                0x00009798                arduino::String::reserve(unsigned int)
 .text._ZN7arduino6String4copyEPKcj
                0x000097c0       0x30 .pio\build\uno_r4_wifi\libFrameworkArduino.a(String.cpp.o)
                0x000097c0                arduino::String::copy(char const*, unsigned int)
 .text._ZN7arduino6StringC2EPKc
                0x000097f0       0x24 .pio\build\uno_r4_wifi\libFrameworkArduino.a(String.cpp.o)
                0x000097f0                arduino::String::String(char const*)
                0x000097f0                arduino::String::String(char const*)
 .text._ZN7arduino6StringaSEPKc.part.4
                0x00009814       0x1a .pio\build\uno_r4_wifi\libFrameworkArduino.a(String.cpp.o)
 .text._ZN7arduino6String4moveERS0_
                0x0000982e       0x26 .pio\build\uno_r4_wifi\libFrameworkArduino.a(String.cpp.o)
                0x0000982e                arduino::String::move(arduino::String&)
 .text._ZN7arduino6StringaSERKS0_
                0x00009854       0x1e .pio\build\uno_r4_wifi\libFrameworkArduino.a(String.cpp.o)
                0x00009854                arduino::String::operator=(arduino::String const&)
 .text._ZN7arduino6StringC2ERKS0_
                0x00009872       0x14 .pio\build\uno_r4_wifi\libFrameworkArduino.a(String.cpp.o)
                0x00009872                arduino::String::String(arduino::String const&)
                0x00009872                arduino::String::String(arduino::String const&)
 .text._ZN7arduino6StringaSEOS0_
                0x00009886        0xc .pio\build\uno_r4_wifi\libFrameworkArduino.a(String.cpp.o)
                0x00009886                arduino::String::operator=(arduino::String&&)
 .text._ZN7arduino6StringaSEPKc
                0x00009892       0x14 .pio\build\uno_r4_wifi\libFrameworkArduino.a(String.cpp.o)
                0x00009892                arduino::String::operator=(char const*)
 .text._ZN7arduino6String6concatEPKcj
                0x000098a6       0x42 .pio\build\uno_r4_wifi\libFrameworkArduino.a(String.cpp.o)
                0x000098a6                arduino::String::concat(char const*, unsigned int)
 .text._ZN7arduino6String6concatERKS0_
                0x000098e8        0x8 .pio\build\uno_r4_wifi\libFrameworkArduino.a(String.cpp.o)
                0x000098e8                arduino::String::concat(arduino::String const&)
 .text._ZN7arduino6String6concatEPKc.part.6
                0x000098f0       0x1a .pio\build\uno_r4_wifi\libFrameworkArduino.a(String.cpp.o)
 .text._ZN7arduino6String6concatEPKc
                0x0000990a        0xa .pio\build\uno_r4_wifi\libFrameworkArduino.a(String.cpp.o)
                0x0000990a                arduino::String::concat(char const*)
 .text._ZN7arduino6String6concatEc
                0x00009914       0x16 .pio\build\uno_r4_wifi\libFrameworkArduino.a(String.cpp.o)
                0x00009914                arduino::String::concat(char)
 .text._ZN7arduino6String6concatEi
                0x0000992a       0x1a .pio\build\uno_r4_wifi\libFrameworkArduino.a(String.cpp.o)
                0x0000992a                arduino::String::concat(int)
 .text._ZN7arduinoplERKNS_15StringSumHelperEPKc
                0x00009944       0x1a .pio\build\uno_r4_wifi\libFrameworkArduino.a(String.cpp.o)
                0x00009944                arduino::operator+(arduino::StringSumHelper const&, char const*)
 .text._ZN7arduinoplERKNS_15StringSumHelperEi
                0x0000995e       0x14 .pio\build\uno_r4_wifi\libFrameworkArduino.a(String.cpp.o)
                0x0000995e                arduino::operator+(arduino::StringSumHelper const&, int)
 .text._ZNK7arduino6String9compareToERKS0_
                0x00009972       0x2a .pio\build\uno_r4_wifi\libFrameworkArduino.a(String.cpp.o)
                0x00009972                arduino::String::compareTo(arduino::String const&) const
 .text._ZNK7arduino6String9compareToEPKc
                0x0000999c       0x2a .pio\build\uno_r4_wifi\libFrameworkArduino.a(String.cpp.o)
                0x0000999c                arduino::String::compareTo(char const*) const
 .text._ZNK7arduino6String6equalsERKS0_
                0x000099c6       0x1a .pio\build\uno_r4_wifi\libFrameworkArduino.a(String.cpp.o)
                0x000099c6                arduino::String::equals(arduino::String const&) const
 .text._ZNK7arduino6String16equalsIgnoreCaseERKS0_
                0x000099e0       0x38 .pio\build\uno_r4_wifi\libFrameworkArduino.a(String.cpp.o)
                0x000099e0                arduino::String::equalsIgnoreCase(arduino::String const&) const
 .text._ZNK7arduino6String10startsWithERKS0_j
                0x00009a18       0x2c .pio\build\uno_r4_wifi\libFrameworkArduino.a(String.cpp.o)
                0x00009a18                arduino::String::startsWith(arduino::String const&, unsigned int) const
 .text._ZNK7arduino6String10startsWithERKS0_
                0x00009a44       0x12 .pio\build\uno_r4_wifi\libFrameworkArduino.a(String.cpp.o)
                0x00009a44                arduino::String::startsWith(arduino::String const&) const
 *fill*         0x00009a56        0x2 ff
 .text._ZN7arduino6StringixEj
                0x00009a58       0x1c .pio\build\uno_r4_wifi\libFrameworkArduino.a(String.cpp.o)
                0x00009a58                arduino::String::operator[](unsigned int)
 .text._ZNK7arduino6String7indexOfEcj
                0x00009a74       0x22 .pio\build\uno_r4_wifi\libFrameworkArduino.a(String.cpp.o)
                0x00009a74                arduino::String::indexOf(char, unsigned int) const
 .text._ZNK7arduino6String7indexOfEc
                0x00009a96        0x6 .pio\build\uno_r4_wifi\libFrameworkArduino.a(String.cpp.o)
                0x00009a96                arduino::String::indexOf(char) const
 .text._ZNK7arduino6String7indexOfERKS0_j
                0x00009a9c       0x24 .pio\build\uno_r4_wifi\libFrameworkArduino.a(String.cpp.o)
                0x00009a9c                arduino::String::indexOf(arduino::String const&, unsigned int) const
 .text._ZNK7arduino6String7indexOfERKS0_
                0x00009ac0        0x6 .pio\build\uno_r4_wifi\libFrameworkArduino.a(String.cpp.o)
                0x00009ac0                arduino::String::indexOf(arduino::String const&) const
 *fill*         0x00009ac6        0x2 ff
 .text._ZNK7arduino6String9substringEjj
                0x00009ac8       0x40 .pio\build\uno_r4_wifi\libFrameworkArduino.a(String.cpp.o)
                0x00009ac8                arduino::String::substring(unsigned int, unsigned int) const
 .text._ZN7arduino6String6removeEjj
                0x00009b08       0x32 .pio\build\uno_r4_wifi\libFrameworkArduino.a(String.cpp.o)
                0x00009b08                arduino::String::remove(unsigned int, unsigned int)
 .text._ZN7arduino6String4trimEv
                0x00009b3a       0x52 .pio\build\uno_r4_wifi\libFrameworkArduino.a(String.cpp.o)
                0x00009b3a                arduino::String::trim()
 .text._ZNK7arduino6String5toIntEv
                0x00009b8c        0xa .pio\build\uno_r4_wifi\libFrameworkArduino.a(String.cpp.o)
                0x00009b8c                arduino::String::toInt() const
 *fill*         0x00009b96        0x2 ff
 .text._ZN4CDacC2Eh
                0x00009b98       0x6c .pio\build\uno_r4_wifi\libFrameworkArduino.a(dac.cpp.o)
                0x00009b98                CDac::CDac(unsigned char)
                0x00009b98                CDac::CDac(unsigned char)
 .text.startup._GLOBAL__sub_I__ZN4CDacC2Eh
                0x00009c04        0xc .pio\build\uno_r4_wifi\libFrameworkArduino.a(dac.cpp.o)
 .text.pinMode  0x00009c10       0x30 .pio\build\uno_r4_wifi\libFrameworkArduino.a(digital.cpp.o)
                0x00009c10                pinMode
 .text.digitalWrite
                0x00009c40       0x18 .pio\build\uno_r4_wifi\libFrameworkArduino.a(digital.cpp.o)
                0x00009c40                digitalWrite
 .text.digitalRead
                0x00009c58       0x28 .pio\build\uno_r4_wifi\libFrameworkArduino.a(digital.cpp.o)
                0x00009c58                digitalRead
 .text.ltoa     0x00009c80       0x70 .pio\build\uno_r4_wifi\libFrameworkArduino.a(itoa.c.o)
                0x00009c80                ltoa
 .text.itoa     0x00009cf0        0x4 .pio\build\uno_r4_wifi\libFrameworkArduino.a(itoa.c.o)
                0x00009cf0                itoa
 .text.R_BSP_PinAccessEnable
                0x00009cf4       0x2c .pio\build\uno_r4_wifi\libFrameworkArduino.a(main.cpp.o)
 .text._Z12arduino_mainv
                0x00009d20       0x8c .pio\build\uno_r4_wifi\libFrameworkArduino.a(main.cpp.o)
                0x00009d20                arduino_main()
 .text._write   0x00009dac        0xc .pio\build\uno_r4_wifi\libFrameworkArduino.a(main.cpp.o)
                0x00009dac                _write
 .text.hal_entry
                0x00009db8        0x6 .pio\build\uno_r4_wifi\libFrameworkArduino.a(main.cpp.o)
                0x00009db8                hal_entry
 .text.atexit   0x00009dbe        0x4 .pio\build\uno_r4_wifi\libFrameworkArduino.a(main.cpp.o)
                0x00009dbe                atexit
 *fill*         0x00009dc2        0x2 ff
 .text._Z13pinPeripheral19e_bsp_io_port_pin_tm
                0x00009dc4       0x10 .pio\build\uno_r4_wifi\libFrameworkArduino.a(pinDefinitions.cpp.o)
                0x00009dc4                pinPeripheral(e_bsp_io_port_pin_t, unsigned long)
 .text._ZL21timer_micros_callbackP22st_timer_callback_args
                0x00009dd4       0x10 .pio\build\uno_r4_wifi\libFrameworkArduino.a(time.cpp.o)
 .text.delayMicroseconds
                0x00009de4        0x6 .pio\build\uno_r4_wifi\libFrameworkArduino.a(time.cpp.o)
                0x00009de4                delayMicroseconds
 .text.yield    0x00009dea        0x2 .pio\build\uno_r4_wifi\libFrameworkArduino.a(time.cpp.o)
                0x00009dea                yield
 .text.delay    0x00009dec       0x1c .pio\build\uno_r4_wifi\libFrameworkArduino.a(time.cpp.o)
                0x00009dec                delay
 .text._Z8startAgtv
                0x00009e08       0x6c .pio\build\uno_r4_wifi\libFrameworkArduino.a(time.cpp.o)
                0x00009e08                startAgt()
 .text.millis   0x00009e74        0xc .pio\build\uno_r4_wifi\libFrameworkArduino.a(time.cpp.o)
                0x00009e74                millis
 .text.startup._GLOBAL__sub_I_delayMicroseconds
                0x00009e80        0xc .pio\build\uno_r4_wifi\libFrameworkArduino.a(time.cpp.o)
 .text.exit._GLOBAL__sub_D_delayMicroseconds
                0x00009e8c        0xc .pio\build\uno_r4_wifi\libFrameworkArduino.a(time.cpp.o)
 .text._Z10getPinCfgsh11PinCfgReq_t
                0x00009e98       0xe0 .pio\build\uno_r4_wifi\libFrameworkArduino.a(variant_helper.cpp.o)
                0x00009e98                getPinCfgs(unsigned char, PinCfgReq_t)
 .text._ZN8FspTimerC2Ev
                0x00009f78       0x18 .pio\build\uno_r4_wifi\libFrameworkArduino.a(FspTimer.cpp.o)
                0x00009f78                FspTimer::FspTimer()
                0x00009f78                FspTimer::FspTimer()
 .text._ZN8FspTimer5beginE12e_timer_modehhmm18e_timer_source_divPFvP22st_timer_callback_argsEPv
                0x00009f90      0x16c .pio\build\uno_r4_wifi\libFrameworkArduino.a(FspTimer.cpp.o)
                0x00009f90                FspTimer::begin(e_timer_mode, unsigned char, unsigned char, unsigned long, unsigned long, e_timer_source_div, void (*)(st_timer_callback_args*), void*)
 .text._ZN8FspTimer4openEv
                0x0000a0fc       0x4e .pio\build\uno_r4_wifi\libFrameworkArduino.a(FspTimer.cpp.o)
                0x0000a0fc                FspTimer::open()
 .text._ZN8FspTimer5startEv
                0x0000a14a       0x2e .pio\build\uno_r4_wifi\libFrameworkArduino.a(FspTimer.cpp.o)
                0x0000a14a                FspTimer::start()
 .text._ZN8FspTimer5closeEv
                0x0000a178       0x2e .pio\build\uno_r4_wifi\libFrameworkArduino.a(FspTimer.cpp.o)
                0x0000a178                FspTimer::close()
 *fill*         0x0000a1a6        0x2 ff
 .text._ZN8FspTimer3endEv
                0x0000a1a8       0x48 .pio\build\uno_r4_wifi\libFrameworkArduino.a(FspTimer.cpp.o)
                0x0000a1a8                FspTimer::end()
 .text._ZN8FspTimerD2Ev
                0x0000a1f0        0xc .pio\build\uno_r4_wifi\libFrameworkArduino.a(FspTimer.cpp.o)
                0x0000a1f0                FspTimer::~FspTimer()
                0x0000a1f0                FspTimer::~FspTimer()
 .text._ZN8FspTimer15get_cfg_for_irqEv
                0x0000a1fc       0x14 .pio\build\uno_r4_wifi\libFrameworkArduino.a(FspTimer.cpp.o)
                0x0000a1fc                FspTimer::get_cfg_for_irq()
 .text._ZN8FspTimer9is_openedEv
                0x0000a210       0x18 .pio\build\uno_r4_wifi\libFrameworkArduino.a(FspTimer.cpp.o)
                0x0000a210                FspTimer::is_opened()
 .text._ZN8FspTimer18setup_overflow_irqEhPFvvE
                0x0000a228       0x4e .pio\build\uno_r4_wifi\libFrameworkArduino.a(FspTimer.cpp.o)
                0x0000a228                FspTimer::setup_overflow_irq(unsigned char, void (*)())
 *fill*         0x0000a276        0x2 ff
 .text.__NVIC_SetPriority
                0x0000a278       0x28 .pio\build\uno_r4_wifi\libFrameworkArduino.a(IRQManager.cpp.o)
 .text.R_BSP_IrqEnable
                0x0000a2a0       0x34 .pio\build\uno_r4_wifi\libFrameworkArduino.a(IRQManager.cpp.o)
 .text.R_BSP_IrqDisable
                0x0000a2d4       0x24 .pio\build\uno_r4_wifi\libFrameworkArduino.a(IRQManager.cpp.o)
 .text.__tcf_0  0x0000a2f8        0x2 .pio\build\uno_r4_wifi\libFrameworkArduino.a(IRQManager.cpp.o)
 *fill*         0x0000a2fa        0x2 ff
 .text._ZN10IRQManager11getInstanceEv
                0x0000a2fc       0x38 .pio\build\uno_r4_wifi\libFrameworkArduino.a(IRQManager.cpp.o)
                0x0000a2fc                IRQManager::getInstance()
 .text._ZN10IRQManager18set_ext_link_eventEii
                0x0000a334       0xc8 .pio\build\uno_r4_wifi\libFrameworkArduino.a(IRQManager.cpp.o)
                0x0000a334                IRQManager::set_ext_link_event(int, int)
 .text._ZN10IRQManager23set_gpt_over_link_eventEii
                0x0000a3fc       0x70 .pio\build\uno_r4_wifi\libFrameworkArduino.a(IRQManager.cpp.o)
                0x0000a3fc                IRQManager::set_gpt_over_link_event(int, int)
 .text._ZN10IRQManager18set_agt_link_eventEii
                0x0000a46c       0x28 .pio\build\uno_r4_wifi\libFrameworkArduino.a(IRQManager.cpp.o)
                0x0000a46c                IRQManager::set_agt_link_event(int, int)
 .text._ZN10IRQManager16addTimerOverflowER5timerPFvvE
                0x0000a494       0x80 .pio\build\uno_r4_wifi\libFrameworkArduino.a(IRQManager.cpp.o)
                0x0000a494                IRQManager::addTimerOverflow(timer&, void (*)())
 .text._ZN10IRQManager21set_iic_tx_link_eventEii
                0x0000a514       0x20 .pio\build\uno_r4_wifi\libFrameworkArduino.a(IRQManager.cpp.o)
                0x0000a514                IRQManager::set_iic_tx_link_event(int, int)
 .text._ZN10IRQManager21set_iic_rx_link_eventEii
                0x0000a534       0x20 .pio\build\uno_r4_wifi\libFrameworkArduino.a(IRQManager.cpp.o)
                0x0000a534                IRQManager::set_iic_rx_link_event(int, int)
 .text._ZN10IRQManager22set_iic_tei_link_eventEii
                0x0000a554       0x20 .pio\build\uno_r4_wifi\libFrameworkArduino.a(IRQManager.cpp.o)
                0x0000a554                IRQManager::set_iic_tei_link_event(int, int)
 .text._ZN10IRQManager22set_iic_eri_link_eventEii
                0x0000a574       0x20 .pio\build\uno_r4_wifi\libFrameworkArduino.a(IRQManager.cpp.o)
                0x0000a574                IRQManager::set_iic_eri_link_event(int, int)
 .text._ZN10IRQManager21set_sci_tx_link_eventEii
                0x0000a594       0x38 .pio\build\uno_r4_wifi\libFrameworkArduino.a(IRQManager.cpp.o)
                0x0000a594                IRQManager::set_sci_tx_link_event(int, int)
 .text._ZN10IRQManager21set_sci_rx_link_eventEii
                0x0000a5cc       0x38 .pio\build\uno_r4_wifi\libFrameworkArduino.a(IRQManager.cpp.o)
                0x0000a5cc                IRQManager::set_sci_rx_link_event(int, int)
 .text._ZN10IRQManager22set_sci_tei_link_eventEii
                0x0000a604       0x38 .pio\build\uno_r4_wifi\libFrameworkArduino.a(IRQManager.cpp.o)
                0x0000a604                IRQManager::set_sci_tei_link_event(int, int)
 .text._ZN10IRQManager22set_sci_eri_link_eventEii
                0x0000a63c       0x38 .pio\build\uno_r4_wifi\libFrameworkArduino.a(IRQManager.cpp.o)
                0x0000a63c                IRQManager::set_sci_eri_link_event(int, int)
 .text._ZN10IRQManager21set_spi_tx_link_eventEii
                0x0000a674       0x20 .pio\build\uno_r4_wifi\libFrameworkArduino.a(IRQManager.cpp.o)
                0x0000a674                IRQManager::set_spi_tx_link_event(int, int)
 .text._ZN10IRQManager21set_spi_rx_link_eventEii
                0x0000a694       0x20 .pio\build\uno_r4_wifi\libFrameworkArduino.a(IRQManager.cpp.o)
                0x0000a694                IRQManager::set_spi_rx_link_event(int, int)
 .text._ZN10IRQManager22set_spi_tei_link_eventEii
                0x0000a6b4       0x20 .pio\build\uno_r4_wifi\libFrameworkArduino.a(IRQManager.cpp.o)
                0x0000a6b4                IRQManager::set_spi_tei_link_event(int, int)
 .text._ZN10IRQManager22set_spi_eri_link_eventEii
                0x0000a6d4       0x20 .pio\build\uno_r4_wifi\libFrameworkArduino.a(IRQManager.cpp.o)
                0x0000a6d4                IRQManager::set_spi_eri_link_event(int, int)
 .text._ZN10IRQManager13addPeripheralE12Peripheral_tPv
                0x0000a6f4      0x904 .pio\build\uno_r4_wifi\libFrameworkArduino.a(IRQManager.cpp.o)
                0x0000a6f4                IRQManager::addPeripheral(Peripheral_t, void*)
 .text.dump_stack
                0x0000aff8       0x7c .pio\build\uno_r4_wifi\libFrameworkArduino.a(cm_backtrace.c.o)
 .text.cm_backtrace_init
                0x0000b074       0x74 .pio\build\uno_r4_wifi\libFrameworkArduino.a(cm_backtrace.c.o)
                0x0000b074                cm_backtrace_init
 .text.cm_backtrace_firmware_info
                0x0000b0e8       0x2c .pio\build\uno_r4_wifi\libFrameworkArduino.a(cm_backtrace.c.o)
                0x0000b0e8                cm_backtrace_firmware_info
 .text.cm_backtrace_call_stack
                0x0000b114       0xe4 .pio\build\uno_r4_wifi\libFrameworkArduino.a(cm_backtrace.c.o)
                0x0000b114                cm_backtrace_call_stack
 .text.print_call_stack
                0x0000b1f8       0x94 .pio\build\uno_r4_wifi\libFrameworkArduino.a(cm_backtrace.c.o)
 .text.cm_backtrace_fault
                0x0000b28c      0x470 .pio\build\uno_r4_wifi\libFrameworkArduino.a(cm_backtrace.c.o)
                0x0000b28c                cm_backtrace_fault
 .text.Stacktrace_Handler
                0x0000b6fc        0xa .pio\build\uno_r4_wifi\libFrameworkArduino.a(cortex_handlers.c.o)
                0x0000b6fc                Stacktrace_Handler
 *fill*         0x0000b706        0x2 ff
 .text.r_spi_call_callback
                0x0000b708       0x40 C:\Users\Nick\.platformio\packages\framework-arduinorenesas-uno\variants\UNOWIFIR4\libs\libfsp.a(r_spi.o)
 .text.spi_rxi_isr
                0x0000b748       0x9c C:\Users\Nick\.platformio\packages\framework-arduinorenesas-uno\variants\UNOWIFIR4\libs\libfsp.a(r_spi.o)
                0x0000b748                spi_rxi_isr
 .text.spi_txi_isr
                0x0000b7e4       0xd8 C:\Users\Nick\.platformio\packages\framework-arduinorenesas-uno\variants\UNOWIFIR4\libs\libfsp.a(r_spi.o)
                0x0000b7e4                spi_txi_isr
 .text.spi_tei_isr
                0x0000b8bc       0xe0 C:\Users\Nick\.platformio\packages\framework-arduinorenesas-uno\variants\UNOWIFIR4\libs\libfsp.a(r_spi.o)
                0x0000b8bc                spi_tei_isr
 .text.spi_eri_isr
                0x0000b99c       0xdc C:\Users\Nick\.platformio\packages\framework-arduinorenesas-uno\variants\UNOWIFIR4\libs\libfsp.a(r_spi.o)
                0x0000b99c                spi_eri_isr
 .text.R_SCI_UART_Write
                0x0000ba78       0xb0 C:\Users\Nick\.platformio\packages\framework-arduinorenesas-uno\variants\UNOWIFIR4\libs\libfsp.a(r_sci_uart.o)
                0x0000ba78                R_SCI_UART_Write
 .text.R_SCI_UART_BaudSet
                0x0000bb28       0x44 C:\Users\Nick\.platformio\packages\framework-arduinorenesas-uno\variants\UNOWIFIR4\libs\libfsp.a(r_sci_uart.o)
                0x0000bb28                R_SCI_UART_BaudSet
 .text.R_SCI_UART_Close
                0x0000bb6c       0xd8 C:\Users\Nick\.platformio\packages\framework-arduinorenesas-uno\variants\UNOWIFIR4\libs\libfsp.a(r_sci_uart.o)
                0x0000bb6c                R_SCI_UART_Close
 .text.r_sci_uart_call_callback
                0x0000bc44       0x44 C:\Users\Nick\.platformio\packages\framework-arduinorenesas-uno\variants\UNOWIFIR4\libs\libfsp.a(r_sci_uart.o)
 .text.r_sci_uart_transfer_configure.isra.0
                0x0000bc88       0x38 C:\Users\Nick\.platformio\packages\framework-arduinorenesas-uno\variants\UNOWIFIR4\libs\libfsp.a(r_sci_uart.o)
 .text.R_SCI_UART_Open
                0x0000bcc0      0x448 C:\Users\Nick\.platformio\packages\framework-arduinorenesas-uno\variants\UNOWIFIR4\libs\libfsp.a(r_sci_uart.o)
                0x0000bcc0                R_SCI_UART_Open
 .text.R_SCI_UART_BaudCalculate
                0x0000c108      0x184 C:\Users\Nick\.platformio\packages\framework-arduinorenesas-uno\variants\UNOWIFIR4\libs\libfsp.a(r_sci_uart.o)
                0x0000c108                R_SCI_UART_BaudCalculate
 .text.sci_uart_txi_isr
                0x0000c28c       0xec C:\Users\Nick\.platformio\packages\framework-arduinorenesas-uno\variants\UNOWIFIR4\libs\libfsp.a(r_sci_uart.o)
                0x0000c28c                sci_uart_txi_isr
 .text.sci_uart_rxi_isr
                0x0000c378      0x184 C:\Users\Nick\.platformio\packages\framework-arduinorenesas-uno\variants\UNOWIFIR4\libs\libfsp.a(r_sci_uart.o)
                0x0000c378                sci_uart_rxi_isr
 .text.sci_uart_tei_isr
                0x0000c4fc       0x40 C:\Users\Nick\.platformio\packages\framework-arduinorenesas-uno\variants\UNOWIFIR4\libs\libfsp.a(r_sci_uart.o)
                0x0000c4fc                sci_uart_tei_isr
 .text.sci_uart_eri_isr
                0x0000c53c       0x78 C:\Users\Nick\.platformio\packages\framework-arduinorenesas-uno\variants\UNOWIFIR4\libs\libfsp.a(r_sci_uart.o)
                0x0000c53c                sci_uart_eri_isr
 .text.r_sci_spi_call_callback
                0x0000c5b4       0x40 C:\Users\Nick\.platformio\packages\framework-arduinorenesas-uno\variants\UNOWIFIR4\libs\libfsp.a(r_sci_spi.o)
 .text.sci_spi_txi_isr
                0x0000c5f4       0x68 C:\Users\Nick\.platformio\packages\framework-arduinorenesas-uno\variants\UNOWIFIR4\libs\libfsp.a(r_sci_spi.o)
                0x0000c5f4                sci_spi_txi_isr
 .text.sci_spi_rxi_isr
                0x0000c65c       0x74 C:\Users\Nick\.platformio\packages\framework-arduinorenesas-uno\variants\UNOWIFIR4\libs\libfsp.a(r_sci_spi.o)
                0x0000c65c                sci_spi_rxi_isr
 .text.sci_spi_tei_isr
                0x0000c6d0       0x3c C:\Users\Nick\.platformio\packages\framework-arduinorenesas-uno\variants\UNOWIFIR4\libs\libfsp.a(r_sci_spi.o)
                0x0000c6d0                sci_spi_tei_isr
 .text.sci_spi_eri_isr
                0x0000c70c       0x44 C:\Users\Nick\.platformio\packages\framework-arduinorenesas-uno\variants\UNOWIFIR4\libs\libfsp.a(r_sci_spi.o)
                0x0000c70c                sci_spi_eri_isr
 .text.sci_i2c_enable_transfer_support_tx
                0x0000c750       0x34 C:\Users\Nick\.platformio\packages\framework-arduinorenesas-uno\variants\UNOWIFIR4\libs\libfsp.a(r_sci_i2c.o)
 .text.sci_i2c_notify
                0x0000c784       0x64 C:\Users\Nick\.platformio\packages\framework-arduinorenesas-uno\variants\UNOWIFIR4\libs\libfsp.a(r_sci_i2c.o)
                0x0000c784                sci_i2c_notify
 .text.sci_i2c_rxi_isr
                0x0000c7e8       0x20 C:\Users\Nick\.platformio\packages\framework-arduinorenesas-uno\variants\UNOWIFIR4\libs\libfsp.a(r_sci_i2c.o)
                0x0000c7e8                sci_i2c_rxi_isr
 .text.sci_i2c_txi_isr
                0x0000c808      0x198 C:\Users\Nick\.platformio\packages\framework-arduinorenesas-uno\variants\UNOWIFIR4\libs\libfsp.a(r_sci_i2c.o)
                0x0000c808                sci_i2c_txi_isr
 .text.sci_i2c_tei_isr
                0x0000c9a0       0xf0 C:\Users\Nick\.platformio\packages\framework-arduinorenesas-uno\variants\UNOWIFIR4\libs\libfsp.a(r_sci_i2c.o)
                0x0000c9a0                sci_i2c_tei_isr
 .text.HW_SCE_McuSpecificInit
                0x0000ca90       0x38 C:\Users\Nick\.platformio\packages\framework-arduinorenesas-uno\variants\UNOWIFIR4\libs\libfsp.a(r_sce_adapt.o)
                0x0000ca90                HW_SCE_McuSpecificInit
 .text.HW_SCE_RNG_Read
                0x0000cac8       0x14 C:\Users\Nick\.platformio\packages\framework-arduinorenesas-uno\variants\UNOWIFIR4\libs\libfsp.a(r_sce_adapt.o)
                0x0000cac8                HW_SCE_RNG_Read
 .text.change_endian_long
                0x0000cadc        0x4 C:\Users\Nick\.platformio\packages\framework-arduinorenesas-uno\variants\UNOWIFIR4\libs\libfsp.a(r_sce_adapt.o)
                0x0000cadc                change_endian_long
 .text.rtc_alarm_periodic_isr
                0x0000cae0       0x68 C:\Users\Nick\.platformio\packages\framework-arduinorenesas-uno\variants\UNOWIFIR4\libs\libfsp.a(r_rtc.o)
                0x0000cae0                rtc_alarm_periodic_isr
 .text.rtc_carry_isr
                0x0000cb48       0x2c C:\Users\Nick\.platformio\packages\framework-arduinorenesas-uno\variants\UNOWIFIR4\libs\libfsp.a(r_rtc.o)
                0x0000cb48                rtc_carry_isr
 .text.R_IOPORT_PinRead
                0x0000cb74       0x1c C:\Users\Nick\.platformio\packages\framework-arduinorenesas-uno\variants\UNOWIFIR4\libs\libfsp.a(r_ioport.o)
                0x0000cb74                R_IOPORT_PinRead
 .text.R_IOPORT_PinWrite
                0x0000cb90       0x20 C:\Users\Nick\.platformio\packages\framework-arduinorenesas-uno\variants\UNOWIFIR4\libs\libfsp.a(r_ioport.o)
                0x0000cb90                R_IOPORT_PinWrite
 .text.bsp_vbatt_init
                0x0000cbb0       0xac C:\Users\Nick\.platformio\packages\framework-arduinorenesas-uno\variants\UNOWIFIR4\libs\libfsp.a(r_ioport.o)
 .text.R_IOPORT_PinCfg
                0x0000cc5c       0xa8 C:\Users\Nick\.platformio\packages\framework-arduinorenesas-uno\variants\UNOWIFIR4\libs\libfsp.a(r_ioport.o)
                0x0000cc5c                R_IOPORT_PinCfg
 .text.r_iic_slave_call_callback
                0x0000cd04       0x3c C:\Users\Nick\.platformio\packages\framework-arduinorenesas-uno\variants\UNOWIFIR4\libs\libfsp.a(r_iic_slave.o)
 .text.iic_slave_initiate_transaction
                0x0000cd40       0x74 C:\Users\Nick\.platformio\packages\framework-arduinorenesas-uno\variants\UNOWIFIR4\libs\libfsp.a(r_iic_slave.o)
 .text.iic_slave_rxi_isr
                0x0000cdb4      0x12c C:\Users\Nick\.platformio\packages\framework-arduinorenesas-uno\variants\UNOWIFIR4\libs\libfsp.a(r_iic_slave.o)
                0x0000cdb4                iic_slave_rxi_isr
 .text.iic_slave_txi_isr
                0x0000cee0       0xa8 C:\Users\Nick\.platformio\packages\framework-arduinorenesas-uno\variants\UNOWIFIR4\libs\libfsp.a(r_iic_slave.o)
                0x0000cee0                iic_slave_txi_isr
 .text.iic_slave_tei_isr
                0x0000cf88       0x94 C:\Users\Nick\.platformio\packages\framework-arduinorenesas-uno\variants\UNOWIFIR4\libs\libfsp.a(r_iic_slave.o)
                0x0000cf88                iic_slave_tei_isr
 .text.iic_slave_eri_isr
                0x0000d01c      0x10c C:\Users\Nick\.platformio\packages\framework-arduinorenesas-uno\variants\UNOWIFIR4\libs\libfsp.a(r_iic_slave.o)
                0x0000d01c                iic_slave_eri_isr
 .text.iic_master_notify
                0x0000d128       0x3c C:\Users\Nick\.platformio\packages\framework-arduinorenesas-uno\variants\UNOWIFIR4\libs\libfsp.a(r_iic_master.o)
 .text.iic_master_open_hw_master
                0x0000d164      0x184 C:\Users\Nick\.platformio\packages\framework-arduinorenesas-uno\variants\UNOWIFIR4\libs\libfsp.a(r_iic_master.o)
 .text.iic_master_rxi_isr
                0x0000d2e8      0x13c C:\Users\Nick\.platformio\packages\framework-arduinorenesas-uno\variants\UNOWIFIR4\libs\libfsp.a(r_iic_master.o)
                0x0000d2e8                iic_master_rxi_isr
 .text.iic_master_txi_isr
                0x0000d424       0xec C:\Users\Nick\.platformio\packages\framework-arduinorenesas-uno\variants\UNOWIFIR4\libs\libfsp.a(r_iic_master.o)
                0x0000d424                iic_master_txi_isr
 .text.iic_master_tei_isr
                0x0000d510       0xc4 C:\Users\Nick\.platformio\packages\framework-arduinorenesas-uno\variants\UNOWIFIR4\libs\libfsp.a(r_iic_master.o)
                0x0000d510                iic_master_tei_isr
 .text.iic_master_eri_isr
                0x0000d5d4      0x140 C:\Users\Nick\.platformio\packages\framework-arduinorenesas-uno\variants\UNOWIFIR4\libs\libfsp.a(r_iic_master.o)
                0x0000d5d4                iic_master_eri_isr
 .text.r_icu_isr
                0x0000d714       0x6c C:\Users\Nick\.platformio\packages\framework-arduinorenesas-uno\variants\UNOWIFIR4\libs\libfsp.a(r_icu.o)
                0x0000d714                r_icu_isr