Archive member included to satisfy reference by file (symbol)

.pio\build\uno_r4_wifi\lib5c2\libWiFiS3.a(WiFi.cpp.o)
                              .pio\build\uno_r4_wifi\src\main.cpp.o (CWifi::status())
.pio\build\uno_r4_wifi\lib5c2\libWiFiS3.a(Modem.cpp.o)
                              .pio\build\uno_r4_wifi\lib5c2\libWiFiS3.a(WiFi.cpp.o) (ModemClass::write(std::__cxx11::basic_string<char, std::char_traits<char>, std::allocator<char> > const&, std::__cxx11::basic_string<char, std::char_traits<char>, std::allocator<char> >&, char const*, ...))
.pio\build\uno_r4_wifi\lib5c2\libWiFiS3.a(StringHelpers.cpp.o)
                              .pio\build\uno_r4_wifi\lib5c2\libWiFiS3.a(Modem.cpp.o) (trim(std::__cxx11::basic_string<char, std::char_traits<char>, std::allocator<char> >&))
.pio\build\uno_r4_wifi\libc2b\libarduinoWebSockets-2.6.1.a(SocketIOclient.cpp.o)
                              .pio\build\uno_r4_wifi\src\main.cpp.o (SocketIOclient::~SocketIOclient())
.pio\build\uno_r4_wifi\libc2b\libarduinoWebSockets-2.6.1.a(WebSockets.cpp.o)
                              .pio\build\uno_r4_wifi\libc2b\libarduinoWebSockets-2.6.1.a(SocketIOclient.cpp.o) (WebSockets::write(WSclient_t*, unsigned char*, unsigned int))
.pio\build\uno_r4_wifi\libc2b\libarduinoWebSockets-2.6.1.a(WebSocketsClient.cpp.o)
                              .pio\build\uno_r4_wifi\libc2b\libarduinoWebSockets-2.6.1.a(SocketIOclient.cpp.o) (WebSocketsClient::messageReceived(WSclient_t*, WSopcode_t, unsigned char*, unsigned int, bool))
.pio\build\uno_r4_wifi\libc2b\libarduinoWebSockets-2.6.1.a(cencode.c.o)
                              .pio\build\uno_r4_wifi\libc2b\libarduinoWebSockets-2.6.1.a(WebSockets.cpp.o) (base64_init_encodestate)
.pio\build\uno_r4_wifi\libc2b\libarduinoWebSockets-2.6.1.a(libsha1.c.o)
                              .pio\build\uno_r4_wifi\libc2b\libarduinoWebSockets-2.6.1.a(WebSockets.cpp.o) (SHA1Init)
.pio\build\uno_r4_wifi\libFrameworkArduinoVariant.a(main.c.o)
                              c:/users/nick/.platformio/packages/toolchain-gccarmnoneeabi/bin/../lib/gcc/arm-none-eabi/7.2.1/../../../../arm-none-eabi/lib/thumb/v7e-m/fpv4-sp/hard/crt0.o (main)
.pio\build\uno_r4_wifi\libFrameworkArduino.a(Serial.cpp.o)
                              .pio\build\uno_r4_wifi\src\main.cpp.o (UART::operator bool())
.pio\build\uno_r4_wifi\libFrameworkArduino.a(SerialObj1.cpp.o)
                              .pio\build\uno_r4_wifi\src\main.cpp.o (_UART1_)
.pio\build\uno_r4_wifi\libFrameworkArduino.a(SerialObj3.cpp.o)
                              .pio\build\uno_r4_wifi\lib5c2\libWiFiS3.a(Modem.cpp.o) (_UART3_)
.pio\build\uno_r4_wifi\libFrameworkArduino.a(WMath.cpp.o)
                              .pio\build\uno_r4_wifi\libc2b\libarduinoWebSockets-2.6.1.a(WebSocketsClient.cpp.o) (randomSeed(unsigned long))
.pio\build\uno_r4_wifi\libFrameworkArduino.a(IPAddress.cpp.o)
                              .pio\build\uno_r4_wifi\lib5c2\libWiFiS3.a(WiFi.cpp.o) (arduino::IPAddress::IPAddress())
.pio\build\uno_r4_wifi\libFrameworkArduino.a(Print.cpp.o)
                              .pio\build\uno_r4_wifi\libFrameworkArduino.a(Serial.cpp.o) (arduino::Print::write(unsigned char const*, unsigned int))
.pio\build\uno_r4_wifi\libFrameworkArduino.a(Stream.cpp.o)
                              .pio\build\uno_r4_wifi\libc2b\libarduinoWebSockets-2.6.1.a(WebSocketsClient.cpp.o) (arduino::Stream::setTimeout(unsigned long))
.pio\build\uno_r4_wifi\libFrameworkArduino.a(String.cpp.o)
                              .pio\build\uno_r4_wifi\libc2b\libarduinoWebSockets-2.6.1.a(WebSockets.cpp.o) (arduino::String::String(arduino::String&&))
.pio\build\uno_r4_wifi\libFrameworkArduino.a(itoa.c.o)
                              .pio\build\uno_r4_wifi\libFrameworkArduino.a(String.cpp.o) (dtostrf)
.pio\build\uno_r4_wifi\libFrameworkArduino.a(main.cpp.o)
                              .pio\build\uno_r4_wifi\libFrameworkArduinoVariant.a(main.c.o) (hal_entry)
.pio\build\uno_r4_wifi\libFrameworkArduino.a(time.cpp.o)
                              .pio\build\uno_r4_wifi\libc2b\libarduinoWebSockets-2.6.1.a(WebSockets.cpp.o) (yield)
.pio\build\uno_r4_wifi\libFrameworkArduino.a(variant_helper.cpp.o)
                              .pio\build\uno_r4_wifi\libFrameworkArduino.a(Serial.cpp.o) (getPinCfgs(unsigned char, PinCfgReq_t))
.pio\build\uno_r4_wifi\libFrameworkArduino.a(vector_table.c.o)
                              .pio\build\uno_r4_wifi\libFrameworkArduino.a(main.cpp.o) (g_vector_table)
.pio\build\uno_r4_wifi\libFrameworkArduino.a(FspTimer.cpp.o)
                              .pio\build\uno_r4_wifi\libFrameworkArduino.a(time.cpp.o) (FspTimer::FspTimer())
.pio\build\uno_r4_wifi\libFrameworkArduino.a(IRQManager.cpp.o)
                              .pio\build\uno_r4_wifi\libFrameworkArduino.a(Serial.cpp.o) (IRQManager::getInstance())
.pio\build\uno_r4_wifi\libFrameworkArduino.a(analog.cpp.o)
                              .pio\build\uno_r4_wifi\libFrameworkArduino.a(main.cpp.o) (analogReference())
[...]
Memory Configuration

Name             Origin             Length             Attributes
FLASH            0x00004000         0x0003c000         xr
RAM              0x20000000         0x00008000         xrw
DATA_FLASH       0x40100000         0x00002000         xr
OPTION_SETTING   0x00000000         0x00000000         r
OPTION_SETTING_S 0x00000000         0x00000000         r
ID_CODE          0x01010018         0x00000020         xr
*default*        0x00000000         0xffffffff

Linker script and memory map

LOAD c:/users/nick/.platformio/packages/toolchain-gccarmnoneeabi/bin/../lib/gcc/arm-none-eabi/7.2.1/thumb/v7e-m/fpv4-sp/hard/crti.o
LOAD c:/users/nick/.platformio/packages/toolchain-gccarmnoneeabi/bin/../lib/gcc/arm-none-eabi/7.2.1/thumb/v7e-m/fpv4-sp/hard/crtbegin.o
LOAD c:/users/nick/.platformio/packages/toolchain-gccarmnoneeabi/bin/../lib/gcc/arm-none-eabi/7.2.1/../../../../arm-none-eabi/lib/thumb/v7e-m/fpv4-sp/hard/crt0.o
LOAD .pio\build\uno_r4_wifi\src\main.cpp.o
START GROUP
LOAD .pio\build\uno_r4_wifi\lib5c2\libWiFiS3.a
LOAD .pio\build\uno_r4_wifi\lib0f4\libSPI.a
LOAD .pio\build\uno_r4_wifi\libc2b\libarduinoWebSockets-2.6.1.a
LOAD .pio\build\uno_r4_wifi\libFrameworkArduinoVariant.a
LOAD .pio\build\uno_r4_wifi\libFrameworkArduino.a
LOAD C:\Users\Nick\.platformio\packages\framework-arduinorenesas-uno\variants\UNOWIFIR4\libs\libfsp.a
LOAD c:/users/nick/.platformio/packages/toolchain-gccarmnoneeabi/bin/../lib/gcc/arm-none-eabi/7.2.1/../../../../arm-none-eabi/lib/thumb/v7e-m/fpv4-sp/hard\libstdc++_nano.a
LOAD c:/users/nick/.platformio/packages/toolchain-gccarmnoneeabi/bin/../lib/gcc/arm-none-eabi/7.2.1/../../../../arm-none-eabi/lib/thumb/v7e-m/fpv4-sp/hard\libsupc++_nano.a
LOAD c:/users/nick/.platformio/packages/toolchain-gccarmnoneeabi/bin/../lib/gcc/arm-none-eabi/7.2.1/thumb/v7e-m/fpv4-sp/hard\libgcc.a
LOAD c:/users/nick/.platformio/packages/toolchain-gccarmnoneeabi/bin/../lib/gcc/arm-none-eabi/7.2.1/../../../../arm-none-eabi/lib/thumb/v7e-m/fpv4-sp/hard\libnosys.a
END GROUP
LOAD c:/users/nick/.platformio/packages/toolchain-gccarmnoneeabi/bin/../lib/gcc/arm-none-eabi/7.2.1/../../../../arm-none-eabi/lib/thumb/v7e-m/fpv4-sp/hard\libstdc++_nano.a
LOAD c:/users/nick/.platformio/packages/toolchain-gccarmnoneeabi/bin/../lib/gcc/arm-none-eabi/7.2.1/../../../../arm-none-eabi/lib/thumb/v7e-m/fpv4-sp/hard\libm.a
LOAD c:/users/nick/.platformio/packages/toolchain-gccarmnoneeabi/bin/../lib/gcc/arm-none-eabi/7.2.1/../../../../arm-none-eabi/lib/thumb/v7e-m/fpv4-sp/hard\libc_nano.a
START GROUP
LOAD c:/users/nick/.platformio/packages/toolchain-gccarmnoneeabi/bin/../lib/gcc/arm-none-eabi/7.2.1/thumb/v7e-m/fpv4-sp/hard\libgcc.a
LOAD c:/users/nick/.platformio/packages/toolchain-gccarmnoneeabi/bin/../lib/gcc/arm-none-eabi/7.2.1/../../../../arm-none-eabi/lib/thumb/v7e-m/fpv4-sp/hard\libg_nano.a
LOAD c:/users/nick/.platformio/packages/toolchain-gccarmnoneeabi/bin/../lib/gcc/arm-none-eabi/7.2.1/../../../../arm-none-eabi/lib/thumb/v7e-m/fpv4-sp/hard\libc_nano.a
END GROUP
START GROUP
LOAD c:/users/nick/.platformio/packages/toolchain-gccarmnoneeabi/bin/../lib/gcc/arm-none-eabi/7.2.1/thumb/v7e-m/fpv4-sp/hard\libgcc.a
LOAD c:/users/nick/.platformio/packages/toolchain-gccarmnoneeabi/bin/../lib/gcc/arm-none-eabi/7.2.1/../../../../arm-none-eabi/lib/thumb/v7e-m/fpv4-sp/hard\libc_nano.a
LOAD c:/users/nick/.platformio/packages/toolchain-gccarmnoneeabi/bin/../lib/gcc/arm-none-eabi/7.2.1/../../../../arm-none-eabi/lib/thumb/v7e-m/fpv4-sp/hard\libnosys.a
END GROUP
START GROUP
LOAD c:/users/nick/.platformio/packages/toolchain-gccarmnoneeabi/bin/../lib/gcc/arm-none-eabi/7.2.1/thumb/v7e-m/fpv4-sp/hard\libgcc.a
LOAD c:/users/nick/.platformio/packages/toolchain-gccarmnoneeabi/bin/../lib/gcc/arm-none-eabi/7.2.1/../../../../arm-none-eabi/lib/thumb/v7e-m/fpv4-sp/hard\libc_nano.a
LOAD c:/users/nick/.platformio/packages/toolchain-gccarmnoneeabi/bin/../lib/gcc/arm-none-eabi/7.2.1/../../../../arm-none-eabi/lib/thumb/v7e-m/fpv4-sp/hard\libnosys.a
END GROUP
LOAD c:/users/nick/.platformio/packages/toolchain-gccarmnoneeabi/bin/../lib/gcc/arm-none-eabi/7.2.1/thumb/v7e-m/fpv4-sp/hard/crtend.o
LOAD c:/users/nick/.platformio/packages/toolchain-gccarmnoneeabi/bin/../lib/gcc/arm-none-eabi/7.2.1/thumb/v7e-m/fpv4-sp/hard/crtn.o
                0x20000000                RAM_START = 0x20000000
                0x00008000                RAM_LENGTH = 0x8000
                0x00000000                FLASH_START = 0x0
                0x00040000                FLASH_LENGTH = 0x40000
                0x40100000                DATA_FLASH_START = 0x40100000
                0x00002000                DATA_FLASH_LENGTH = 0x2000
                0x00000000                OPTION_SETTING_START = 0x0
                0x00000000                OPTION_SETTING_LENGTH = 0x0
                0x00000000                OPTION_SETTING_S_START = 0x0
                0x00000000                OPTION_SETTING_S_LENGTH = 0x0
                0x01010018                ID_CODE_START = 0x1010018
                0x00000020                ID_CODE_LENGTH = 0x20
                0x90000000                SDRAM_START = 0x90000000
                0x00000000                SDRAM_LENGTH = 0x0
                0x60000000                QSPI_FLASH_START = 0x60000000
                0x00000000                QSPI_FLASH_LENGTH = 0x0
                0x68000000                OSPI_DEVICE_0_START = 0x68000000
                0x00000000                OSPI_DEVICE_0_LENGTH = 0x0
                0x70000000                OSPI_DEVICE_1_START = 0x70000000
                0x00000000                OSPI_DEVICE_1_LENGTH = 0x0
                0x00004000                FLASH_IMAGE_START = 0x4000
                0x00000100                VECTOR_TABLE_LENGTH = 0x100
                0x00000400                BSP_CFG_STACK_MAIN_BYTES = 0x400
START GROUP
LOAD c:/users/nick/.platformio/packages/toolchain-gccarmnoneeabi/bin/../lib/gcc/arm-none-eabi/7.2.1/thumb/v7e-m/fpv4-sp/hard\libgcc.a
LOAD c:/users/nick/.platformio/packages/toolchain-gccarmnoneeabi/bin/../lib/gcc/arm-none-eabi/7.2.1/../../../../arm-none-eabi/lib/thumb/v7e-m/fpv4-sp/hard\libc.a
LOAD c:/users/nick/.platformio/packages/toolchain-gccarmnoneeabi/bin/../lib/gcc/arm-none-eabi/7.2.1/../../../../arm-none-eabi/lib/thumb/v7e-m/fpv4-sp/hard\libm.a
LOAD c:/users/nick/.platformio/packages/toolchain-gccarmnoneeabi/bin/../lib/gcc/arm-none-eabi/7.2.1/../../../../arm-none-eabi/lib/thumb/v7e-m/fpv4-sp/hard\libnosys.a
END GROUP

.text           0x00004000    0x12954
                0x00000000                __tz_FLASH_S = ABSOLUTE (FLASH_START)
                0x00004000                __ROM_Start = .
 *(.sketch_boot)
                0x00004000                . = ALIGN (0x800)
 *(.fixed_vectors*)
 .fixed_vectors
                0x00004000       0x40 C:\Users\Nick\.platformio\packages\framework-arduinorenesas-uno\variants\UNOWIFIR4\libs\libfsp.a(startup.o)
                0x00004000                __Vectors
 *(.application_vectors*)
 .application_vectors
                0x00004040       0x80 .pio\build\uno_r4_wifi\libFrameworkArduino.a(vector_table.c.o)
                0x00004040                g_vector_table
                0x000040c0                __Vectors_End = .
 *(.text*)
 .text          0x000040c0       0x40 c:/users/nick/.platformio/packages/toolchain-gccarmnoneeabi/bin/../lib/gcc/arm-none-eabi/7.2.1/thumb/v7e-m/fpv4-sp/hard/crtbegin.o
 .text._ZNSt17_Function_handlerIFv21socketIOmessageType_tPhjEPS2_E9_M_invokeERKSt9_Any_dataOS0_OS1_Oj
                0x00004100       0x12 .pio\build\uno_r4_wifi\src\main.cpp.o
                0x00004100                std::_Function_handler<void (socketIOmessageType_t, unsigned char*, unsigned int), void (*)(socketIOmessageType_t, unsigned char*, unsigned int)>::_M_invoke(std::_Any_data const&, socketIOmessageType_t&&, unsigned char*&&, unsigned int&&)
 .text._ZNSt14_Function_base13_Base_managerIPFv21socketIOmessageType_tPhjEE10_M_managerERSt9_Any_dataRKS6_St18_Manager_operation
                0x00004112       0x16 .pio\build\uno_r4_wifi\src\main.cpp.o
                0x00004112                std::_Function_base::_Base_manager<void (*)(socketIOmessageType_t, unsigned char*, unsigned int)>::_M_manager(std::_Any_data&, std::_Any_data const&, std::_Manager_operation)
 .text._Z13socketIOEvent21socketIOmessageType_tPhj
                0x00004128       0x40 .pio\build\uno_r4_wifi\src\main.cpp.o
                0x00004128                socketIOEvent(socketIOmessageType_t, unsigned char*, unsigned int)
 .text.loop     0x00004168       0x10 .pio\build\uno_r4_wifi\src\main.cpp.o
                0x00004168                loop
 .text._ZNSt8functionIFv21socketIOmessageType_tPhjEEC2IPS2_vvEET_
                0x00004178       0x1c .pio\build\uno_r4_wifi\src\main.cpp.o
                0x00004178                std::function<void (socketIOmessageType_t, unsigned char*, unsigned int)>::function<void (*)(socketIOmessageType_t, unsigned char*, unsigned int), void, void>(void (*)(socketIOmessageType_t, unsigned char*, unsigned int))
                0x00004178                std::function<void (socketIOmessageType_t, unsigned char*, unsigned int)>::function<void (*)(socketIOmessageType_t, unsigned char*, unsigned int), void, void>(void (*)(socketIOmessageType_t, unsigned char*, unsigned int))
 .text.setup    0x00004194      0x178 .pio\build\uno_r4_wifi\src\main.cpp.o
                0x00004194                setup
 .text._Z41__static_initialization_and_destruction_0ii
                0x0000430c       0x34 .pio\build\uno_r4_wifi\src\main.cpp.o
 .text._GLOBAL__sub_I_socketIO
                0x00004340        0xe .pio\build\uno_r4_wifi\src\main.cpp.o
 .text._GLOBAL__sub_D_socketIO
                0x0000434e        0xe .pio\build\uno_r4_wifi\src\main.cpp.o
 .text._ZN5CWifiC2Ev
                0x0000435c       0x60 .pio\build\uno_r4_wifi\lib5c2\libWiFiS3.a(WiFi.cpp.o)
                0x0000435c                CWifi::CWifi()
                0x0000435c                CWifi::CWifi()
 .text._Z41__static_initialization_and_destruction_0ii
                0x000043bc       0xac .pio\build\uno_r4_wifi\lib5c2\libWiFiS3.a(WiFi.cpp.o)
 .text._ZNSt7__cxx1112basic_stringIcSt11char_traitsIcESaIcEE9_M_createERjj
                0x00004468       0x34 .pio\build\uno_r4_wifi\lib5c2\libWiFiS3.a(WiFi.cpp.o)
                0x00004468                std::__cxx11::basic_string<char, std::char_traits<char>, std::allocator<char> >::_M_create(unsigned int&, unsigned int)
 .text._ZNSt7__cxx1112basic_stringIcSt11char_traitsIcESaIcEE12_M_constructIPKcEEvT_S8_St20forward_iterator_tag
                0x0000449c       0x5c .pio\build\uno_r4_wifi\lib5c2\libWiFiS3.a(WiFi.cpp.o)
                0x0000449c                void std::__cxx11::basic_string<char, std::char_traits<char>, std::allocator<char> >::_M_construct<char const*>(char const*, char const*, std::forward_iterator_tag)
 .text._ZN5CWifi6statusEv
                0x000044f8       0x84 .pio\build\uno_r4_wifi\lib5c2\libWiFiS3.a(WiFi.cpp.o)
                0x000044f8                CWifi::status()
 .text._ZN5CWifi15firmwareVersionEv
                0x0000457c       0x9c .pio\build\uno_r4_wifi\lib5c2\libWiFiS3.a(WiFi.cpp.o)
                0x0000457c                CWifi::firmwareVersion()
 .text._ZN5CWifi7localIPEv
                0x00004618      0x158 .pio\build\uno_r4_wifi\lib5c2\libWiFiS3.a(WiFi.cpp.o)
                0x00004618                CWifi::localIP()
 .text._ZN5CWifi5beginEPKcS1_
                0x00004770      0x130 .pio\build\uno_r4_wifi\lib5c2\libWiFiS3.a(WiFi.cpp.o)
                0x00004770                CWifi::begin(char const*, char const*)
 .text._ZNSt7__cxx1112basic_stringIcSt11char_traitsIcESaIcEE9_M_mutateEjjPKcj
                0x000048a0       0xa6 .pio\build\uno_r4_wifi\lib5c2\libWiFiS3.a(WiFi.cpp.o)
                0x000048a0                std::__cxx11::basic_string<char, std::char_traits<char>, std::allocator<char> >::_M_mutate(unsigned int, unsigned int, char const*, unsigned int)
 .text._ZNSt7__cxx1112basic_stringIcSt11char_traitsIcESaIcEE9_M_assignERKS4_
                0x00004946       0x6c .pio\build\uno_r4_wifi\lib5c2\libWiFiS3.a(WiFi.cpp.o)
                0x00004946                std::__cxx11::basic_string<char, std::char_traits<char>, std::allocator<char> >::_M_assign(std::__cxx11::basic_string<char, std::char_traits<char>, std::allocator<char> > const&)
 .text._GLOBAL__sub_I__ZN5CWifiC2Ev
                0x000049b2        0xe .pio\build\uno_r4_wifi\lib5c2\libWiFiS3.a(WiFi.cpp.o)
 .text._GLOBAL__sub_D__ZN5CWifiC2Ev
                0x000049c0        0xe .pio\build\uno_r4_wifi\lib5c2\libWiFiS3.a(WiFi.cpp.o)
 .text._ZN10ModemClassC2EP4UART
                0x000049ce       0x24 .pio\build\uno_r4_wifi\lib5c2\libWiFiS3.a(Modem.cpp.o)
                0x000049ce                ModemClass::ModemClass(UART*)
                0x000049ce                ModemClass::ModemClass(UART*)
 .text._ZN10ModemClassD2Ev
                0x000049f2       0x1a .pio\build\uno_r4_wifi\lib5c2\libWiFiS3.a(Modem.cpp.o)
                0x000049f2                ModemClass::~ModemClass()
                0x000049f2                ModemClass::~ModemClass()
 .text._Z41__static_initialization_and_destruction_0ii
                0x00004a0c       0x38 .pio\build\uno_r4_wifi\lib5c2\libWiFiS3.a(Modem.cpp.o)
 .text._ZN10ModemClass12write_nowaitERKNSt7__cxx1112basic_stringIcSt11char_traitsIcESaIcEEERS5_PKcz
                0x00004a44       0x70 .pio\build\uno_r4_wifi\lib5c2\libWiFiS3.a(Modem.cpp.o)
                0x00004a44                ModemClass::write_nowait(std::__cxx11::basic_string<char, std::char_traits<char>, std::allocator<char> > const&, std::__cxx11::basic_string<char, std::char_traits<char>, std::allocator<char> >&, char const*, ...)
 .text._ZNKSt7__cxx1112basic_stringIcSt11char_traitsIcESaIcEE5rfindEPKcjj
                0x00004ab4       0x4e .pio\build\uno_r4_wifi\lib5c2\libWiFiS3.a(Modem.cpp.o)
                0x00004ab4                std::__cxx11::basic_string<char, std::char_traits<char>, std::allocator<char> >::rfind(char const*, unsigned int, unsigned int) const
 .text._ZNKSt7__cxx1112basic_stringIcSt11char_traitsIcESaIcEE4findEPKcjj
                0x00004b02       0x7a .pio\build\uno_r4_wifi\lib5c2\libWiFiS3.a(Modem.cpp.o)
                0x00004b02                std::__cxx11::basic_string<char, std::char_traits<char>, std::allocator<char> >::find(char const*, unsigned int, unsigned int) const
 .text._ZNKSt7__cxx1112basic_stringIcSt11char_traitsIcESaIcEE7compareEPKc
                0x00004b7c       0x38 .pio\build\uno_r4_wifi\lib5c2\libWiFiS3.a(Modem.cpp.o)
                0x00004b7c                std::__cxx11::basic_string<char, std::char_traits<char>, std::allocator<char> >::compare(char const*) const
 .text._ZN10ModemClass21read_by_size_finishedERNSt7__cxx1112basic_stringIcSt11char_traitsIcESaIcEEE
                0x00004bb4      0x144 .pio\build\uno_r4_wifi\lib5c2\libWiFiS3.a(Modem.cpp.o)
                0x00004bb4                ModemClass::read_by_size_finished(std::__cxx11::basic_string<char, std::char_traits<char>, std::allocator<char> >&)
 .text._ZN10ModemClass11passthroughEPKhj
                0x00004cf8      0x128 .pio\build\uno_r4_wifi\lib5c2\libWiFiS3.a(Modem.cpp.o)
                0x00004cf8                ModemClass::passthrough(unsigned char const*, unsigned int)
 .text._ZN10ModemClass8buf_readERKNSt7__cxx1112basic_stringIcSt11char_traitsIcESaIcEEERS5_
                0x00004e20      0x3b4 .pio\build\uno_r4_wifi\lib5c2\libWiFiS3.a(Modem.cpp.o)
                0x00004e20                ModemClass::buf_read(std::__cxx11::basic_string<char, std::char_traits<char>, std::allocator<char> > const&, std::__cxx11::basic_string<char, std::char_traits<char>, std::allocator<char> >&)
 .text._ZN10ModemClass5writeERKNSt7__cxx1112basic_stringIcSt11char_traitsIcESaIcEEERS5_PKcz
                0x000051d4       0x8c .pio\build\uno_r4_wifi\lib5c2\libWiFiS3.a(Modem.cpp.o)
                0x000051d4                ModemClass::write(std::__cxx11::basic_string<char, std::char_traits<char>, std::allocator<char> > const&, std::__cxx11::basic_string<char, std::char_traits<char>, std::allocator<char> >&, char const*, ...)
 .text._ZN10ModemClass5beginEi
                0x00005260       0x88 .pio\build\uno_r4_wifi\lib5c2\libWiFiS3.a(Modem.cpp.o)
                0x00005260                ModemClass::begin(int)
 .text._GLOBAL__sub_I__ZN10ModemClassC2Eii
                0x000052e8        0xe .pio\build\uno_r4_wifi\lib5c2\libWiFiS3.a(Modem.cpp.o)
 .text._GLOBAL__sub_D__ZN10ModemClassC2Eii
                0x000052f6        0xe .pio\build\uno_r4_wifi\lib5c2\libWiFiS3.a(Modem.cpp.o)
 .text._ZSt9__find_ifIN9__gnu_cxx17__normal_iteratorIPcNSt7__cxx1112basic_stringIcSt11char_traitsIcESaIcEEEEENS0_5__ops10_Iter_predIZ5ltrimRS8_EUlhE_EEET_SF_SF_T0_St26random_access_iterator_tag
                0x00005304       0x8c .pio\build\uno_r4_wifi\lib5c2\libWiFiS3.a(StringHelpers.cpp.o)
 .text._ZSt9__find_ifISt16reverse_iteratorIN9__gnu_cxx17__normal_iteratorIPcNSt7__cxx1112basic_stringIcSt11char_traitsIcESaIcEEEEEENS1_5__ops10_Iter_predIZ5rtrimRS9_EUlhE_EEET_SH_SH_T0_St26random_access_iterator_tag
                0x00005390       0xe2 .pio\build\uno_r4_wifi\lib5c2\libWiFiS3.a(StringHelpers.cpp.o)
 .text._ZNSt7__cxx1112basic_stringIcSt11char_traitsIcESaIcEE8_M_eraseEjj
                0x00005472       0x36 .pio\build\uno_r4_wifi\lib5c2\libWiFiS3.a(StringHelpers.cpp.o)
                0x00005472                std::__cxx11::basic_string<char, std::char_traits<char>, std::allocator<char> >::_M_erase(unsigned int, unsigned int)
 .text._Z5rtrimRNSt7__cxx1112basic_stringIcSt11char_traitsIcESaIcEEE
                0x000054a8       0x32 .pio\build\uno_r4_wifi\lib5c2\libWiFiS3.a(StringHelpers.cpp.o)
                0x000054a8                rtrim(std::__cxx11::basic_string<char, std::char_traits<char>, std::allocator<char> >&)
 .text._Z5ltrimRNSt7__cxx1112basic_stringIcSt11char_traitsIcESaIcEEE
                0x000054da       0x34 .pio\build\uno_r4_wifi\lib5c2\libWiFiS3.a(StringHelpers.cpp.o)
                0x000054da                ltrim(std::__cxx11::basic_string<char, std::char_traits<char>, std::allocator<char> >&)
 .text._Z4trimRNSt7__cxx1112basic_stringIcSt11char_traitsIcESaIcEEE
                0x0000550e       0x10 .pio\build\uno_r4_wifi\lib5c2\libWiFiS3.a(StringHelpers.cpp.o)
                0x0000550e                trim(std::__cxx11::basic_string<char, std::char_traits<char>, std::allocator<char> >&)
 *fill*         0x0000551e        0x2 ff
 .text._Z13removeAtBeginRNSt7__cxx1112basic_stringIcSt11char_traitsIcESaIcEEERKS4_
                0x00005520       0xb8 .pio\build\uno_r4_wifi\lib5c2\libWiFiS3.a(StringHelpers.cpp.o)
                0x00005520                removeAtBegin(std::__cxx11::basic_string<char, std::char_traits<char>, std::allocator<char> >&, std::__cxx11::basic_string<char, std::char_traits<char>, std::allocator<char> > const&)
 .text._ZN14SocketIOclientD2Ev
                0x000055d8       0x28 .pio\build\uno_r4_wifi\libc2b\libarduinoWebSockets-2.6.1.a(SocketIOclient.cpp.o)
                0x000055d8                SocketIOclient::~SocketIOclient()
                0x000055d8                SocketIOclient::~SocketIOclient()
 .text._ZN14SocketIOclientD0Ev
                0x00005600       0x16 .pio\build\uno_r4_wifi\libc2b\libarduinoWebSockets-2.6.1.a(SocketIOclient.cpp.o)
                0x00005600                SocketIOclient::~SocketIOclient()
 *fill*         0x00005616        0x2 ff
 .text._ZN14SocketIOclientC2Ev
                0x00005618       0x28 .pio\build\uno_r4_wifi\libc2b\libarduinoWebSockets-2.6.1.a(SocketIOclient.cpp.o)
                0x00005618                SocketIOclient::SocketIOclient()
                0x00005618                SocketIOclient::SocketIOclient()
 .text._ZN14SocketIOclient16configureEIOpingEb
                0x00005640        0x6 .pio\build\uno_r4_wifi\libc2b\libarduinoWebSockets-2.6.1.a(SocketIOclient.cpp.o)
                0x00005640                SocketIOclient::configureEIOping(bool)
 *fill*         0x00005646        0x2 ff
 .text._ZN14SocketIOclient10initClientEv
                0x00005648       0x38 .pio\build\uno_r4_wifi\libc2b\libarduinoWebSockets-2.6.1.a(SocketIOclient.cpp.o)
                0x00005648                SocketIOclient::initClient()
 .text._ZN14SocketIOclient5beginEPKctS1_S1_mmh
                0x00005680       0x26 .pio\build\uno_r4_wifi\libc2b\libarduinoWebSockets-2.6.1.a(SocketIOclient.cpp.o)
                0x00005680                SocketIOclient::begin(char const*, unsigned short, char const*, char const*, unsigned long, unsigned long, unsigned char)
 .text._ZN14SocketIOclient20setReconnectIntervalEm
                0x000056a6        0x8 .pio\build\uno_r4_wifi\libc2b\libarduinoWebSockets-2.6.1.a(SocketIOclient.cpp.o)
                0x000056a6                SocketIOclient::setReconnectInterval(unsigned long)
 .text._ZN14SocketIOclient4sendE21socketIOmessageType_tPhjb
                0x000056ae       0xa0 .pio\build\uno_r4_wifi\libc2b\libarduinoWebSockets-2.6.1.a(SocketIOclient.cpp.o)
                0x000056ae                SocketIOclient::send(socketIOmessageType_t, unsigned char*, unsigned int, bool)
 .text._ZN14SocketIOclient4sendE21socketIOmessageType_tPKcj
                0x0000574e       0x10 .pio\build\uno_r4_wifi\libc2b\libarduinoWebSockets-2.6.1.a(SocketIOclient.cpp.o)
                0x0000574e                SocketIOclient::send(socketIOmessageType_t, char const*, unsigned int)
 .text._ZN14SocketIOclient4loopEv
                0x0000575e       0x3c .pio\build\uno_r4_wifi\libc2b\libarduinoWebSockets-2.6.1.a(SocketIOclient.cpp.o)
                0x0000575e                SocketIOclient::loop()
 *fill*         0x0000579a        0x2 ff
 .text._ZN14SocketIOclient13handleCbEventE8WStype_tPhj
                0x0000579c       0x80 .pio\build\uno_r4_wifi\libc2b\libarduinoWebSockets-2.6.1.a(SocketIOclient.cpp.o)
                0x0000579c                SocketIOclient::handleCbEvent(WStype_t, unsigned char*, unsigned int)
 .text._ZN14SocketIOclient10runCbEventE8WStype_tPhj
                0x0000581c        0x8 .pio\build\uno_r4_wifi\libc2b\libarduinoWebSockets-2.6.1.a(SocketIOclient.cpp.o)
                0x0000581c                SocketIOclient::runCbEvent(WStype_t, unsigned char*, unsigned int)
 .text._ZNKSt8functionIFv21socketIOmessageType_tPhjEEclES0_S1_j
                0x00005824       0x24 .pio\build\uno_r4_wifi\libc2b\libarduinoWebSockets-2.6.1.a(SocketIOclient.cpp.o)
                0x00005824                std::function<void (socketIOmessageType_t, unsigned char*, unsigned int)>::operator()(socketIOmessageType_t, unsigned char*, unsigned int) const
 .text._ZN14SocketIOclient12runIOCbEventE21socketIOmessageType_tPhj
                0x00005848       0x12 .pio\build\uno_r4_wifi\libc2b\libarduinoWebSockets-2.6.1.a(SocketIOclient.cpp.o)
                0x00005848                SocketIOclient::runIOCbEvent(socketIOmessageType_t, unsigned char*, unsigned int)
 .text._ZNSt8functionIFv21socketIOmessageType_tPhjEEC2ERKS3_
                0x0000585a       0x1e .pio\build\uno_r4_wifi\libc2b\libarduinoWebSockets-2.6.1.a(SocketIOclient.cpp.o)
                0x0000585a                std::function<void (socketIOmessageType_t, unsigned char*, unsigned int)>::function(std::function<void (socketIOmessageType_t, unsigned char*, unsigned int)> const&)
                0x0000585a                std::function<void (socketIOmessageType_t, unsigned char*, unsigned int)>::function(std::function<void (socketIOmessageType_t, unsigned char*, unsigned int)> const&)
 .text._ZN14SocketIOclient7onEventESt8functionIFv21socketIOmessageType_tPhjEE
                0x00005878       0x48 .pio\build\uno_r4_wifi\libc2b\libarduinoWebSockets-2.6.1.a(SocketIOclient.cpp.o)
                0x00005878                SocketIOclient::onEvent(std::function<void (socketIOmessageType_t, unsigned char*, unsigned int)>)
 .text._ZNSt17_Function_handlerIFvP10WSclient_tbESt5_BindIFM10WebSocketsFvS1_bPhEPS4_St12_PlaceholderILi1EES9_ILi2EES5_EEE9_M_invokeERKSt9_Any_dataOS1_Ob
                0x000058c0       0x2e .pio\build\uno_r4_wifi\libc2b\libarduinoWebSockets-2.6.1.a(WebSockets.cpp.o)
                0x000058c0                std::_Function_handler<void (WSclient_t*, bool), std::_Bind<void (WebSockets::*(WebSockets*, std::_Placeholder<1>, std::_Placeholder<2>, unsigned char*))(WSclient_t*, bool, unsigned char*)> >::_M_invoke(std::_Any_data const&, WSclient_t*&&, bool&&)
 *fill*         0x000058ee        0x2 ff
 .text._ZNSt8functionIFvP10WSclient_tbEEC2ISt5_BindIFZN10WebSockets22handleWebsocketWaitForES1_jEUlPS6_jS1_bE_S7_jSt12_PlaceholderILi1EES9_ILi2EEEEvvEET_
                0x000058f0       0x30 .pio\build\uno_r4_wifi\libc2b\libarduinoWebSockets-2.6.1.a(WebSockets.cpp.o)
 .text._ZNSt14_Function_base13_Base_managerISt5_BindIFZN10WebSockets22handleWebsocketWaitForEP10WSclient_tjEUlPS2_jS4_bE_S5_jSt12_PlaceholderILi1EES7_ILi2EEEEE10_M_managerERSt9_Any_dataRKSD_St18_Manager_operation
                0x00005920       0x3a .pio\build\uno_r4_wifi\libc2b\libarduinoWebSockets-2.6.1.a(WebSockets.cpp.o)
 .text._ZNSt14_Function_base13_Base_managerISt5_BindIFM10WebSocketsFvP10WSclient_tbPhEPS2_St12_PlaceholderILi1EES9_ILi2EES5_EEE10_M_managerERSt9_Any_dataRKSF_St18_Manager_operation
                0x0000595a       0x3a .pio\build\uno_r4_wifi\libc2b\libarduinoWebSockets-2.6.1.a(WebSockets.cpp.o)
                0x0000595a                std::_Function_base::_Base_manager<std::_Bind<void (WebSockets::*(WebSockets*, std::_Placeholder<1>, std::_Placeholder<2>, unsigned char*))(WSclient_t*, bool, unsigned char*)> >::_M_manager(std::_Any_data&, std::_Any_data const&, std::_Manager_operation)
 .text._ZN10WebSockets5writeEP10WSclient_tPhj
                0x00005994       0x74 .pio\build\uno_r4_wifi\libc2b\libarduinoWebSockets-2.6.1.a(WebSockets.cpp.o)
                0x00005994                WebSockets::write(WSclient_t*, unsigned char*, unsigned int)
 .text._ZN10WebSockets12createHeaderEPh10WSopcode_tjbS0_b
                0x00005a08       0xa2 .pio\build\uno_r4_wifi\libc2b\libarduinoWebSockets-2.6.1.a(WebSockets.cpp.o)
                0x00005a08                WebSockets::createHeader(unsigned char*, WSopcode_t, unsigned int, bool, unsigned char*, bool)
 .text._ZN10WebSockets15sendFrameHeaderEP10WSclient_t10WSopcode_tjb
                0x00005aaa       0x48 .pio\build\uno_r4_wifi\libc2b\libarduinoWebSockets-2.6.1.a(WebSockets.cpp.o)
                0x00005aaa                WebSockets::sendFrameHeader(WSclient_t*, WSopcode_t, unsigned int, bool)
 .text._ZN10WebSockets9sendFrameEP10WSclient_t10WSopcode_tPhjbb
                0x00005af2       0xec .pio\build\uno_r4_wifi\libc2b\libarduinoWebSockets-2.6.1.a(WebSockets.cpp.o)
                0x00005af2                WebSockets::sendFrame(WSclient_t*, WSopcode_t, unsigned char*, unsigned int, bool, bool)
 .text._ZN10WebSockets16clientDisconnectEP10WSclient_ttPcj
                0x00005bde       0x5a .pio\build\uno_r4_wifi\libc2b\libarduinoWebSockets-2.6.1.a(WebSockets.cpp.o)
                0x00005bde                WebSockets::clientDisconnect(WSclient_t*, unsigned short, char*, unsigned int)
 .text._ZN10WebSockets24handleWebsocketPayloadCbEP10WSclient_tbPh
                0x00005c38      0x104 .pio\build\uno_r4_wifi\libc2b\libarduinoWebSockets-2.6.1.a(WebSockets.cpp.o)
                0x00005c38                WebSockets::handleWebsocketPayloadCb(WSclient_t*, bool, unsigned char*)
 .text._ZN10WebSockets10headerDoneEP10WSclient_t
                0x00005d3c        0xc .pio\build\uno_r4_wifi\libc2b\libarduinoWebSockets-2.6.1.a(WebSockets.cpp.o)
                0x00005d3c                WebSockets::headerDone(WSclient_t*)
 .text._ZN10WebSockets13base64_encodeEPhj
                0x00005d48       0x98 .pio\build\uno_r4_wifi\libc2b\libarduinoWebSockets-2.6.1.a(WebSockets.cpp.o)
                0x00005d48                WebSockets::base64_encode(unsigned char*, unsigned int)
 .text._ZN10WebSockets9acceptKeyERN7arduino6StringE
                0x00005de0       0x54 .pio\build\uno_r4_wifi\libc2b\libarduinoWebSockets-2.6.1.a(WebSockets.cpp.o)
                0x00005de0                WebSockets::acceptKey(arduino::String&)
 .text._ZN10WebSockets5writeEP10WSclient_tPKc
                0x00005e34       0x2a .pio\build\uno_r4_wifi\libc2b\libarduinoWebSockets-2.6.1.a(WebSockets.cpp.o)
                0x00005e34                WebSockets::write(WSclient_t*, char const*)
 .text._ZN10WebSockets15enableHeartbeatEP10WSclient_tmmh
                0x00005e5e       0x1a .pio\build\uno_r4_wifi\libc2b\libarduinoWebSockets-2.6.1.a(WebSockets.cpp.o)
                0x00005e5e                WebSockets::enableHeartbeat(WSclient_t*, unsigned long, unsigned long, unsigned char)
 .text._ZN10WebSockets15handleHBTimeoutEP10WSclient_t
                0x00005e78       0x66 .pio\build\uno_r4_wifi\libc2b\libarduinoWebSockets-2.6.1.a(WebSockets.cpp.o)
                0x00005e78                WebSockets::handleHBTimeout(WSclient_t*)
 *fill*         0x00005ede        0x2 ff
 .text._ZNSt8functionIFvP10WSclient_tbEEC2ISt5_BindIFM10WebSocketsFvS1_bPhEPS6_St12_PlaceholderILi1EESB_ILi2EES7_EEvvEET_
                0x00005ee0       0x38 .pio\build\uno_r4_wifi\libc2b\libarduinoWebSockets-2.6.1.a(WebSockets.cpp.o)
                0x00005ee0                std::function<void (WSclient_t*, bool)>::function<std::_Bind<void (WebSockets::*(WebSockets*, std::_Placeholder<1>, std::_Placeholder<2>, unsigned char*))(WSclient_t*, bool, unsigned char*)>, void, void>(std::_Bind<void (WebSockets::*(WebSockets*, std::_Placeholder<1>, std::_Placeholder<2>, unsigned char*))(WSclient_t*, bool, unsigned char*)>)
                0x00005ee0                std::function<void (WSclient_t*, bool)>::function<std::_Bind<void (WebSockets::*(WebSockets*, std::_Placeholder<1>, std::_Placeholder<2>, unsigned char*))(WSclient_t*, bool, unsigned char*)>, void, void>(std::_Bind<void (WebSockets::*(WebSockets*, std::_Placeholder<1>, std::_Placeholder<2>, unsigned char*))(WSclient_t*, bool, unsigned char*)>)
 .text._ZNKSt8functionIFvP10WSclient_tbEEclES1_b
                0x00005f18       0x22 .pio\build\uno_r4_wifi\libc2b\libarduinoWebSockets-2.6.1.a(WebSockets.cpp.o)
                0x00005f18                std::function<void (WSclient_t*, bool)>::operator()(WSclient_t*, bool) const
 .text._ZN10WebSockets6readCbEP10WSclient_tPhjSt8functionIFvS1_bEE
                0x00005f3a       0xda .pio\build\uno_r4_wifi\libc2b\libarduinoWebSockets-2.6.1.a(WebSockets.cpp.o)
                0x00005f3a                WebSockets::readCb(WSclient_t*, unsigned char*, unsigned int, std::function<void (WSclient_t*, bool)>)
 .text._ZN10WebSockets22handleWebsocketWaitForEP10WSclient_tj
                0x00006014       0x72 .pio\build\uno_r4_wifi\libc2b\libarduinoWebSockets-2.6.1.a(WebSockets.cpp.o)
                0x00006014                WebSockets::handleWebsocketWaitFor(WSclient_t*, unsigned int)
 *fill*         0x00006086        0x2 ff
 .text._ZN10WebSockets17handleWebsocketCbEP10WSclient_t
                0x00006088      0x1a4 .pio\build\uno_r4_wifi\libc2b\libarduinoWebSockets-2.6.1.a(WebSockets.cpp.o)
                0x00006088                WebSockets::handleWebsocketCb(WSclient_t*)
 .text._ZN10WebSockets15handleWebsocketEP10WSclient_t
                0x0000622c       0x10 .pio\build\uno_r4_wifi\libc2b\libarduinoWebSockets-2.6.1.a(WebSockets.cpp.o)
                0x0000622c                WebSockets::handleWebsocket(WSclient_t*)
 .text._ZNSt17_Function_handlerIFvP10WSclient_tbESt5_BindIFZN10WebSockets22handleWebsocketWaitForES1_jEUlPS4_jS1_bE_S5_jSt12_PlaceholderILi1EES7_ILi2EEEEE9_M_invokeERKSt9_Any_dataOS1_Ob
                0x0000623c       0x2e .pio\build\uno_r4_wifi\libc2b\libarduinoWebSockets-2.6.1.a(WebSockets.cpp.o)
 .text._ZN16WebSocketsClient15messageReceivedEP10WSclient_t10WSopcode_tPhjb
                0x0000626a       0x50 .pio\build\uno_r4_wifi\libc2b\libarduinoWebSockets-2.6.1.a(WebSocketsClient.cpp.o)
                0x0000626a                WebSocketsClient::messageReceived(WSclient_t*, WSopcode_t, unsigned char*, unsigned int, bool)
 .text._ZN16WebSocketsClient17clientIsConnectedEP10WSclient_t
                0x000062ba       0x46 .pio\build\uno_r4_wifi\libc2b\libarduinoWebSockets-2.6.1.a(WebSocketsClient.cpp.o)
                0x000062ba                WebSocketsClient::clientIsConnected(WSclient_t*)
 .text._ZN16WebSocketsClient16clientDisconnectEP10WSclient_t
                0x00006300       0x88 .pio\build\uno_r4_wifi\libc2b\libarduinoWebSockets-2.6.1.a(WebSocketsClient.cpp.o)
                0x00006300                WebSocketsClient::clientDisconnect(WSclient_t*)
 .text._ZN16WebSocketsClientC2Ev
                0x00006388       0xe8 .pio\build\uno_r4_wifi\libc2b\libarduinoWebSockets-2.6.1.a(WebSocketsClient.cpp.o)
                0x00006388                WebSocketsClient::WebSocketsClient()
                0x00006388                WebSocketsClient::WebSocketsClient()
 .text._ZN16WebSocketsClient5beginEPKctS1_S1_
                0x00006470       0x94 .pio\build\uno_r4_wifi\libc2b\libarduinoWebSockets-2.6.1.a(WebSocketsClient.cpp.o)
                0x00006470                WebSocketsClient::begin(char const*, unsigned short, char const*, char const*)
 .text._ZN16WebSocketsClient13beginSocketIOEPKctS1_S1_
                0x00006504       0x16 .pio\build\uno_r4_wifi\libc2b\libarduinoWebSockets-2.6.1.a(WebSocketsClient.cpp.o)
                0x00006504                WebSocketsClient::beginSocketIO(char const*, unsigned short, char const*, char const*)
 .text._ZN16WebSocketsClient7sendTXTEPhjb
                0x0000651a       0x4c .pio\build\uno_r4_wifi\libc2b\libarduinoWebSockets-2.6.1.a(WebSocketsClient.cpp.o)
                0x0000651a                WebSocketsClient::sendTXT(unsigned char*, unsigned int, bool)
 .text._ZN16WebSocketsClient7sendTXTEPKcj
                0x00006566        0xa .pio\build\uno_r4_wifi\libc2b\libarduinoWebSockets-2.6.1.a(WebSocketsClient.cpp.o)
                0x00006566                WebSocketsClient::sendTXT(char const*, unsigned int)
 .text._ZN16WebSocketsClient7sendTXTEc
                0x00006570       0x22 .pio\build\uno_r4_wifi\libc2b\libarduinoWebSockets-2.6.1.a(WebSocketsClient.cpp.o)
                0x00006570                WebSocketsClient::sendTXT(char)
 .text._ZN16WebSocketsClient8sendPingEPhj
                0x00006592       0x4c .pio\build\uno_r4_wifi\libc2b\libarduinoWebSockets-2.6.1.a(WebSocketsClient.cpp.o)
                0x00006592                WebSocketsClient::sendPing(unsigned char*, unsigned int)
 .text._ZN16WebSocketsClient10disconnectEv
                0x000065de       0x2a .pio\build\uno_r4_wifi\libc2b\libarduinoWebSockets-2.6.1.a(WebSocketsClient.cpp.o)
                0x000065de                WebSocketsClient::disconnect()
 .text._ZN16WebSocketsClientD2Ev
                0x00006608       0x74 .pio\build\uno_r4_wifi\libc2b\libarduinoWebSockets-2.6.1.a(WebSocketsClient.cpp.o)
                0x00006608                WebSocketsClient::~WebSocketsClient()
                0x00006608                WebSocketsClient::~WebSocketsClient()
 .text._ZN16WebSocketsClientD0Ev
                0x0000667c       0x14 .pio\build\uno_r4_wifi\libc2b\libarduinoWebSockets-2.6.1.a(WebSocketsClient.cpp.o)
                0x0000667c                WebSocketsClient::~WebSocketsClient()
 .text._ZN16WebSocketsClient20setReconnectIntervalEm
                0x00006690        0x6 .pio\build\uno_r4_wifi\libc2b\libarduinoWebSockets-2.6.1.a(WebSocketsClient.cpp.o)
                0x00006690                WebSocketsClient::setReconnectInterval(unsigned long)
 *fill*         0x00006696        0x2 ff
 .text._ZN16WebSocketsClient10sendHeaderEP10WSclient_t
                0x00006698      0x25c .pio\build\uno_r4_wifi\libc2b\libarduinoWebSockets-2.6.1.a(WebSocketsClient.cpp.o)
                0x00006698                WebSocketsClient::sendHeader(WSclient_t*)
 .text._ZN16WebSocketsClient12handleHeaderEP10WSclient_tPN7arduino6StringE
                0x000068f4      0x44c .pio\build\uno_r4_wifi\libc2b\libarduinoWebSockets-2.6.1.a(WebSocketsClient.cpp.o)
                0x000068f4                WebSocketsClient::handleHeader(WSclient_t*, arduino::String*)
 .text._ZN16WebSocketsClient16handleClientDataEv
                0x00006d40       0xd4 .pio\build\uno_r4_wifi\libc2b\libarduinoWebSockets-2.6.1.a(WebSocketsClient.cpp.o)
                0x00006d40                WebSocketsClient::handleClientData()
 .text._ZN16WebSocketsClient11connectedCbEv
                0x00006e14       0x1e .pio\build\uno_r4_wifi\libc2b\libarduinoWebSockets-2.6.1.a(WebSocketsClient.cpp.o)
                0x00006e14                WebSocketsClient::connectedCb()
 .text._ZN16WebSocketsClient12handleHBPingEv
                0x00006e32       0x54 .pio\build\uno_r4_wifi\libc2b\libarduinoWebSockets-2.6.1.a(WebSocketsClient.cpp.o)
                0x00006e32                WebSocketsClient::handleHBPing()
 .text._ZN16WebSocketsClient4loopEv
                0x00006e86       0x8c .pio\build\uno_r4_wifi\libc2b\libarduinoWebSockets-2.6.1.a(WebSocketsClient.cpp.o)
                0x00006e86                WebSocketsClient::loop()
 .text._ZN16WebSocketsClient15enableHeartbeatEmmh
                0x00006f12       0x18 .pio\build\uno_r4_wifi\libc2b\libarduinoWebSockets-2.6.1.a(WebSocketsClient.cpp.o)
                0x00006f12                WebSocketsClient::enableHeartbeat(unsigned long, unsigned long, unsigned char)
 .text._ZNKSt8functionIFv8WStype_tPhjEEclES0_S1_j
                0x00006f2a       0x24 .pio\build\uno_r4_wifi\libc2b\libarduinoWebSockets-2.6.1.a(WebSocketsClient.cpp.o)
                0x00006f2a                std::function<void (WStype_t, unsigned char*, unsigned int)>::operator()(WStype_t, unsigned char*, unsigned int) const
 .text._ZN16WebSocketsClient10runCbEventE8WStype_tPhj
                0x00006f4e       0x10 .pio\build\uno_r4_wifi\libc2b\libarduinoWebSockets-2.6.1.a(WebSocketsClient.cpp.o)
                0x00006f4e                WebSocketsClient::runCbEvent(WStype_t, unsigned char*, unsigned int)
 .text.base64_init_encodestate
                0x00006f5e        0xa .pio\build\uno_r4_wifi\libc2b\libarduinoWebSockets-2.6.1.a(cencode.c.o)
                0x00006f5e                base64_init_encodestate
 .text.base64_encode_value
                0x00006f68       0x14 .pio\build\uno_r4_wifi\libc2b\libarduinoWebSockets-2.6.1.a(cencode.c.o)
                0x00006f68                base64_encode_value
 .text.base64_encode_block
                0x00006f7c       0xe6 .pio\build\uno_r4_wifi\libc2b\libarduinoWebSockets-2.6.1.a(cencode.c.o)
                0x00006f7c                base64_encode_block
 .text.base64_encode_blockend
                0x00007062       0x42 .pio\build\uno_r4_wifi\libc2b\libarduinoWebSockets-2.6.1.a(cencode.c.o)
                0x00007062                base64_encode_blockend
 .text.SHA1Transform
                0x000070a4     0x1160 .pio\build\uno_r4_wifi\libc2b\libarduinoWebSockets-2.6.1.a(libsha1.c.o)
                0x000070a4                SHA1Transform
 .text.SHA1Init
                0x00008204       0x34 .pio\build\uno_r4_wifi\libc2b\libarduinoWebSockets-2.6.1.a(libsha1.c.o)
                0x00008204                SHA1Init
 .text.SHA1Update
                0x00008238       0x7c .pio\build\uno_r4_wifi\libc2b\libarduinoWebSockets-2.6.1.a(libsha1.c.o)
                0x00008238                SHA1Update
 .text.SHA1Final
                0x000082b4       0xa8 .pio\build\uno_r4_wifi\libc2b\libarduinoWebSockets-2.6.1.a(libsha1.c.o)
                0x000082b4                SHA1Final
 .text.main     0x0000835c        0xa .pio\build\uno_r4_wifi\libFrameworkArduinoVariant.a(main.c.o)
                0x0000835c                main
 .text._ZN7arduino5Print17availableForWriteEv
                0x00008366        0x4 .pio\build\uno_r4_wifi\libFrameworkArduino.a(Serial.cpp.o)
                0x00008366                arduino::Print::availableForWrite()
 .text._ZN4UARTcvbEv
                0x0000836a        0x4 .pio\build\uno_r4_wifi\libFrameworkArduino.a(Serial.cpp.o)
                0x0000836a                UART::operator bool()
 .text._ZN4UART5beginEm
                0x0000836e        0xe .pio\build\uno_r4_wifi\libFrameworkArduino.a(Serial.cpp.o)
                0x0000836e                UART::begin(unsigned long)
 .text._ZN4UART5writeEh
                0x0000837c       0x36 .pio\build\uno_r4_wifi\libFrameworkArduino.a(Serial.cpp.o)
                0x0000837c                UART::write(unsigned char)
 .text._ZN4UART13setUpUartIrqsER11st_uart_cfg
                0x000083b2       0x12 .pio\build\uno_r4_wifi\libFrameworkArduino.a(Serial.cpp.o)
                0x000083b2                UART::setUpUartIrqs(st_uart_cfg&)
 .text._ZN4UART5writeEPhj
                0x000083c4       0x2a .pio\build\uno_r4_wifi\libFrameworkArduino.a(Serial.cpp.o)
                0x000083c4                UART::write(unsigned char*, unsigned int)
 *fill*         0x000083ee        0x2 ff
 .text._ZN4UART8cfg_pinsEi
                0x000083f0      0x13c .pio\build\uno_r4_wifi\libFrameworkArduino.a(Serial.cpp.o)
                0x000083f0                UART::cfg_pins(int)
 .text._ZN4UART9write_rawEPhj
                0x0000852c       0x26 .pio\build\uno_r4_wifi\libFrameworkArduino.a(Serial.cpp.o)
                0x0000852c                UART::write_raw(unsigned char*, unsigned int)
 .text._ZN7arduino11RingBufferNILi512EE17availableForStoreEv
                0x00008552        0xa .pio\build\uno_r4_wifi\libFrameworkArduino.a(Serial.cpp.o)
                0x00008552                arduino::RingBufferN<512>::availableForStore()
 .text._ZN7arduino11RingBufferNILi512EE5clearEv
                0x0000855c       0x10 .pio\build\uno_r4_wifi\libFrameworkArduino.a(Serial.cpp.o)
                0x0000855c                arduino::RingBufferN<512>::clear()
 .text._ZN7arduino11RingBufferNILi512EEC2Ev
                0x0000856c       0x18 .pio\build\uno_r4_wifi\libFrameworkArduino.a(Serial.cpp.o)
                0x0000856c                arduino::RingBufferN<512>::RingBufferN()
                0x0000856c                arduino::RingBufferN<512>::RingBufferN()
 .text._ZN4UARTC2Eiiii
                0x00008584       0x4c .pio\build\uno_r4_wifi\libFrameworkArduino.a(Serial.cpp.o)
                0x00008584                UART::UART(int, int, int, int)
                0x00008584                UART::UART(int, int, int, int)
 .text._ZN4UART5beginEmt
                0x000085d0      0x1d8 .pio\build\uno_r4_wifi\libFrameworkArduino.a(Serial.cpp.o)
                0x000085d0                UART::begin(unsigned long, unsigned short)
 .text._ZN4UART3endEv
                0x000087a8       0x1c .pio\build\uno_r4_wifi\libFrameworkArduino.a(Serial.cpp.o)
                0x000087a8                UART::end()
 .text._ZN7arduino11RingBufferNILi512EE4peekEv
                0x000087c4       0x14 .pio\build\uno_r4_wifi\libFrameworkArduino.a(Serial.cpp.o)
                0x000087c4                arduino::RingBufferN<512>::peek()
 .text._ZN4UART4peekEv
                0x000087d8        0xa .pio\build\uno_r4_wifi\libFrameworkArduino.a(Serial.cpp.o)
                0x000087d8                UART::peek()
 .text._ZN7arduino11RingBufferNILi512EE9availableEv
                0x000087e2        0x6 .pio\build\uno_r4_wifi\libFrameworkArduino.a(Serial.cpp.o)
                0x000087e2                arduino::RingBufferN<512>::available()
 .text._ZN7arduino15SafeRingBufferNILi512EE9availableEv
                0x000087e8       0x38 .pio\build\uno_r4_wifi\libFrameworkArduino.a(Serial.cpp.o)
                0x000087e8                arduino::SafeRingBufferN<512>::available()
 .text._ZN4UART9availableEv
                0x00008820        0xa .pio\build\uno_r4_wifi\libFrameworkArduino.a(Serial.cpp.o)
                0x00008820                UART::available()
 .text._ZN4UART5flushEv
                0x0000882a       0x12 .pio\build\uno_r4_wifi\libFrameworkArduino.a(Serial.cpp.o)
                0x0000882a                UART::flush()
 .text._ZN7arduino11RingBufferNILi512EE6isFullEv
                0x0000883c       0x10 .pio\build\uno_r4_wifi\libFrameworkArduino.a(Serial.cpp.o)
                0x0000883c                arduino::RingBufferN<512>::isFull()
 .text._ZN7arduino11RingBufferNILi512EE9nextIndexEi
                0x0000884c        0x8 .pio\build\uno_r4_wifi\libFrameworkArduino.a(Serial.cpp.o)
                0x0000884c                arduino::RingBufferN<512>::nextIndex(int)
 .text._ZN7arduino11RingBufferNILi512EE10store_charEh
                0x00008854       0x2c .pio\build\uno_r4_wifi\libFrameworkArduino.a(Serial.cpp.o)
                0x00008854                arduino::RingBufferN<512>::store_char(unsigned char)
 .text._ZN7arduino15SafeRingBufferNILi512EE10store_charEh
                0x00008880       0x34 .pio\build\uno_r4_wifi\libFrameworkArduino.a(Serial.cpp.o)
                0x00008880                arduino::SafeRingBufferN<512>::store_char(unsigned char)
 .text._ZN4UART15WrapperCallbackEP20st_uart_callback_arg
                0x000088b4       0x44 .pio\build\uno_r4_wifi\libFrameworkArduino.a(Serial.cpp.o)
                0x000088b4                UART::WrapperCallback(st_uart_callback_arg*)
 .text._ZN7arduino11RingBufferNILi512EE9read_charEv
                0x000088f8       0x30 .pio\build\uno_r4_wifi\libFrameworkArduino.a(Serial.cpp.o)
                0x000088f8                arduino::RingBufferN<512>::read_char()
 .text._ZN7arduino15SafeRingBufferNILi512EE9read_charEv
                0x00008928       0x38 .pio\build\uno_r4_wifi\libFrameworkArduino.a(Serial.cpp.o)
                0x00008928                arduino::SafeRingBufferN<512>::read_char()
 .text._ZN4UART4readEv
                0x00008960        0xa .pio\build\uno_r4_wifi\libFrameworkArduino.a(Serial.cpp.o)
                0x00008960                UART::read()
 *fill*         0x0000896a        0x2 ff
 .text._Z41__static_initialization_and_destruction_0ii
                0x0000896c       0x2c .pio\build\uno_r4_wifi\libFrameworkArduino.a(SerialObj1.cpp.o)
 .text._GLOBAL__sub_I__UART1_
                0x00008998        0xe .pio\build\uno_r4_wifi\libFrameworkArduino.a(SerialObj1.cpp.o)
 *fill*         0x000089a6        0x2 ff
 .text._Z41__static_initialization_and_destruction_0ii
                0x000089a8       0x2c .pio\build\uno_r4_wifi\libFrameworkArduino.a(SerialObj3.cpp.o)
 .text._GLOBAL__sub_I__UART3_
                0x000089d4        0xe .pio\build\uno_r4_wifi\libFrameworkArduino.a(SerialObj3.cpp.o)
 .text._ZL4trngv
                0x000089e2       0x28 .pio\build\uno_r4_wifi\libFrameworkArduino.a(WMath.cpp.o)
 *fill*         0x00008a0a        0x2 ff
 .text._Z10randomSeedm
                0x00008a0c       0x18 .pio\build\uno_r4_wifi\libFrameworkArduino.a(WMath.cpp.o)
                0x00008a0c                randomSeed(unsigned long)
 .text._Z6randoml
                0x00008a24       0x2c .pio\build\uno_r4_wifi\libFrameworkArduino.a(WMath.cpp.o)
                0x00008a24                random(long)
 .text._ZNK7arduino9IPAddress7printToERNS_5PrintE
                0x00008a50      0x18e .pio\build\uno_r4_wifi\libFrameworkArduino.a(IPAddress.cpp.o)
                0x00008a50                arduino::IPAddress::printTo(arduino::Print&) const
 *fill*         0x00008bde        0x2 ff
 .text._ZN7arduino9IPAddressC2ENS_6IPTypeE
                0x00008be0       0x1c .pio\build\uno_r4_wifi\libFrameworkArduino.a(IPAddress.cpp.o)
                0x00008be0                arduino::IPAddress::IPAddress(arduino::IPType)
                0x00008be0                arduino::IPAddress::IPAddress(arduino::IPType)
 .text._ZN7arduino9IPAddressC2Ev
                0x00008bfc        0xe .pio\build\uno_r4_wifi\libFrameworkArduino.a(IPAddress.cpp.o)
                0x00008bfc                arduino::IPAddress::IPAddress()
                0x00008bfc                arduino::IPAddress::IPAddress()
 *fill*         0x00008c0a        0x2 ff
 .text._ZN7arduino9IPAddressC2Ehhhh
                0x00008c0c       0x30 .pio\build\uno_r4_wifi\libFrameworkArduino.a(IPAddress.cpp.o)
                0x00008c0c                arduino::IPAddress::IPAddress(unsigned char, unsigned char, unsigned char, unsigned char)
                0x00008c0c                arduino::IPAddress::IPAddress(unsigned char, unsigned char, unsigned char, unsigned char)
 .text._Z41__static_initialization_and_destruction_0ii
                0x00008c3c       0x38 .pio\build\uno_r4_wifi\libFrameworkArduino.a(IPAddress.cpp.o)
 .text._ZNK7arduino9IPAddress9toString4Ev
                0x00008c74       0x34 .pio\build\uno_r4_wifi\libFrameworkArduino.a(IPAddress.cpp.o)
                0x00008c74                arduino::IPAddress::toString4() const
 .text._ZNK7arduino9IPAddress9toString6Ev
                0x00008ca8       0x84 .pio\build\uno_r4_wifi\libFrameworkArduino.a(IPAddress.cpp.o)
                0x00008ca8                arduino::IPAddress::toString6() const
 .text._ZNK7arduino9IPAddress8toStringEv
                0x00008d2c       0x16 .pio\build\uno_r4_wifi\libFrameworkArduino.a(IPAddress.cpp.o)
                0x00008d2c                arduino::IPAddress::toString() const
 .text._ZN7arduino9IPAddress11fromString4EPKc
                0x00008d42       0x8c .pio\build\uno_r4_wifi\libFrameworkArduino.a(IPAddress.cpp.o)
                0x00008d42                arduino::IPAddress::fromString4(char const*)
 .text._ZN7arduino9IPAddress11fromString6EPKc
                0x00008dce      0x136 .pio\build\uno_r4_wifi\libFrameworkArduino.a(IPAddress.cpp.o)
                0x00008dce                arduino::IPAddress::fromString6(char const*)
 .text._ZN7arduino9IPAddress10fromStringEPKc
                0x00008f04       0x1e .pio\build\uno_r4_wifi\libFrameworkArduino.a(IPAddress.cpp.o)
                0x00008f04                arduino::IPAddress::fromString(char const*)
 .text._ZNK7arduino9IPAddresseqERKS0_
                0x00008f22       0x24 .pio\build\uno_r4_wifi\libFrameworkArduino.a(IPAddress.cpp.o)
                0x00008f22                arduino::IPAddress::operator==(arduino::IPAddress const&) const
 .text._GLOBAL__sub_I__ZN7arduino9IPAddressC2Ev
                0x00008f46        0xe .pio\build\uno_r4_wifi\libFrameworkArduino.a(IPAddress.cpp.o)
 .text._ZN7arduino5Print5writeEPKhj
                0x00008f54       0x24 .pio\build\uno_r4_wifi\libFrameworkArduino.a(Print.cpp.o)
                0x00008f54                arduino::Print::write(unsigned char const*, unsigned int)
 .text._ZN7arduino5Print5printEPKc
                0x00008f78       0x20 .pio\build\uno_r4_wifi\libFrameworkArduino.a(Print.cpp.o)
                0x00008f78                arduino::Print::print(char const*)
 .text._ZN7arduino5Print5printEc
                0x00008f98        0xc .pio\build\uno_r4_wifi\libFrameworkArduino.a(Print.cpp.o)
                0x00008f98                arduino::Print::print(char)
 .text._ZN7arduino5Print5printERKNS_9PrintableE
                0x00008fa4       0x10 .pio\build\uno_r4_wifi\libFrameworkArduino.a(Print.cpp.o)
                0x00008fa4                arduino::Print::print(arduino::Printable const&)
 .text._ZN7arduino5Print7printlnEv
                0x00008fb4       0x20 .pio\build\uno_r4_wifi\libFrameworkArduino.a(Print.cpp.o)
                0x00008fb4                arduino::Print::println()
 .text._ZN7arduino5Print7printlnEPKc
                0x00008fd4       0x14 .pio\build\uno_r4_wifi\libFrameworkArduino.a(Print.cpp.o)
                0x00008fd4                arduino::Print::println(char const*)
 .text._ZN7arduino5Print7printlnERKNS_9PrintableE
                0x00008fe8       0x14 .pio\build\uno_r4_wifi\libFrameworkArduino.a(Print.cpp.o)
                0x00008fe8                arduino::Print::println(arduino::Printable const&)
 .text._ZN7arduino5Print11printNumberEmh
                0x00008ffc       0x54 .pio\build\uno_r4_wifi\libFrameworkArduino.a(Print.cpp.o)
                0x00008ffc                arduino::Print::printNumber(unsigned long, unsigned char)
 .text._ZN7arduino5Print5printEmi
                0x00009050       0x16 .pio\build\uno_r4_wifi\libFrameworkArduino.a(Print.cpp.o)
                0x00009050                arduino::Print::print(unsigned long, int)
 .text._ZN7arduino5Print5printEhi
                0x00009066        0x8 .pio\build\uno_r4_wifi\libFrameworkArduino.a(Print.cpp.o)
                0x00009066                arduino::Print::print(unsigned char, int)
 .text._ZN7arduino6Stream9timedReadEv
                0x0000906e       0x2a .pio\build\uno_r4_wifi\libFrameworkArduino.a(Stream.cpp.o)
                0x0000906e                arduino::Stream::timedRead()
 .text._ZN7arduino6Stream10setTimeoutEm
                0x00009098        0x4 .pio\build\uno_r4_wifi\libFrameworkArduino.a(Stream.cpp.o)
                0x00009098                arduino::Stream::setTimeout(unsigned long)
 .text._ZN7arduino6Stream9readBytesEPcj
                0x0000909c       0x24 .pio\build\uno_r4_wifi\libFrameworkArduino.a(Stream.cpp.o)
                0x0000909c                arduino::Stream::readBytes(char*, unsigned int)
 .text._ZN7arduino6Stream15readStringUntilEc
                0x000090c0       0x34 .pio\build\uno_r4_wifi\libFrameworkArduino.a(Stream.cpp.o)
                0x000090c0                arduino::Stream::readStringUntil(char)
 .text._ZN7arduino6StringC2EOS0_
                0x000090f4       0x16 .pio\build\uno_r4_wifi\libFrameworkArduino.a(String.cpp.o)
                0x000090f4                arduino::String::String(arduino::String&&)
                0x000090f4                arduino::String::String(arduino::String&&)
 .text._ZN7arduino6StringD2Ev
                0x0000910a       0x10 .pio\build\uno_r4_wifi\libFrameworkArduino.a(String.cpp.o)
                0x0000910a                arduino::String::~String()
                0x0000910a                arduino::String::~String()
 .text._ZN7arduino6String10invalidateEv
                0x0000911a       0x16 .pio\build\uno_r4_wifi\libFrameworkArduino.a(String.cpp.o)
                0x0000911a                arduino::String::invalidate()
 .text._ZN7arduino6String12changeBufferEj
                0x00009130       0x1c .pio\build\uno_r4_wifi\libFrameworkArduino.a(String.cpp.o)
                0x00009130                arduino::String::changeBuffer(unsigned int)
 .text._ZN7arduino6String7reserveEj
                0x0000914c       0x2a .pio\build\uno_r4_wifi\libFrameworkArduino.a(String.cpp.o)
                0x0000914c                arduino::String::reserve(unsigned int)
 .text._ZN7arduino6String4copyEPKcj
                0x00009176       0x30 .pio\build\uno_r4_wifi\libFrameworkArduino.a(String.cpp.o)
                0x00009176                arduino::String::copy(char const*, unsigned int)
 .text._ZN7arduino6StringC2EPKc
                0x000091a6       0x24 .pio\build\uno_r4_wifi\libFrameworkArduino.a(String.cpp.o)
                0x000091a6                arduino::String::String(char const*)
                0x000091a6                arduino::String::String(char const*)
 .text._ZN7arduino6String4moveERS0_
                0x000091ca       0x28 .pio\build\uno_r4_wifi\libFrameworkArduino.a(String.cpp.o)
                0x000091ca                arduino::String::move(arduino::String&)
 .text._ZN7arduino6StringaSERKS0_
                0x000091f2       0x1e .pio\build\uno_r4_wifi\libFrameworkArduino.a(String.cpp.o)
                0x000091f2                arduino::String::operator=(arduino::String const&)
 .text._ZN7arduino6StringC2ERKS0_
                0x00009210       0x14 .pio\build\uno_r4_wifi\libFrameworkArduino.a(String.cpp.o)
                0x00009210                arduino::String::String(arduino::String const&)
                0x00009210                arduino::String::String(arduino::String const&)
 .text._ZN7arduino6StringaSEOS0_
                0x00009224        0xc .pio\build\uno_r4_wifi\libFrameworkArduino.a(String.cpp.o)
                0x00009224                arduino::String::operator=(arduino::String&&)
 .text._ZN7arduino6StringaSEPKc
                0x00009230       0x22 .pio\build\uno_r4_wifi\libFrameworkArduino.a(String.cpp.o)
                0x00009230                arduino::String::operator=(char const*)
 .text._ZN7arduino6String6concatEPKcj
                0x00009252       0x42 .pio\build\uno_r4_wifi\libFrameworkArduino.a(String.cpp.o)
                0x00009252                arduino::String::concat(char const*, unsigned int)
 .text._ZN7arduino6String6concatERKS0_
                0x00009294        0xc .pio\build\uno_r4_wifi\libFrameworkArduino.a(String.cpp.o)
                0x00009294                arduino::String::concat(arduino::String const&)
 .text._ZN7arduino6String6concatEPKc
                0x000092a0       0x1e .pio\build\uno_r4_wifi\libFrameworkArduino.a(String.cpp.o)
                0x000092a0                arduino::String::concat(char const*)
 .text._ZN7arduino6String6concatEc
                0x000092be       0x18 .pio\build\uno_r4_wifi\libFrameworkArduino.a(String.cpp.o)
                0x000092be                arduino::String::concat(char)
 .text._ZN7arduino6String6concatEi
                0x000092d6       0x1c .pio\build\uno_r4_wifi\libFrameworkArduino.a(String.cpp.o)
                0x000092d6                arduino::String::concat(int)
 .text._ZN7arduinoplERKNS_15StringSumHelperEPKc
                0x000092f2       0x16 .pio\build\uno_r4_wifi\libFrameworkArduino.a(String.cpp.o)
                0x000092f2                arduino::operator+(arduino::StringSumHelper const&, char const*)
 .text._ZN7arduinoplERKNS_15StringSumHelperEi
                0x00009308       0x16 .pio\build\uno_r4_wifi\libFrameworkArduino.a(String.cpp.o)
                0x00009308                arduino::operator+(arduino::StringSumHelper const&, int)
 .text._ZNK7arduino6String9compareToERKS0_
                0x0000931e       0x34 .pio\build\uno_r4_wifi\libFrameworkArduino.a(String.cpp.o)
                0x0000931e                arduino::String::compareTo(arduino::String const&) const
 .text._ZNK7arduino6String9compareToEPKc
                0x00009352       0x30 .pio\build\uno_r4_wifi\libFrameworkArduino.a(String.cpp.o)
                0x00009352                arduino::String::compareTo(char const*) const
 .text._ZNK7arduino6String6equalsERKS0_
                0x00009382       0x1c .pio\build\uno_r4_wifi\libFrameworkArduino.a(String.cpp.o)
                0x00009382                arduino::String::equals(arduino::String const&) const
 .text._ZNK7arduino6String16equalsIgnoreCaseERKS0_
                0x0000939e       0x48 .pio\build\uno_r4_wifi\libFrameworkArduino.a(String.cpp.o)
                0x0000939e                arduino::String::equalsIgnoreCase(arduino::String const&) const
 .text._ZNK7arduino6String10startsWithERKS0_j
                0x000093e6       0x32 .pio\build\uno_r4_wifi\libFrameworkArduino.a(String.cpp.o)
                0x000093e6                arduino::String::startsWith(arduino::String const&, unsigned int) const
 .text._ZNK7arduino6String10startsWithERKS0_
                0x00009418       0x16 .pio\build\uno_r4_wifi\libFrameworkArduino.a(String.cpp.o)
                0x00009418                arduino::String::startsWith(arduino::String const&) const
 *fill*         0x0000942e        0x2 ff
 .text._ZN7arduino6StringixEj
                0x00009430       0x1c .pio\build\uno_r4_wifi\libFrameworkArduino.a(String.cpp.o)
                0x00009430                arduino::String::operator[](unsigned int)
 .text._ZNK7arduino6String7indexOfEcj
                0x0000944c       0x28 .pio\build\uno_r4_wifi\libFrameworkArduino.a(String.cpp.o)
                0x0000944c                arduino::String::indexOf(char, unsigned int) const
 .text._ZNK7arduino6String7indexOfEc
                0x00009474        0xa .pio\build\uno_r4_wifi\libFrameworkArduino.a(String.cpp.o)
                0x00009474                arduino::String::indexOf(char) const
 .text._ZNK7arduino6String7indexOfERKS0_j
                0x0000947e       0x2a .pio\build\uno_r4_wifi\libFrameworkArduino.a(String.cpp.o)
                0x0000947e                arduino::String::indexOf(arduino::String const&, unsigned int) const
 .text._ZNK7arduino6String7indexOfERKS0_
                0x000094a8        0xa .pio\build\uno_r4_wifi\libFrameworkArduino.a(String.cpp.o)
                0x000094a8                arduino::String::indexOf(arduino::String const&) const
 *fill*         0x000094b2        0x2 ff
 .text._ZNK7arduino6String9substringEjj
                0x000094b4       0x3c .pio\build\uno_r4_wifi\libFrameworkArduino.a(String.cpp.o)
                0x000094b4                arduino::String::substring(unsigned int, unsigned int) const
 .text._ZN7arduino6String6removeEjj
                0x000094f0       0x32 .pio\build\uno_r4_wifi\libFrameworkArduino.a(String.cpp.o)
                0x000094f0                arduino::String::remove(unsigned int, unsigned int)
 .text._ZN7arduino6String4trimEv
                0x00009522       0x52 .pio\build\uno_r4_wifi\libFrameworkArduino.a(String.cpp.o)
                0x00009522                arduino::String::trim()
 .text._ZNK7arduino6String5toIntEv
                0x00009574       0x10 .pio\build\uno_r4_wifi\libFrameworkArduino.a(String.cpp.o)
                0x00009574                arduino::String::toInt() const
 .text.ltoa     0x00009584       0x7a .pio\build\uno_r4_wifi\libFrameworkArduino.a(itoa.c.o)
                0x00009584                ltoa
 .text.itoa     0x000095fe        0x8 .pio\build\uno_r4_wifi\libFrameworkArduino.a(itoa.c.o)
                0x000095fe                itoa
 *fill*         0x00009606        0x2 ff
 .text._Z5_initv
                0x00009608       0x30 .pio\build\uno_r4_wifi\libFrameworkArduino.a(main.cpp.o)
                0x00009608                _init()
 .text._Z12arduino_mainv
                0x00009638       0xa4 .pio\build\uno_r4_wifi\libFrameworkArduino.a(main.cpp.o)
                0x00009638                arduino_main()
 .text._write   0x000096dc       0x10 .pio\build\uno_r4_wifi\libFrameworkArduino.a(main.cpp.o)
                0x000096dc                _write
 .text.hal_entry
                0x000096ec        0x6 .pio\build\uno_r4_wifi\libFrameworkArduino.a(main.cpp.o)
                0x000096ec                hal_entry
 .text.atexit   0x000096f2        0x4 .pio\build\uno_r4_wifi\libFrameworkArduino.a(main.cpp.o)
                0x000096f2                atexit
 *fill*         0x000096f6        0x2 ff
 .text._ZL21timer_micros_callbackP22st_timer_callback_args
                0x000096f8       0x10 .pio\build\uno_r4_wifi\libFrameworkArduino.a(time.cpp.o)
 .text._Z41__static_initialization_and_destruction_0ii
                0x00009708       0x34 .pio\build\uno_r4_wifi\libFrameworkArduino.a(time.cpp.o)
 .text.delayMicroseconds
                0x0000973c        0xa .pio\build\uno_r4_wifi\libFrameworkArduino.a(time.cpp.o)
                0x0000973c                delayMicroseconds
 .text.yield    0x00009746        0x2 .pio\build\uno_r4_wifi\libFrameworkArduino.a(time.cpp.o)
                0x00009746                yield
 .text._Z8startAgtv
                0x00009748       0x6c .pio\build\uno_r4_wifi\libFrameworkArduino.a(time.cpp.o)
                0x00009748                startAgt()
 .text.millis   0x000097b4        0xc .pio\build\uno_r4_wifi\libFrameworkArduino.a(time.cpp.o)
                0x000097b4                millis
 .text.delay    0x000097c0       0x1a .pio\build\uno_r4_wifi\libFrameworkArduino.a(time.cpp.o)
                0x000097c0                delay
 .text._GLOBAL__sub_I_delayMicroseconds
                0x000097da        0xe .pio\build\uno_r4_wifi\libFrameworkArduino.a(time.cpp.o)
 .text._GLOBAL__sub_D_delayMicroseconds
                0x000097e8        0xe .pio\build\uno_r4_wifi\libFrameworkArduino.a(time.cpp.o)
 *fill*         0x000097f6        0x2 ff
 .text._Z10getPinCfgsh11PinCfgReq_t
                0x000097f8      0x1b0 .pio\build\uno_r4_wifi\libFrameworkArduino.a(variant_helper.cpp.o)
                0x000097f8                getPinCfgs(unsigned char, PinCfgReq_t)
 .text._ZN8FspTimerC2Ev
                0x000099a8       0x18 .pio\build\uno_r4_wifi\libFrameworkArduino.a(FspTimer.cpp.o)
                0x000099a8                FspTimer::FspTimer()
                0x000099a8                FspTimer::FspTimer()
 .text._ZN8FspTimer5beginE12e_timer_modehhmm18e_timer_source_divPFvP22st_timer_callback_argsEPv
                0x000099c0      0x1a0 .pio\build\uno_r4_wifi\libFrameworkArduino.a(FspTimer.cpp.o)
                0x000099c0                FspTimer::begin(e_timer_mode, unsigned char, unsigned char, unsigned long, unsigned long, e_timer_source_div, void (*)(st_timer_callback_args*), void*)
 .text._ZN8FspTimer4openEv
                0x00009b60       0x56 .pio\build\uno_r4_wifi\libFrameworkArduino.a(FspTimer.cpp.o)
                0x00009b60                FspTimer::open()
 .text._ZN8FspTimer5startEv
                0x00009bb6       0x3c .pio\build\uno_r4_wifi\libFrameworkArduino.a(FspTimer.cpp.o)
                0x00009bb6                FspTimer::start()
 .text._ZN8FspTimer5closeEv
                0x00009bf2       0x3c .pio\build\uno_r4_wifi\libFrameworkArduino.a(FspTimer.cpp.o)
                0x00009bf2                FspTimer::close()
 *fill*         0x00009c2e        0x2 ff
 .text._ZN8FspTimer3endEv
                0x00009c30       0x48 .pio\build\uno_r4_wifi\libFrameworkArduino.a(FspTimer.cpp.o)
                0x00009c30                FspTimer::end()
 .text._ZN8FspTimerD2Ev
                0x00009c78        0xc .pio\build\uno_r4_wifi\libFrameworkArduino.a(FspTimer.cpp.o)
                0x00009c78                FspTimer::~FspTimer()
                0x00009c78                FspTimer::~FspTimer()
 .text._ZN8FspTimer15get_cfg_for_irqEv
                0x00009c84       0x22 .pio\build\uno_r4_wifi\libFrameworkArduino.a(FspTimer.cpp.o)
                0x00009c84                FspTimer::get_cfg_for_irq()
 .text._ZN8FspTimer9is_openedEv
                0x00009ca6       0x20 .pio\build\uno_r4_wifi\libFrameworkArduino.a(FspTimer.cpp.o)
                0x00009ca6                FspTimer::is_opened()
 .text._ZN8FspTimer18setup_overflow_irqEhPFvvE
                0x00009cc6       0x52 .pio\build\uno_r4_wifi\libFrameworkArduino.a(FspTimer.cpp.o)
                0x00009cc6                FspTimer::setup_overflow_irq(unsigned char, void (*)())
 .text._ZN10IRQManagerC2Ev
                0x00009d18        0x6 .pio\build\uno_r4_wifi\libFrameworkArduino.a(IRQManager.cpp.o)
                0x00009d18                IRQManager::IRQManager()
                0x00009d18                IRQManager::IRQManager()
 .text.__tcf_0  0x00009d1e        0x2 .pio\build\uno_r4_wifi\libFrameworkArduino.a(IRQManager.cpp.o)
 .text._ZN10IRQManager11getInstanceEv
                0x00009d20       0x40 .pio\build\uno_r4_wifi\libFrameworkArduino.a(IRQManager.cpp.o)
                0x00009d20                IRQManager::getInstance()
 .text._ZN10IRQManager18set_ext_link_eventEii
                0x00009d60      0x104 .pio\build\uno_r4_wifi\libFrameworkArduino.a(IRQManager.cpp.o)
                0x00009d60                IRQManager::set_ext_link_event(int, int)
 .text._ZN10IRQManager23set_gpt_over_link_eventEii
                0x00009e64       0x98 .pio\build\uno_r4_wifi\libFrameworkArduino.a(IRQManager.cpp.o)
                0x00009e64                IRQManager::set_gpt_over_link_event(int, int)
 .text._ZN10IRQManager18set_agt_link_eventEii
                0x00009efc       0x2c .pio\build\uno_r4_wifi\libFrameworkArduino.a(IRQManager.cpp.o)
                0x00009efc                IRQManager::set_agt_link_event(int, int)
 .text._ZN10IRQManager16addTimerOverflowER5timerPFvvE
                0x00009f28       0xbc .pio\build\uno_r4_wifi\libFrameworkArduino.a(IRQManager.cpp.o)
                0x00009f28                IRQManager::addTimerOverflow(timer&, void (*)())
 .text._ZN10IRQManager21set_iic_tx_link_eventEii
                0x00009fe4       0x24 .pio\build\uno_r4_wifi\libFrameworkArduino.a(IRQManager.cpp.o)
                0x00009fe4                IRQManager::set_iic_tx_link_event(int, int)
 .text._ZN10IRQManager21set_iic_rx_link_eventEii
                0x0000a008       0x24 .pio\build\uno_r4_wifi\libFrameworkArduino.a(IRQManager.cpp.o)
                0x0000a008                IRQManager::set_iic_rx_link_event(int, int)
 .text._ZN10IRQManager22set_iic_tei_link_eventEii
                0x0000a02c       0x24 .pio\build\uno_r4_wifi\libFrameworkArduino.a(IRQManager.cpp.o)
                0x0000a02c                IRQManager::set_iic_tei_link_event(int, int)
 .text._ZN10IRQManager22set_iic_eri_link_eventEii
                0x0000a050       0x24 .pio\build\uno_r4_wifi\libFrameworkArduino.a(IRQManager.cpp.o)
                0x0000a050                IRQManager::set_iic_eri_link_event(int, int)
 .text._ZN10IRQManager21set_sci_tx_link_eventEii
                0x0000a074       0x44 .pio\build\uno_r4_wifi\libFrameworkArduino.a(IRQManager.cpp.o)
                0x0000a074                IRQManager::set_sci_tx_link_event(int, int)
 .text._ZN10IRQManager21set_sci_rx_link_eventEii
                0x0000a0b8       0x44 .pio\build\uno_r4_wifi\libFrameworkArduino.a(IRQManager.cpp.o)
                0x0000a0b8                IRQManager::set_sci_rx_link_event(int, int)
 .text._ZN10IRQManager22set_sci_tei_link_eventEii
                0x0000a0fc       0x44 .pio\build\uno_r4_wifi\libFrameworkArduino.a(IRQManager.cpp.o)
                0x0000a0fc                IRQManager::set_sci_tei_link_event(int, int)
 .text._ZN10IRQManager22set_sci_eri_link_eventEii
                0x0000a140       0x44 .pio\build\uno_r4_wifi\libFrameworkArduino.a(IRQManager.cpp.o)
                0x0000a140                IRQManager::set_sci_eri_link_event(int, int)
 .text._ZN10IRQManager21set_spi_tx_link_eventEii
                0x0000a184       0x24 .pio\build\uno_r4_wifi\libFrameworkArduino.a(IRQManager.cpp.o)
                0x0000a184                IRQManager::set_spi_tx_link_event(int, int)
 .text._ZN10IRQManager21set_spi_rx_link_eventEii
                0x0000a1a8       0x24 .pio\build\uno_r4_wifi\libFrameworkArduino.a(IRQManager.cpp.o)
                0x0000a1a8                IRQManager::set_spi_rx_link_event(int, int)
 .text._ZN10IRQManager22set_spi_tei_link_eventEii
                0x0000a1cc       0x24 .pio\build\uno_r4_wifi\libFrameworkArduino.a(IRQManager.cpp.o)
                0x0000a1cc                IRQManager::set_spi_tei_link_event(int, int)
 .text._ZN10IRQManager22set_spi_eri_link_eventEii
                0x0000a1f0       0x24 .pio\build\uno_r4_wifi\libFrameworkArduino.a(IRQManager.cpp.o)
                0x0000a1f0                IRQManager::set_spi_eri_link_event(int, int)
 .text._ZN10IRQManager24set_can_error_link_eventEii
                0x0000a214       0x14 .pio\build\uno_r4_wifi\libFrameworkArduino.a(IRQManager.cpp.o)
                0x0000a214                IRQManager::set_can_error_link_event(int, int)
 .text._ZN10IRQManager21set_can_rx_link_eventEii
                0x0000a228       0x14 .pio\build\uno_r4_wifi\libFrameworkArduino.a(IRQManager.cpp.o)
                0x0000a228                IRQManager::set_can_rx_link_event(int, int)
 .text._ZN10IRQManager21set_can_tx_link_eventEii
                0x0000a23c       0x14 .pio\build\uno_r4_wifi\libFrameworkArduino.a(IRQManager.cpp.o)
                0x0000a23c                IRQManager::set_can_tx_link_event(int, int)
 .text._ZN10IRQManager13addPeripheralE12Peripheral_tPv
                0x0000a250      0xff8 .pio\build\uno_r4_wifi\libFrameworkArduino.a(IRQManager.cpp.o)
                0x0000a250                IRQManager::addPeripheral(Peripheral_t, void*)
 .text._ZL29_privateGetHwAnalogResolutionv
                0x0000b248       0x34 .pio\build\uno_r4_wifi\libFrameworkArduino.a(analog.cpp.o)
 .text._ZL21get_ADC_container_ptrlRt
                0x0000b27c       0x38 .pio\build\uno_r4_wifi\libFrameworkArduino.a(analog.cpp.o)
 .text._ZL13readAllGroupAP13ADC_Container
                0x0000b2b4       0x30 .pio\build\uno_r4_wifi\libFrameworkArduino.a(analog.cpp.o)
 .text._ZL11ADC_irq_cbkP20st_adc_callback_args
                0x0000b2e4       0x6c .pio\build\uno_r4_wifi\libFrameworkArduino.a(analog.cpp.o)
 .text._ZL10adcConvertP13ADC_Containert
                0x0000b350       0x90 .pio\build\uno_r4_wifi\libFrameworkArduino.a(analog.cpp.o)
 .text._ZN13ADC_ContainerC2EhPFvP20st_adc_callback_argsEPv
                0x0000b3e0       0x7c .pio\build\uno_r4_wifi\libFrameworkArduino.a(analog.cpp.o)
                0x0000b3e0                ADC_Container::ADC_Container(unsigned char, void (*)(st_adc_callback_args*), void*)
                0x0000b3e0                ADC_Container::ADC_Container(unsigned char, void (*)(st_adc_callback_args*), void*)
 .text._ZN13ADC_ContainerD2Ev
                0x0000b45c       0x12 .pio\build\uno_r4_wifi\libFrameworkArduino.a(analog.cpp.o)
                0x0000b45c                ADC_Container::~ADC_Container()
                0x0000b45c                ADC_Container::~ADC_Container()
 *fill*         0x0000b46e        0x2 ff
 .text._Z41__static_initialization_and_destruction_0ii
                0x0000b470       0x74 .pio\build\uno_r4_wifi\libFrameworkArduino.a(analog.cpp.o)
 .text.analogRead
                0x0000b4e4       0x40 .pio\build\uno_r4_wifi\libFrameworkArduino.a(analog.cpp.o)
                0x0000b4e4                analogRead
 .text.analogReference
                0x0000b524       0x68 .pio\build\uno_r4_wifi\libFrameworkArduino.a(analog.cpp.o)
                0x0000b524                analogReference
 *fill*         0x0000b58c        0x4 ff
 .text._Z15analogReferencev
                0x0000b590      0x114 .pio\build\uno_r4_wifi\libFrameworkArduino.a(analog.cpp.o)
                0x0000b590                analogReference()
 .text._Z23__get_timer_for_channeli
                0x0000b6a4       0x2c .pio\build\uno_r4_wifi\libFrameworkArduino.a(analog.cpp.o)
                0x0000b6a4                __get_timer_for_channel(int)
 .text._GLOBAL__sub_I__ZN13ADC_ContainerC2EhPFvP20st_adc_callback_argsEPv
                0x0000b6d0        0xe .pio\build\uno_r4_wifi\libFrameworkArduino.a(analog.cpp.o)
 .text._GLOBAL__sub_D__ZN13ADC_ContainerC2EhPFvP20st_adc_callback_argsEPv
                0x0000b6de        0xe .pio\build\uno_r4_wifi\libFrameworkArduino.a(analog.cpp.o)
 .text._Z3maplllll
                0x0000b6ec       0x1a .pio\build\uno_r4_wifi\libFrameworkArduino.a(Common.cpp.o)
                0x0000b6ec                map(long, long, long, long, long)
 .text.disassembly_ins_is_bl_blx
                0x0000b706       0x2e .pio\build\uno_r4_wifi\libFrameworkArduino.a(cm_backtrace.c.o)
 .text.statck_del_fpu_regs
                0x0000b734       0x10 .pio\build\uno_r4_wifi\libFrameworkArduino.a(cm_backtrace.c.o)
 .text.dump_stack
                0x0000b744       0x78 .pio\build\uno_r4_wifi\libFrameworkArduino.a(cm_backtrace.c.o)
 .text.fault_diagnosis
                0x0000b7bc      0x36c .pio\build\uno_r4_wifi\libFrameworkArduino.a(cm_backtrace.c.o)
 .text.cm_backtrace_init
                0x0000bb28       0x74 .pio\build\uno_r4_wifi\libFrameworkArduino.a(cm_backtrace.c.o)
                0x0000bb28                cm_backtrace_init
 .text.cm_backtrace_firmware_info
                0x0000bb9c       0x28 .pio\build\uno_r4_wifi\libFrameworkArduino.a(cm_backtrace.c.o)
                0x0000bb9c                cm_backtrace_firmware_info
 .text.cm_backtrace_call_stack
                0x0000bbc4      0x108 .pio\build\uno_r4_wifi\libFrameworkArduino.a(cm_backtrace.c.o)
                0x0000bbc4                cm_backtrace_call_stack
 .text.print_call_stack
                0x0000bccc       0x94 .pio\build\uno_r4_wifi\libFrameworkArduino.a(cm_backtrace.c.o)
 .text.cm_backtrace_fault
                0x0000bd60      0x1f0 .pio\build\uno_r4_wifi\libFrameworkArduino.a(cm_backtrace.c.o)
                0x0000bd60                cm_backtrace_fault
 .text.Stacktrace_Handler
                0x0000bf50        0xa .pio\build\uno_r4_wifi\libFrameworkArduino.a(cortex_handlers.c.o)
                0x0000bf50                Stacktrace_Handler
 *fill*         0x0000bf5a        0x2 ff
 .text._ZN4CDacC2Eh
                0x0000bf5c       0x70 .pio\build\uno_r4_wifi\libFrameworkArduino.a(dac.cpp.o)
                0x0000bf5c                CDac::CDac(unsigned char)
                0x0000bf5c                CDac::CDac(unsigned char)
 .text._Z41__static_initialization_and_destruction_0ii
                0x0000bfcc       0x20 .pio\build\uno_r4_wifi\libFrameworkArduino.a(dac.cpp.o)
 .text._GLOBAL__sub_I__ZN4CDacC2Eh
                0x0000bfec        0xe .pio\build\uno_r4_wifi\libFrameworkArduino.a(dac.cpp.o)
 *fill*         0x0000bffa        0x2 ff
 .text._Z13pinPeripheral19e_bsp_io_port_pin_tm
                0x0000bffc       0x14 .pio\build\uno_r4_wifi\libFrameworkArduino.a(pinDefinitions.cpp.o)
                0x0000bffc                pinPeripheral(e_bsp_io_port_pin_t, unsigned long)
 .text.r_spi_call_callback
                0x0000c010       0x40 C:\Users\Nick\.platformio\packages\framework-arduinorenesas-uno\variants\UNOWIFIR4\libs\libfsp.a(r_spi.o)
 .text.spi_rxi_isr
                0x0000c050       0x9c C:\Users\Nick\.platformio\packages\framework-arduinorenesas-uno\variants\UNOWIFIR4\libs\libfsp.a(r_spi.o)
                0x0000c050                spi_rxi_isr
 .text.spi_txi_isr
                0x0000c0ec       0xd8 C:\Users\Nick\.platformio\packages\framework-arduinorenesas-uno\variants\UNOWIFIR4\libs\libfsp.a(r_spi.o)
                0x0000c0ec                spi_txi_isr
 .text.spi_tei_isr
                0x0000c1c4       0xe0 C:\Users\Nick\.platformio\packages\framework-arduinorenesas-uno\variants\UNOWIFIR4\libs\libfsp.a(r_spi.o)
                0x0000c1c4                spi_tei_isr
 .text.spi_eri_isr
                0x0000c2a4       0xdc C:\Users\Nick\.platformio\packages\framework-arduinorenesas-uno\variants\UNOWIFIR4\libs\libfsp.a(r_spi.o)
                0x0000c2a4                spi_eri_isr
 .text.R_SCI_UART_Write
                0x0000c380       0xb0 C:\Users\Nick\.platformio\packages\framework-arduinorenesas-uno\variants\UNOWIFIR4\libs\libfsp.a(r_sci_uart.o)
                0x0000c380                R_SCI_UART_Write
 .text.R_SCI_UART_BaudSet
                0x0000c430       0x44 C:\Users\Nick\.platformio\packages\framework-arduinorenesas-uno\variants\UNOWIFIR4\libs\libfsp.a(r_sci_uart.o)
                0x0000c430                R_SCI_UART_BaudSet
 .text.R_SCI_UART_Close
                0x0000c474       0xd8 C:\Users\Nick\.platformio\packages\framework-arduinorenesas-uno\variants\UNOWIFIR4\libs\libfsp.a(r_sci_uart.o)
                0x0000c474                R_SCI_UART_Close
 .text.r_sci_uart_call_callback
                0x0000c54c       0x44 C:\Users\Nick\.platformio\packages\framework-arduinorenesas-uno\variants\UNOWIFIR4\libs\libfsp.a(r_sci_uart.o)
 .text.r_sci_uart_transfer_configure.isra.0
                0x0000c590       0x38 C:\Users\Nick\.platformio\packages\framework-arduinorenesas-uno\variants\UNOWIFIR4\libs\libfsp.a(r_sci_uart.o)
 .text.R_SCI_UART_Open
                0x0000c5c8      0x448 C:\Users\Nick\.platformio\packages\framework-arduinorenesas-uno\variants\UNOWIFIR4\libs\libfsp.a(r_sci_uart.o)
                0x0000c5c8                R_SCI_UART_Open
 .text.R_SCI_UART_BaudCalculate
                0x0000ca10      0x184 C:\Users\Nick\.platformio\packages\framework-arduinorenesas-uno\variants\UNOWIFIR4\libs\libfsp.a(r_sci_uart.o)
                0x0000ca10                R_SCI_UART_BaudCalculate
 .text.sci_uart_txi_isr
                0x0000cb94       0xec C:\Users\Nick\.platformio\packages\framework-arduinorenesas-uno\variants\UNOWIFIR4\libs\libfsp.a(r_sci_uart.o)
                0x0000cb94                sci_uart_txi_isr
 .text.sci_uart_rxi_isr
                0x0000cc80      0x184 C:\Users\Nick\.platformio\packages\framework-arduinorenesas-uno\variants\UNOWIFIR4\libs\libfsp.a(r_sci_uart.o)
                0x0000cc80                sci_uart_rxi_isr
 .text.sci_uart_tei_isr
                0x0000ce04       0x40 C:\Users\Nick\.platformio\packages\framework-arduinorenesas-uno\variants\UNOWIFIR4\libs\libfsp.a(r_sci_uart.o)
                0x0000ce04                sci_uart_tei_isr
 .text.sci_uart_eri_isr
                0x0000ce44       0x78 C:\Users\Nick\.platformio\packages\framework-arduinorenesas-uno\variants\UNOWIFIR4\libs\libfsp.a(r_sci_uart.o)
                0x0000ce44                sci_uart_eri_isr
 .text.r_sci_spi_call_callback
                0x0000cebc       0x40 C:\Users\Nick\.platformio\packages\framework-arduinorenesas-uno\variants\UNOWIFIR4\libs\libfsp.a(r_sci_spi.o)
 .text.sci_spi_txi_isr
                0x0000cefc       0x68 C:\Users\Nick\.platformio\packages\framework-arduinorenesas-uno\variants\UNOWIFIR4\libs\libfsp.a(r_sci_spi.o)
                0x0000cefc                sci_spi_txi_isr
 .text.sci_spi_rxi_isr
                0x0000cf64       0x74 C:\Users\Nick\.platformio\packages\framework-arduinorenesas-uno\variants\UNOWIFIR4\libs\libfsp.a(r_sci_spi.o)
                0x0000cf64                sci_spi_rxi_isr
 .text.sci_spi_tei_isr
                0x0000cfd8       0x3c C:\Users\Nick\.platformio\packages\framework-arduinorenesas-uno\variants\UNOWIFIR4\libs\libfsp.a(r_sci_spi.o)
                0x0000cfd8                sci_spi_tei_isr
 .text.sci_spi_eri_isr
                0x0000d014       0x44 C:\Users\Nick\.platformio\packages\framework-arduinorenesas-uno\variants\UNOWIFIR4\libs\libfsp.a(r_sci_spi.o)
                0x0000d014                sci_spi_eri_isr
 .text.sci_i2c_enable_transfer_support_tx
                0x0000d058       0x34 C:\Users\Nick\.platformio\packages\framework-arduinorenesas-uno\variants\UNOWIFIR4\libs\libfsp.a(r_sci_i2c.o)
 .text.sci_i2c_notify
                0x0000d08c       0x64 C:\Users\Nick\.platformio\packages\framework-arduinorenesas-uno\variants\UNOWIFIR4\libs\libfsp.a(r_sci_i2c.o)
                0x0000d08c                sci_i2c_notify
 .text.sci_i2c_rxi_isr
                0x0000d0f0       0x20 C:\Users\Nick\.platformio\packages\framework-arduinorenesas-uno\variants\UNOWIFIR4\libs\libfsp.a(r_sci_i2c.o)
                0x0000d0f0                sci_i2c_rxi_isr
 .text.sci_i2c_txi_isr
                0x0000d110      0x198 C:\Users\Nick\.platformio\packages\framework-arduinorenesas-uno\variants\UNOWIFIR4\libs\libfsp.a(r_sci_i2c.o)
                0x0000d110                sci_i2c_txi_isr
 .text.sci_i2c_tei_isr
                0x0000d2a8       0xf0 C:\Users\Nick\.platformio\packages\framework-arduinorenesas-uno\variants\UNOWIFIR4\libs\libfsp.a(r_sci_i2c.o)
                0x0000d2a8                sci_i2c_tei_isr
 .text.HW_SCE_McuSpecificInit
                0x0000d398       0x38 C:\Users\Nick\.platformio\packages\framework-arduinorenesas-uno\variants\UNOWIFIR4\libs\libfsp.a(r_sce_adapt.o)
                0x0000d398                HW_SCE_McuSpecificInit
 .text.HW_SCE_RNG_Read
                0x0000d3d0       0x14 C:\Users\Nick\.platformio\packages\framework-arduinorenesas-uno\variants\UNOWIFIR4\libs\libfsp.a(r_sce_adapt.o)
                0x0000d3d0                HW_SCE_RNG_Read
 .text.change_endian_long
                0x0000d3e4        0x4 C:\Users\Nick\.platformio\packages\framework-arduinorenesas-uno\variants\UNOWIFIR4\libs\libfsp.a(r_sce_adapt.o)
                0x0000d3e4                change_endian_long
 .text.rtc_alarm_periodic_isr
                0x0000d3e8       0x68 C:\Users\Nick\.platformio\packages\framework-arduinorenesas-uno\variants\UNOWIFIR4\libs\libfsp.a(r_rtc.o)
                0x0000d3e8                rtc_alarm_periodic_isr
 .text.rtc_carry_isr
                0x0000d450       0x2c C:\Users\Nick\.platformio\packages\framework-arduinorenesas-uno\variants\UNOWIFIR4\libs\libfsp.a(r_rtc.o)
                0x0000d450                rtc_carry_isr
 .text.R_IOPORT_PinWrite
                0x0000d47c       0x20 C:\Users\Nick\.platformio\packages\framework-arduinorenesas-uno\variants\UNOWIFIR4\libs\libfsp.a(r_ioport.o)
                0x0000d47c                R_IOPORT_PinWrite
 .text.bsp_vbatt_init
                0x0000d49c       0xac C:\Users\Nick\.platformio\packages\framework-arduinorenesas-uno\variants\UNOWIFIR4\libs\libfsp.a(r_ioport.o)
 .text.R_IOPORT_PinCfg
                0x0000d548       0xa8 C:\Users\Nick\.platformio\packages\framework-arduinorenesas-uno\variants\UNOWIFIR4\libs\libfsp.a(r_ioport.o)
                0x0000d548                R_IOPORT_PinCfg
 .text.r_iic_slave_call_callback
                0x0000d5f0       0x3c C:\Users\Nick\.platformio\packages\framework-arduinorenesas-uno\variants\UNOWIFIR4\libs\libfsp.a(r_iic_slave.o)
 .text.iic_slave_initiate_transaction
                0x0000d62c       0x74 C:\Users\Nick\.platformio\packages\framework-arduinorenesas-uno\variants\UNOWIFIR4\libs\libfsp.a(r_iic_slave.o)
 .text.iic_slave_rxi_isr
                0x0000d6a0      0x12c C:\Users\Nick\.platformio\packages\framework-arduinorenesas-uno\variants\UNOWIFIR4\libs\libfsp.a(r_iic_slave.o)
                0x0000d6a0                iic_slave_rxi_isr
 .text.iic_slave_txi_isr
                0x0000d7cc       0xa8 C:\Users\Nick\.platformio\packages\framework-arduinorenesas-uno\variants\UNOWIFIR4\libs\libfsp.a(r_iic_slave.o)
                0x0000d7cc                iic_slave_txi_isr
 .text.iic_slave_tei_isr
                0x0000d874       0x94 C:\Users\Nick\.platformio\packages\framework-arduinorenesas-uno\variants\UNOWIFIR4\libs\libfsp.a(r_iic_slave.o)
                0x0000d874                iic_slave_tei_isr
 .text.iic_slave_eri_isr
                0x0000d908      0x10c C:\Users\Nick\.platformio\packages\framework-arduinorenesas-uno\variants\UNOWIFIR4\libs\libfsp.a(r_iic_slave.o)
                0x0000d908                iic_slave_eri_isr
 .text.iic_master_notify
                0x0000da14       0x3c C:\Users\Nick\.platformio\packages\framework-arduinorenesas-uno\variants\UNOWIFIR4\libs\libfsp.a(r_iic_master.o)
 .text.iic_master_open_hw_master
                0x0000da50      0x184 C:\Users\Nick\.platformio\packages\framework-arduinorenesas-uno\variants\UNOWIFIR4\libs\libfsp.a(r_iic_master.o)
 .text.iic_master_rxi_isr
                0x0000dbd4      0x13c C:\Users\Nick\.platformio\packages\framework-arduinorenesas-uno\variants\UNOWIFIR4\libs\libfsp.a(r_iic_master.o)
                0x0000dbd4                iic_master_rxi_isr
 .text.iic_master_txi_isr
                0x0000dd10       0xec C:\Users\Nick\.platformio\packages\framework-arduinorenesas-uno\variants\UNOWIFIR4\libs\libfsp.a(r_iic_master.o)
                0x0000dd10                iic_master_txi_isr
 .text.iic_master_tei_isr
                0x0000ddfc       0xc4 C:\Users\Nick\.platformio\packages\framework-arduinorenesas-uno\variants\UNOWIFIR4\libs\libfsp.a(r_iic_master.o)
                0x0000ddfc                iic_master_tei_isr
 .text.iic_master_eri_isr
                0x0000dec0      0x140 C:\Users\Nick\.platformio\packages\framework-arduinorenesas-uno\variants\UNOWIFIR4\libs\libfsp.a(r_iic_master.o)
                0x0000dec0                iic_master_eri_isr
 .text.r_icu_isr
                0x0000e000       0x6c C:\Users\Nick\.platformio\packages\framework-arduinorenesas-uno\variants\UNOWIFIR4\libs\libfsp.a(r_icu.o)
                0x0000e000                r_icu_isr
 .text.R_GPT_Start
                0x0000e06c        0xc C:\Users\Nick\.platformio\packages\framework-arduinorenesas-uno\variants\UNOWIFIR4\libs\libfsp.a(r_gpt.o)
                0x0000e06c                R_GPT_Start
 .text.R_GPT_Enable
                0x0000e078       0x30 C:\Users\Nick\.platformio\packages\framework-arduinorenesas-uno\variants\UNOWIFIR4\libs\libfsp.a(r_gpt.o)
                0x0000e078                R_GPT_Enable
 .text.r_gpt_enable_irq
                0x0000e0a8       0x5c C:\Users\Nick\.platformio\packages\framework-arduinorenesas-uno\variants\UNOWIFIR4\libs\libfsp.a(r_gpt.o)
 .text.r_gpt_call_callback
                0x0000e104       0x3c C:\Users\Nick\.platformio\packages\framework-arduinorenesas-uno\variants\UNOWIFIR4\libs\libfsp.a(r_gpt.o)
 .text.gpt_calculate_duty_cycle.isra.0
                0x0000e140       0x78 C:\Users\Nick\.platformio\packages\framework-arduinorenesas-uno\variants\UNOWIFIR4\libs\libfsp.a(r_gpt.o)
 .text.R_GPT_Open
                0x0000e1b8      0x264 C:\Users\Nick\.platformio\packages\framework-arduinorenesas-uno\variants\UNOWIFIR4\libs\libfsp.a(r_gpt.o)
                0x0000e1b8                R_GPT_Open
 .text.R_GPT_Close
                0x0000e41c       0xd4 C:\Users\Nick\.platformio\packages\framework-arduinorenesas-uno\variants\UNOWIFIR4\libs\libfsp.a(r_gpt.o)
                0x0000e41c                R_GPT_Close
 .text.gpt_counter_overflow_isr
                0x0000e4f0       0x78 C:\Users\Nick\.platformio\packages\framework-arduinorenesas-uno\variants\UNOWIFIR4\libs\libfsp.a(r_gpt.o)
                0x0000e4f0                gpt_counter_overflow_isr
 .text.R_DAC_Open
                0x0000e568       0x88 C:\Users\Nick\.platformio\packages\framework-arduinorenesas-uno\variants\UNOWIFIR4\libs\libfsp.a(r_dac.o)
                0x0000e568                R_DAC_Open
 .text.R_DAC_Write
                0x0000e5f0        0xc C:\Users\Nick\.platformio\packages\framework-arduinorenesas-uno\variants\UNOWIFIR4\libs\libfsp.a(r_dac.o)
                0x0000e5f0                R_DAC_Write
 .text.R_DAC_Start
                0x0000e5fc       0x30 C:\Users\Nick\.platformio\packages\framework-arduinorenesas-uno\variants\UNOWIFIR4\libs\libfsp.a(r_dac.o)
                0x0000e5fc                R_DAC_Start
 .text.R_DAC_Stop
                0x0000e62c       0x34 C:\Users\Nick\.platformio\packages\framework-arduinorenesas-uno\variants\UNOWIFIR4\libs\libfsp.a(r_dac.o)
                0x0000e62c                R_DAC_Stop
 .text.R_DAC_Close
                0x0000e660       0x40 C:\Users\Nick\.platformio\packages\framework-arduinorenesas-uno\variants\UNOWIFIR4\libs\libfsp.a(r_dac.o)
                0x0000e660                R_DAC_Close
 .text.r_can_call_callback
                0x0000e6a0       0x68 C:\Users\Nick\.platformio\packages\framework-arduinorenesas-uno\variants\UNOWIFIR4\libs\libfsp.a(r_can.o)
 .text.can_error_isr
                0x0000e708       0xd4 C:\Users\Nick\.platformio\packages\framework-arduinorenesas-uno\variants\UNOWIFIR4\libs\libfsp.a(r_can.o)
                0x0000e708                can_error_isr
 .text.can_rx_isr
                0x0000e7dc      0x118 C:\Users\Nick\.platformio\packages\framework-arduinorenesas-uno\variants\UNOWIFIR4\libs\libfsp.a(r_can.o)
                0x0000e7dc                can_rx_isr
 .text.can_tx_isr
                0x0000e8f4       0xa0 C:\Users\Nick\.platformio\packages\framework-arduinorenesas-uno\variants\UNOWIFIR4\libs\libfsp.a(r_can.o)
                0x0000e8f4                can_tx_isr
 .text.R_AGT_Start
                0x0000e994       0x38 C:\Users\Nick\.platformio\packages\framework-arduinorenesas-uno\variants\UNOWIFIR4\libs\libfsp.a(r_agt.o)
                0x0000e994                R_AGT_Start
 .text.R_AGT_Enable
                0x0000e9cc       0x14 C:\Users\Nick\.platformio\packages\framework-arduinorenesas-uno\variants\UNOWIFIR4\libs\libfsp.a(r_agt.o)
                0x0000e9cc                R_AGT_Enable
 .text.R_AGT_Close
                0x0000e9e0       0x84 C:\Users\Nick\.platformio\packages\framework-arduinorenesas-uno\variants\UNOWIFIR4\libs\libfsp.a(r_agt.o)
                0x0000e9e0                R_AGT_Close
 .text.R_AGT_Open
                0x0000ea64      0x118 C:\Users\Nick\.platformio\packages\framework-arduinorenesas-uno\variants\UNOWIFIR4\libs\libfsp.a(r_agt.o)
                0x0000ea64                R_AGT_Open
 .text.agt_int_isr
                0x0000eb7c       0x88 C:\Users\Nick\.platformio\packages\framework-arduinorenesas-uno\variants\UNOWIFIR4\libs\libfsp.a(r_agt.o)
                0x0000eb7c                agt_int_isr
 .text.R_ADC_ScanStart
                0x0000ec04        0xc C:\Users\Nick\.platformio\packages\framework-arduinorenesas-uno\variants\UNOWIFIR4\libs\libfsp.a(r_adc.o)
                0x0000ec04                R_ADC_ScanStart
 .text.R_ADC_StatusGet
                0x0000ec10       0x10 C:\Users\Nick\.platformio\packages\framework-arduinorenesas-uno\variants\UNOWIFIR4\libs\libfsp.a(r_adc.o)
                0x0000ec10                R_ADC_StatusGet
 .text.R_ADC_Read
                0x0000ec20       0x10 C:\Users\Nick\.platformio\packages\framework-arduinorenesas-uno\variants\UNOWIFIR4\libs\libfsp.a(r_adc.o)
                0x0000ec20                R_ADC_Read
 .text.R_ADC_ScanCfg
                0x0000ec30      0x1a0 C:\Users\Nick\.platformio\packages\framework-arduinorenesas-uno\variants\UNOWIFIR4\libs\libfsp.a(r_adc.o)
                0x0000ec30                R_ADC_ScanCfg
 .text.R_ADC_Open
                0x0000edd0      0x240 C:\Users\Nick\.platformio\packages\framework-arduinorenesas-uno\variants\UNOWIFIR4\libs\libfsp.a(r_adc.o)
                0x0000edd0                R_ADC_Open
 .text.R_ADC_Close
                0x0000f010       0xfc C:\Users\Nick\.platformio\packages\framework-arduinorenesas-uno\variants\UNOWIFIR4\libs\libfsp.a(r_adc.o)
                0x0000f010                R_ADC_Close
 .text.bsp_prv_software_delay_loop
                0x0000f10c        0xc C:\Users\Nick\.platformio\packages\framework-arduinorenesas-uno\variants\UNOWIFIR4\libs\libfsp.a(bsp_delay.o)
                0x0000f10c                bsp_prv_software_delay_loop
 .text.R_BSP_SoftwareDelay
                0x0000f118       0x5c C:\Users\Nick\.platformio\packages\framework-arduinorenesas-uno\variants\UNOWIFIR4\libs\libfsp.a(bsp_delay.o)
                0x0000f118                R_BSP_SoftwareDelay
 .text.bsp_irq_cfg
                0x0000f174       0x2c C:\Users\Nick\.platformio\packages\framework-arduinorenesas-uno\variants\UNOWIFIR4\libs\libfsp.a(bsp_irq.o)
                0x0000f174                bsp_irq_cfg
 .text.R_BSP_RegisterProtectEnable
                0x0000f1a0       0x60 C:\Users\Nick\.platformio\packages\framework-arduinorenesas-uno\variants\UNOWIFIR4\libs\libfsp.a(bsp_register_protection.o)
                0x0000f1a0                R_BSP_RegisterProtectEnable
 .text.R_BSP_RegisterProtectDisable
                0x0000f200       0x54 C:\Users\Nick\.platformio\packages\framework-arduinorenesas-uno\variants\UNOWIFIR4\libs\libfsp.a(bsp_register_protection.o)
                0x0000f200                R_BSP_RegisterProtectDisable
 .text.Default_Handler
                0x0000f254        0x4 C:\Users\Nick\.platformio\packages\framework-arduinorenesas-uno\variants\UNOWIFIR4\libs\libfsp.a(startup.o)